08-04 21:45:01.471  1471  3177 D CompatibilityChangeReporter: Compat change id reported: 135754954; UID 10136; state: ENABLED
08-04 21:45:01.472  1471  1770 D CompatibilityChangeReporter: Compat change id reported: 143937733; UID 10136; state: ENABLED
08-04 21:45:01.473  1215  5929 D audio_hw_primary: start_output_stream: enter: stream(0xe6b1f800)usecase(2: low-latency-playback) devices(0x2) is_haptic_usecase(0)
08-04 21:45:01.473  1215  5929 D audio_hw_primary: select_devices for use case (low-latency-playback)
08-04 21:45:01.474  1215  5929 I sm8250_platform: platform_check_and_set_codec_backend_cfg:becf: afe: bitwidth 24, samplerate 48000 channels 2, backend_idx 0 usecase = 2 device (speaker)
08-04 21:45:01.474  1215  5929 D sm8250_platform: platform_split_snd_device: snd_device(2) num devices(1) new_snd_devices(0)
08-04 21:45:01.474  1215  5929 I sm8250_platform: platform_check_and_set_codec_backend_cfg: new_snd_devices[0] is 2
08-04 21:45:01.475  1215  5929 I sm8250_platform: platform_check_codec_backend_cfg:becf: afe: bitwidth 24, samplerate 48000 channels 2, backend_idx 0 usecase = 2 device (speaker)
08-04 21:45:01.475  1215  5929 D sm8250_platform: platform_check_codec_backend_cfg:becf: updated afe: bitwidth 24, samplerate 48000 channels 2,backend_idx 0 usecase = 2 device (speaker)
08-04 21:45:01.475  1215  5929 D sm8250_platform: platform_check_codec_backend_cfg:becf: afe: playback on codec device not supporting native playback set default Sample Rate(48k)
08-04 21:45:01.475  1215  5929 I sm8250_platform: platform_check_codec_backend_cfg:becf: afe: Codec selected backend: 0 updated bit width: 24 and sample rate: 48000
08-04 21:45:01.475  1215  5929 D audio_hw_primary: check_usecases_codec_backend:becf: force routing 1
08-04 21:45:01.475  1215  5929 E sm8250_platform: platform_check_backends_match: Invalid snd_device = 
08-04 21:45:01.475  1215  5929 D audio_hw_primary: check_usecases_codec_backend:becf: (81) check_usecases curr device: speaker, usecase device: backends match 0
08-04 21:45:01.475  1215  5929 D audio_hw_primary: check_usecases_codec_backend:becf: check_usecases num.of Usecases to switch 0
08-04 21:45:01.474 16561 16561 I BWU@AudioPlaybackControlManager: Ph_playerType : 11, clientPid : 19136, usage : 1, playerState : 2 [main] 
08-04 21:45:01.475  1215  5929 D hardware_info: hw_info_append_hw_type : device_name = speaker
08-04 21:45:01.475  1215  5929 V audio_hw_sec: sec_dsm_spkr_prot_control_tx_topology() enable:1, dsm_is_enabled:0
08-04 21:45:01.475  1215  5929 D hardware_info: hw_info_append_hw_type : device_name = vi-feedback
08-04 21:45:01.475  1215  5929 D audio_hw_primary: enable_snd_device: snd_device(299: vi-feedback)
08-04 21:45:01.475  1215  5929 D sm8250_platform: platform_get_island_cfg_on_device:island cfg status on snd_device = (vi-feedback 0)
08-04 21:45:01.476 16561 16561 I BWU@AudioPlaybackControlManager: Ph_com.YourCompany.macbeth_air_2 is now playing [main] 
08-04 21:45:01.480 16561 16561 I BWU@AudioPlaybackControlManager: Ph_onPlaybackConfigChanged isMusicPlaying - 1 configs counts - 8 [main] 
08-04 21:45:01.481  1215  5929 I soundtrigger: audio_extn_sound_trigger_update_device_status: device 0x12b of type 1 for Event 1, with Raise=0
08-04 21:45:01.481 16561 16561 I BWU@AudioPlaybackControlManager: Ph_currentDeviceType : 2 [main] 
08-04 21:45:01.481  1215  5929 D audio_route: Apply path: vi-feedback
08-04 21:45:01.481  1215  5929 D soundtrigger: audio_extn_sound_trigger_update_stream_status: uc_info->id 79 of type 1 for Event 3, with Raise=0
08-04 21:45:01.482  1215  5929 D audio_hw_utils: audio_extn_utils_send_app_type_cfg: usecase->in_snd_device vi-feedback
08-04 21:45:01.482  1215  5929 E voice   : voice_is_in_call_rec_stream: input stream is NULL
08-04 21:45:01.482  1215  5929 D sm8250_platform: platform_split_snd_device: snd_device(299) num devices(0) new_snd_devices(0)
08-04 21:45:01.482 16561 16561 I BWU@AudioPlaybackControlManager: Ph_isRemoteSubmix() false [main] 
08-04 21:45:01.482  1215  5929 E voice   : voice_is_in_call_rec_stream: input stream is NULL
08-04 21:45:01.482  1215  5929 I audio_hw_utils: send_app_type_cfg_for_device default app_type 69938, acdb_dev_id 102, sample_rate 48000, snd_device_be_idx 56
08-04 21:45:01.482 16561 16561 I BWU@AudioPlaybackControlManager: Ph_startAECRecording. aecType : 1 [main] 
08-04 21:45:01.482 16561 16561 I BWU@AecWakeupService: Ph_IMediaControlListener - onStartRecording() with aecType : 1 [main] 
08-04 21:45:01.482  1215  5929 D sm8250_platform: platform_split_snd_device: snd_device(299) num devices(1) new_snd_devices(0)
08-04 21:45:01.482 16561 16561 I BWU@AecWakeupService: Ph_stopRecording! isAECProcessStarted : false, requestForceStop : false, info : aecType : 1, info : null [main] 
08-04 21:45:01.483  1215  5929 D ACDB-LOADER: ACDB -> send_audio_cal, acdb_id = 102, path = 1, app id = 0x11132, sample rate = 48000, afe_sample_rate = 48000
08-04 21:45:01.483  1215  5929 D ACDB-LOADER: ACDB -> send_asm_topology
08-04 21:45:01.483  1215  5929 D ACDB-LOADER: ACDB -> ACDB_CMD_GET_AUDPROC_STREAM_TOPOLOGY_ID
08-04 21:45:01.483  1215  5929 D ACDB-LOADER: ACDB -> send_adm_topology
08-04 21:45:01.483  1215  5929 D ACDB-LOADER: ACDB -> ACDB_CMD_GET_AUDPROC_COMMON_TOPOLOGY_ID
08-04 21:45:01.483  1215  5929 D ACDB-LOADER: ACDB -> send_audtable
08-04 21:45:01.483  1215  5929 D ACDB-LOADER: ACDB -> ACDB_CMD_GET_AUDPROC_INSTANCE_COMMON_TABLE_SIZE
08-04 21:45:01.483  1215  5929 D ACDB-LOADER: ACDB -> ACDB_CMD_GET_AUDPROC_INSTANCE_COMMON_TABLE
08-04 21:45:01.483  1215  5929 D ACDB-LOADER: ACDB -> AUDIO_SET_AUDPROC_CAL cal_type[11] acdb_id[102] app_type[69938]
08-04 21:45:01.483  1215  5929 D ACDB-LOADER: ACDB -> ACDB_CMD_GET_PERSISTENT_AUDPROC_INSTANCE_COMMON_TABLE_SIZE
08-04 21:45:01.483 16561 16561 I BWU@AecWakeupService: Ph_add History 20230804_214501 (stopRecording) aecType : -1 aecType : 1, info : null, isAecRecording?false, shouldMaintainRecord?false [main] 
08-04 21:45:01.483 16561 16561 I BWU@AecWakeupService: Ph_VoiceWakeup isn't supported when media is played. [main] 
08-04 21:45:01.485  1215  5929 D android.hardware.audio.service: [Data Manager]-> No data found
08-04 21:45:01.485  1215  5929 D ACDB-LOADER: Error: ACDB_CMD_GET_PERSISTENT_AUDPROC_INSTANCE_COMMON_TABLE_SIZE returned -18
08-04 21:45:01.485  1215  5929 D ACDB-LOADER: ACDB -> send_audproc_persist_table -18 
08-04 21:45:01.485  1215  5929 D ACDB-LOADER: Error: Invalid Audproc persist size = -18
08-04 21:45:01.485  1215  5929 D ACDB-LOADER: ACDB -> ACDB_CMD_GET_AUDPROC_INSTANCE_STREAM_TABLE_SIZE
08-04 21:45:01.485  1215  5929 D ACDB-LOADER: ACDB -> send_audstrmtable
08-04 21:45:01.485  1215  5929 D ACDB-LOADER: ACDB -> ACDB_CMD_GET_AUDPROC_INSTANCE_STREAM_TABLE
08-04 21:45:01.485  1215  5929 D ACDB-LOADER: ACDB -> audstrm_cal->cal_type.cal_data.cal_size = 20
08-04 21:45:01.485  1215  5929 D ACDB-LOADER: ACDB -> send_afe_topology
08-04 21:45:01.485  1215  5929 D ACDB-LOADER: ACDB -> ACDB_CMD_GET_AFE_TOPOLOGY_ID
08-04 21:45:01.485  1215  5929 D ACDB-LOADER: ACDB -> GET_AFE_TOPOLOGY_ID for adcd_id 102, Topology Id 112fb
08-04 21:45:01.485  1215  5929 D ACDB-LOADER: ACDB -> send_afe_cal
08-04 21:45:01.485  1215  5929 D ACDB-LOADER: ACDB -> ACDB_CMD_GET_AFE_INSTANCE_COMMON_TABLE_SIZE
08-04 21:45:01.485  1215  5929 D android.hardware.audio.service: Failed to fetch the lookup information of the device 00000066 
08-04 21:45:01.485  1215  5929 D ACDB-LOADER: Error: ACDB_CMD_GET_AFE_INSTANCE_COMMON_TABLE_SIZE Returned = -19
08-04 21:45:01.485  1215  5929 D ACDB-LOADER: ACDB -> ACDB_CMD_GET_AFE_INSTANCE_COMMON_TABLE
08-04 21:45:01.485  1215  5929 D android.hardware.audio.service: Failed to fetch the lookup information of the device 00000066 
08-04 21:45:01.485  1215  5929 D ACDB-LOADER: Error: ACDB AFE returned = -19
08-04 21:45:01.485  1215  5929 D ACDB-LOADER: ACDB -> AUDIO_SET_AFE_CAL cal_type[17] acdb_id[102]
08-04 21:45:01.485  1215  5929 D ACDB-LOADER: ACDB -> send_hw_delay : acdb_id = 102 path = 1
08-04 21:45:01.485  1215  5929 D ACDB-LOADER: ACDB -> ACDB_AVSYNC_INFO: ACDB_CMD_GET_DEVICE_PROPERTY
08-04 21:45:01.485  1215  5929 D audio_hw_primary: enable_audio_route: apply mixer and update path: spkr-vi-feedback
08-04 21:45:01.485  1215  5929 D audio_route: Apply path: spkr-vi-feedback
08-04 21:45:01.486  1134  1134 D Zygote  : Forked child process 19443
08-04 21:45:01.486  1215  5929 D AudioSAEffectOffload: update offload effect: VM,0,0,0,0,2,0
08-04 21:45:01.486  1471  1770 I ActivityManager: Start proc 19443:com.sec.android.app.soundalive/u0a136 for content provider {com.sec.android.app.soundalive/com.sec.android.app.soundalive.compatibility.SAContentProvider}
08-04 21:45:01.487 19136 19364 D UE      : [2023.08.05-04.45.01:487][  0]LogChaos: FPhysicsSolverBase::AsyncDt:-1.000000
08-04 21:45:01.496  1471  4384 E KernelCpuUidFullTimeReader: Negative delta from freq time for uid: 90000, delta: -50205
08-04 21:45:01.496  1471  4384 E KernelCpuUidFullTimeReader: Negative delta from freq time for uid: 90001, delta: -129403
08-04 21:45:01.496  1471  4384 E KernelCpuUidFullTimeReader: Negative delta from freq time for uid: 90002, delta: -13916
08-04 21:45:01.496  1471  4384 E KernelCpuUidFullTimeReader: Negative delta from freq time for uid: 90003, delta: -109070
08-04 21:45:01.496  1471  4384 E KernelCpuUidFullTimeReader: Negative delta from freq time for uid: 90004, delta: -375
08-04 21:45:01.496  1471  4384 E KernelCpuUidFullTimeReader: Negative delta from freq time for uid: 90005, delta: -15541
08-04 21:45:01.496  1471  4384 E KernelCpuUidFullTimeReader: Negative delta from freq time for uid: 90006, delta: -48026
08-04 21:45:01.496  1471  4384 E KernelCpuUidFullTimeReader: Negative delta from freq time for uid: 90007, delta: -5212
08-04 21:45:01.496  1471  4384 E KernelCpuUidFullTimeReader: Negative delta from freq time for uid: 90008, delta: -13123
08-04 21:45:01.496  1471  4384 E KernelCpuUidFullTimeReader: Negative delta from freq time for uid: 90009, delta: -723
08-04 21:45:01.496  1471  4384 E KernelCpuUidFullTimeReader: Negative delta from freq time for uid: 90010, delta: -545
08-04 21:45:01.496  1471  4384 E KernelCpuUidFullTimeReader: Negative delta from freq time for uid: 90011, delta: -510
08-04 21:45:01.496  1471  4384 E KernelCpuUidFullTimeReader: Negative delta from freq time for uid: 90012, delta: -144
08-04 21:45:01.496  1471  4384 E KernelCpuUidFullTimeReader: Negative delta from freq time for uid: 90013, delta: -91
08-04 21:45:01.496  1471  4384 E KernelCpuUidFullTimeReader: Negative delta from freq time for uid: 90014, delta: -64
08-04 21:45:01.496  1471  4384 E KernelCpuUidFullTimeReader: Negative delta from freq time for uid: 90015, delta: -48
08-04 21:45:01.496  1471  4384 E KernelCpuUidFullTimeReader: Negative delta from freq time for uid: 90017, delta: -1418
08-04 21:45:01.496  1471  4384 E KernelCpuUidFullTimeReader: Negative delta from freq time for uid: 90018, delta: -1015
08-04 21:45:01.496  1471  4384 E KernelCpuUidFullTimeReader: Negative delta from freq time for uid: 90019, delta: -8
08-04 21:45:01.496  1471  4384 E KernelCpuUidFullTimeReader: Negative delta from freq time for uid: 90020, delta: -1656
08-04 21:45:01.496  1471  4384 E KernelCpuUidFullTimeReader: Negative delta from freq time for uid: 90022, delta: -51
08-04 21:45:01.496  1471  4384 D CustomizedBinderCallsStatsInternal: reportCpuUsage() : 2%
08-04 21:45:01.498  1232  2078 D SensorsFlicker: Als_common::readEvents, enabled : 1, data : 0.000000, 0.000000, 0.000000, 0.000000, 0.000000, 50000.000000, 64000.000000
08-04 21:45:01.504 19136 19364 D UE      : [2023.08.05-04.45.01:504][  0]LogAudio: Display: Audio Device (ID: 1) registered with world 'Untitled'.
08-04 21:45:01.506  1215  5929 V audio_hw_sec: sec_dsm_spkr_prot_control_tx_topology() dsm enabled (c:0 d:1 m:0)
08-04 21:45:01.507  1215  5929 D audio_hw_primary: enable_snd_device: snd_device(2: dual-speaker)
08-04 21:45:01.507  1215  5929 D sm8250_platform: platform_get_island_cfg_on_device:island cfg status on snd_device = (speaker 0)
08-04 21:45:01.507  1215  5929 I soundtrigger: audio_extn_sound_trigger_update_device_status: device 0x2 of type 0 for Event 1, with Raise=0
08-04 21:45:01.507  1215  5929 D audio_route: Apply path: dual-speaker
08-04 21:45:01.508 19136 19364 D UE      : [2023.08.05-04.45.01:508][  0]LogSlate: Updating window title bar state: overlay mode, drag disabled, window buttons hidden, title bar hidden
08-04 21:45:01.508 19136 19364 D UE      : [2023.08.05-04.45.01:508][  0]LogInit: Display: Game Engine Initialized.
08-04 21:45:01.509 19443 19443 I .app.soundalive: Using CollectorTypeCC GC.
08-04 21:45:01.512 19443 19443 E .app.soundalive: Not starting debugger since process cannot load the jdwp agent.
08-04 21:45:01.516 19443 19443 D ActivityThread: setConscryptValidator
08-04 21:45:01.516 19443 19443 D ActivityThread: setConscryptValidator - put
08-04 21:45:01.519  1471  4384 D CompatibilityChangeReporter: Compat change id reported: 168419799; UID 10136; state: DISABLED
08-04 21:45:01.519  1215  5929 I audio_hw_utils: set_app_type_cfg app_type_cfg->app_type 69937, app_type_cfg->sample_rate 48000, app_type_cfg->bit_width 16
08-04 21:45:01.519 19136 19364 D UE      : [2023.08.05-04.45.01:519][  0]LogInit: Display: Starting Game.
08-04 21:45:01.519  1215  5929 E soundtrigger: audio_extn_sound_trigger_update_stream_status: invalid input device 0x0, for event 3
08-04 21:45:01.519  1215  5929 D soundtrigger: audio_extn_sound_trigger_update_stream_status: uc_info->id 2 of type 0 for Event 3, with Raise=0
08-04 21:45:01.519  1215  5929 D audio_hw_utils: audio_extn_utils_send_app_type_cfg: usecase->out_snd_device speaker
08-04 21:45:01.519 19136 19364 D UE      : [2023.08.05-04.45.01:519][  0]LogNet: Browse: /Game/animation/air_setup?Name=Player
08-04 21:45:01.519  1215  5929 D sm8250_platform: platform_split_snd_device: snd_device(2) num devices(0) new_snd_devices(0)
08-04 21:45:01.519  1471  4384 I ActivityManager: DSS OFF for com.sec.android.app.soundalive
08-04 21:45:01.519 19136 19364 D UE      : [2023.08.05-04.45.01:519][  0]LogLoad: LoadMap: /Game/animation/air_setup?Name=Player
08-04 21:45:01.520  1215  5929 I audio_hw_utils: send_app_type_cfg_for_device PLAYBACK app_type 69937, acdb_dev_id 13, sample_rate 48000, snd_device_be_idx 55
08-04 21:45:01.520  1215  5929 D sm8250_platform: platform_split_snd_device: snd_device(2) num devices(1) new_snd_devices(0)
08-04 21:45:01.520  1215  5929 D ACDB-LOADER: ACDB -> send_audio_cal, acdb_id = 13, path = 0, app id = 0x11131, sample rate = 48000, afe_sample_rate = 48000
08-04 21:45:01.520  1215  5929 D ACDB-LOADER: ACDB -> send_asm_topology
08-04 21:45:01.520 19136 19364 D UE      : [2023.08.05-04.45.01:520][  0]LogWorld: BeginTearingDown for /Temp/Untitled_0
08-04 21:45:01.520  1215  5929 D ACDB-LOADER: ACDB -> ACDB_CMD_GET_AUDPROC_STREAM_TOPOLOGY_ID
08-04 21:45:01.520  1215  5929 D ACDB-LOADER: ACDB -> send_adm_topology
08-04 21:45:01.520  1215  5929 D ACDB-LOADER: ACDB -> ACDB_CMD_GET_AUDPROC_COMMON_TOPOLOGY_ID
08-04 21:45:01.520 19136 19364 D UE      : [2023.08.05-04.45.01:520][  0]LogWorld: UWorld::CleanupWorld for Untitled, bSessionEnded=true, bCleanupResources=true
08-04 21:45:01.520  1215  5929 D ACDB-LOADER: ACDB -> send_audtable
08-04 21:45:01.520 19136 19364 D UE      : [2023.08.05-04.45.01:520][  0]LogSlate: InvalidateAllWidgets triggered.  All widgets were invalidated
08-04 21:45:01.520  1215  5929 D ACDB-LOADER: ACDB -> ACDB_CMD_GET_AUDPROC_INSTANCE_COMMON_TABLE_SIZE
08-04 21:45:01.521  1215  5929 D ACDB-LOADER: ACDB -> ACDB_CMD_GET_AUDPROC_INSTANCE_COMMON_TABLE
08-04 21:45:01.521  1215  5929 D ACDB-LOADER: ACDB -> AUDIO_SET_AUDPROC_CAL cal_type[11] acdb_id[13] app_type[69937]
08-04 21:45:01.521  1215  5929 D ACDB-LOADER: ACDB -> send_audvoltable
08-04 21:45:01.521  1215  5929 D ACDB-LOADER: ACDB -> ACDB_CMD_GET_AUDPROC_INSTANCE_GAIN_DEP_STEP_TABLE_SIZE
08-04 21:45:01.521  1215  5929 D android.hardware.audio.service: Failed to fetch the lookup information of the device 0000000D 
08-04 21:45:01.521  1215  5929 D ACDB-LOADER: Error: ACDB_CMD_GET_AUDPROC_INSTANCE_GAIN_DEP_STEP_TABLE_SIZE Returned = -19
08-04 21:45:01.521  1215  5929 D ACDB-LOADER: ACDB -> ACDB_CMD_GET_AUDPROC_INSTANCE_GAIN_DEP_STEP_TABLE, vol index 0
08-04 21:45:01.521  1215  5929 D android.hardware.audio.service: Failed to fetch the lookup information of the device 0000000D 
08-04 21:45:01.521  1215  5929 D ACDB-LOADER: Error: ACDB AudProc vol returned = -19
08-04 21:45:01.521  1215  5929 D ACDB-LOADER: ACDB -> AUDIO_SET_VOL_CAL cal type = 12
08-04 21:45:01.521  1215  5929 D ACDB-LOADER: ACDB -> ACDB_CMD_GET_AUDPROC_INSTANCE_STREAM_TABLE_SIZE
08-04 21:45:01.521  1215  5929 D ACDB-LOADER: ACDB -> send_audstrmtable
08-04 21:45:01.522  1215  5929 D ACDB-LOADER: ACDB -> ACDB_CMD_GET_AUDPROC_INSTANCE_STREAM_TABLE
08-04 21:45:01.522  1215  5929 D ACDB-LOADER: ACDB -> audstrm_cal->cal_type.cal_data.cal_size = 20
08-04 21:45:01.522  1215  5929 D ACDB-LOADER: ACDB -> send_afe_topology
08-04 21:45:01.522  1215  5929 D ACDB-LOADER: ACDB -> ACDB_CMD_GET_AFE_TOPOLOGY_ID
08-04 21:45:01.522  1215  5929 D ACDB-LOADER: ACDB -> GET_AFE_TOPOLOGY_ID for adcd_id 13, Topology Id 112fc
08-04 21:45:01.522  1215  5929 D ACDB-LOADER: ACDB -> send_afe_cal
08-04 21:45:01.522  1215  5929 D ACDB-LOADER: ACDB -> ACDB_CMD_GET_AFE_INSTANCE_COMMON_TABLE_SIZE
08-04 21:45:01.522  1215  5929 D android.hardware.audio.service: Failed to fetch the lookup information of the device 0000000D 
08-04 21:45:01.522  1215  5929 D ACDB-LOADER: Error: ACDB_CMD_GET_AFE_INSTANCE_COMMON_TABLE_SIZE Returned = -19
08-04 21:45:01.522  1215  5929 D ACDB-LOADER: ACDB -> ACDB_CMD_GET_AFE_INSTANCE_COMMON_TABLE
08-04 21:45:01.522  1215  5929 D android.hardware.audio.service: Failed to fetch the lookup information of the device 0000000D 
08-04 21:45:01.522  1215  5929 D ACDB-LOADER: Error: ACDB AFE returned = -19
08-04 21:45:01.522  1215  5929 D ACDB-LOADER: ACDB -> AUDIO_SET_AFE_CAL cal_type[16] acdb_id[13]
08-04 21:45:01.522  1215  5929 D ACDB-LOADER: ACDB -> send_hw_delay : acdb_id = 13 path = 0
08-04 21:45:01.522  1215  5929 D ACDB-LOADER: ACDB -> ACDB_AVSYNC_INFO: ACDB_CMD_GET_DEVICE_PROPERTY
08-04 21:45:01.522  1215  5929 D sm8250_platform: platform_split_snd_device: snd_device(2) num devices(0) new_snd_devices(0)
08-04 21:45:01.522  1215  5929 I sm8250_platform: platform_get_custom_mtmx_params: no matching param with id 0 ip_ch 2 op_ch 2 uc_id 2 snd_dev 2
08-04 21:45:01.522  1215  5929 D audio_hw_primary: enable_audio_route: apply mixer and update path: low-latency-playback speaker
08-04 21:45:01.522  1215  5929 D audio_route: Apply path: low-latency-playback speaker
08-04 21:45:01.523  1215  5929 D AudioSAEffectOffload: update offload effect: VM,0,0,0,0,2,0
08-04 21:45:01.523  1215  5929 D audio_hw_primary: select_devices: done
08-04 21:45:01.527 19443 19443 D CompatibilityChangeReporter: Compat change id reported: 171979766; UID 10136; state: ENABLED
08-04 21:45:01.527 19136 19364 D UE      : [2023.08.05-04.45.01:527][  0]LogAudio: Display: Audio Device unregistered from world 'None'.
08-04 21:45:01.532 19136 19364 D UE      : [2023.08.05-04.45.01:532][  0]LogUObjectHash: Compacting FUObjectHashTables data took   0.72ms
08-04 21:45:01.576  1215  5929 D sm8250_platform: platform_set_channel_map mixer_ctl_name:Playback Channel Map9
08-04 21:45:01.576  1215  5929 D sm8250_platform: platform_set_channel_map: set mapping(1 2 0 0 0 0 0 0) for channel:2
08-04 21:45:01.576  1215  5929 D audio_hw_primary: start_output_stream: exit
08-04 21:45:01.577  1215  5929 D audio_hw_sec: sec_set_soundbooster_rotation: SB rotation set 1, 0
08-04 21:45:01.577  1215  5929 D audio_hw_sec: sec_set_soundbooster_flatmotion: SB flatmotion set 1
08-04 21:45:01.577  1215  5929 V audio_hw_sec: sec_set_mixer_value_int set SB flatmotion as 1
08-04 21:45:01.577  1215  5929 D AudioSAEffectOffload: update offload effect: VM,0,0,0,0,2,0
08-04 21:45:01.581  1312  2104 I FastMixer: updateStageIndex F-29002
08-04 21:45:01.591  1235 19362 I HYPER-HAL: [RequestManager.cpp]releaseLocked(): Released ID : 2718946
08-04 21:45:01.596  1312  2104 D DlbEffectContext: setParam() received parameter EFFECT_PARAM_SEEK
08-04 21:45:01.596  1312  2104 D DlbEffectContext: handleSeek(seek operation ends, restore profile to 2)
08-04 21:45:01.596  1312  2104 D DlbEffectContext: transformExternalGain() volume:0x2892C1 fVol:0.158489 extVal:-256
08-04 21:45:01.596  1312  2104 D DlbEffectContext: transformExternalGain() volume:0x1000000 fVol:1.000000 extVal:0
08-04 21:45:01.596  1312  2104 D DlbEndpointParamCache: commitChangedParams()
08-04 21:45:01.596  1312  2104 D DlbEndpointParamCache: commit() Applying parameters for device 0x40000000
08-04 21:45:01.596  1312  2104 D DlbDap2Process: setParam(preg = #1[0])
08-04 21:45:01.596  1312  2104 D DlbDap2Process: setSystemGain(vol = 0)
08-04 21:45:01.596  1312  2104 D DlbDap2Process: setParam(svol = #1[-256])
08-04 21:45:01.596  1312  2104 D DlbEndpointParamCache: doCommit() Committed 2 parameters out of 15.
08-04 21:45:01.596  1312  2104 D DlbEndpointParamCache: commit() Overriding parameters for current device 0x00000002
08-04 21:45:01.596  1312  2104 D DlbEndpointParamCache: doCommit() Committed 0 parameters out of 56.
08-04 21:45:01.600 19443 19443 I CapsuleProvider_1.0.23: onCreate
08-04 21:45:01.601  1312  2105 D AudioFlinger: mixer(0xb400007170f36740) Spend too much time to write: delta 129(effect 0, stage 0)
08-04 21:45:01.609 19443 19443 I RoutineActionProvider: onCreate() : application context is null, so use context of this
08-04 21:45:01.612 19443 19443 I SoundAliveApplication: onCreate()
08-04 21:45:01.612 19443 19443 I PreferencesManager: getInstance() : user unlocked is true
08-04 21:45:01.613 19443 19443 I PreferencesManager: getInstance() : preferences is moved to decrypted storage
08-04 21:45:01.614 19443 19443 I PreferencesManager: PreferencesManager() : user unlocked is true
08-04 21:45:01.614 19443 19443 I PreferencesManager: create() : preferences manager has created successfully
08-04 21:45:01.614 19443 19443 I SoundAliveApplication: onCreate() : creating preferences is done
08-04 21:45:01.617 19443 19457 I SAContentProvider:  getType() : screen on is true
08-04 21:45:01.617  1312  1574 V APM_AudioPolicyManager: listAudioPorts() role 0 type 0 num_ports 0 ports 0xb4000071829b4ca8
08-04 21:45:01.617  1312  1574 V APM_AudioPolicyManager: listAudioPorts() got 0 ports needed 14
08-04 21:45:01.617  1312  1574 V APM_AudioPolicyManager: listAudioPorts() role 0 type 0 num_ports 14 ports 0xb40000716134c140
08-04 21:45:01.617  1312  1574 V APM_AudioPolicyManager: listAudioPorts() got 14 ports needed 14
08-04 21:45:01.618 19443 19457 I FeatureManager: FeatureManager() : soundalive features are eq_custom,uhq_onoff,karaoke,adapt,spk_stereo,dvfs_35_percent
08-04 21:45:01.618 19443 19457 I FeatureManager: FeatureManager() : country code is Canada
08-04 21:45:01.618 19443 19457 I FeatureManager: FeatureManager() : product is r8qcsx
08-04 21:45:01.618 19443 19457 I DVFSHelper: getHintIDFromDVFSType() : dvfs type is 35 percent
08-04 21:45:01.619 19443 19443 I SoundAliveApplication: onCreate() : registering audio device callback is done
08-04 21:45:01.621  1471  4384 D CompatibilityChangeReporter: Compat change id reported: 161145287; UID 10136; state: DISABLED
08-04 21:45:01.636  1471  3177 W AS.AudioExecutor: Slow 167 in com.android.server.audio.AudioService.handleCustomMessage:13520
08-04 21:45:01.638 19443 19443 I AudioPathManager: isAudioPathChanged() : saved path is speaker (0), current path is speaker (0)
08-04 21:45:01.638 19443 19443 I SoundAliveApplication: onCreate() : no need to update audio path
08-04 21:45:01.639 19443 19443 I AudioPathManager: loadAudioPath() : loaded audio path is speaker (0)
08-04 21:45:01.641 19443 19443 I SoundAssistantManager: sound assistant is not installed, android.content.pm.PackageManager$NameNotFoundException: com.samsung.android.soundassistant
08-04 21:45:01.649 19443 19443 I SoundAssistantManager: sound assistant is not installed, android.content.pm.PackageManager$NameNotFoundException: com.samsung.android.soundassistant
08-04 21:45:01.682 19136 19439 D UE      : [2023.08.05-04.45.01:682][  0]LogMaterial: Error: Loading a material resource None with an invalid ShaderMap!
08-04 21:45:01.682 19136 19439 D UE      : [2023.08.05-04.45.01:682][  0]LogMaterial: Error: Loading a material resource None with an invalid ShaderMap!
08-04 21:45:01.682 19136 19439 D UE      : [2023.08.05-04.45.01:682][  0]LogMaterial: Error: Loading a material resource None with an invalid ShaderMap!
08-04 21:45:01.685  1312  1574 I AudioSASecPlus: setGlobalEffectInfo changed mContentType = 1, mGlobalSAPlus = 0, mGlobalTubeAmp = 0, mGlobalConcertHall = 0 , mGlobalAudioHDR = 0
08-04 21:45:01.686  1215 12602 I AudioSASecPlus: setGlobalEffectInfo changed mContentType = 1, mGlobalSAPlus = 0, mGlobalTubeAmp = 0, mGlobalConcertHall = 0 , mGlobalAudioHDR = 0
08-04 21:45:01.686  1312  1574 I AudioSASecPlus: setGlobalEffectInfo changed mContentType = 1, mGlobalSAPlus = 0, mGlobalTubeAmp = 0, mGlobalConcertHall = 0 , mGlobalAudioHDR = 0
08-04 21:45:01.687  1312  1574 I AudioSASecPlus: setGlobalEffectInfo changed mContentType = 1, mGlobalSAPlus = 0, mGlobalTubeAmp = 0, mGlobalConcertHall = 0 , mGlobalAudioHDR = 0
08-04 21:45:01.687  1312  1574 I AudioSASecPlus: setGlobalEffectInfo changed mContentType = 1, mGlobalSAPlus = 0, mGlobalTubeAmp = 0, mGlobalConcertHall = 0 , mGlobalAudioHDR = 0
08-04 21:45:01.687  1312  1574 I AudioSASecPlus: setGlobalEffectInfo changed mContentType = 1, mGlobalSAPlus = 0, mGlobalTubeAmp = 0, mGlobalConcertHall = 0 , mGlobalAudioHDR = 0
08-04 21:45:01.687 19443 19443 I SoundAliveApplication: onCreate() : resetting unsupported effects is done
08-04 21:45:01.688 19443 19443 I CapsuleProvider_1.0.23: releasing initialize wait lock.
08-04 21:45:01.688 19443 19443 I SoundAliveApplication: onCreate() : creating bixby2 manager is done
08-04 21:45:01.691  1471  4384 D SGM:GameManager: getVersion.
08-04 21:45:01.692 19443 19443 I GameManager: isGameServiceBindingNeeded() : version of game manager is 130.015
08-04 21:45:01.692 19443 19443 I SoundAliveApplication: onCreate() : no need to bind game service
08-04 21:45:01.692 19443 19443 I SoundAliveApplication: onCreate() : subscription for game service is already canceled
08-04 21:45:01.692 19136 19439 D UE      : [2023.08.05-04.45.01:692][  0]LogMaterial: Error: Loading a material resource None with an invalid ShaderMap!
08-04 21:45:01.764 19136 19439 D UE      : [2023.08.05-04.45.01:764][  0]LogMaterial: Error: Loading a material resource None with an invalid ShaderMap!
08-04 21:45:01.790  1232 12144 I sensors-hal: handle_sns_client_event:252, auto_rotation_debug_2 mode,255, type,1,0 acc,-0.117,-0.189,9.816, ar,0, ver,10
08-04 21:45:01.798 19136 19439 D UE      : [2023.08.05-04.45.01:798][  0]LogMaterial: Error: Loading a material resource None with an invalid ShaderMap!
08-04 21:45:01.802 19136 19439 D UE      : [2023.08.05-04.45.01:802][  0]LogMaterial: Error: Loading a material resource None with an invalid ShaderMap!
08-04 21:45:01.845 19136 19364 D UE      : [2023.08.05-04.45.01:845][  0]LogMaterial: Error: Tried to access an uncooked shader map ID in a cooked application
08-04 21:45:01.845 19136 19364 D UE      : [2023.08.05-04.45.01:845][  0]LogMaterial: Warning: Invalid shader map ID caching shaders for 'M_fabric_simpler', will use default material.
08-04 21:45:01.845 19136 19364 D UE      : [2023.08.05-04.45.01:845][  0]LogMaterial: Can't compile M_fabric_simpler with cooked content, will use default material instead
08-04 21:45:01.845 19136 19364 D UE      : [2023.08.05-04.45.01:845][  0]LogMaterial: Warning: [AssetLog] /Game/MetaHumans/Common/Materials/Slacks/M_btm_slacks.M_btm_slacks: Failed to compile Material Instance with Base M_fabric_simpler for platform GLSL_ES3_1_ANDROID, Default Material will be used in game.
08-04 21:45:01.845 19136 19364 D UE      : 
08-04 21:45:01.845 19136 19364 D UE      : [2023.08.05-04.45.01:845][  0]LogMaterial: Error: Tried to access an uncooked shader map ID in a cooked application
08-04 21:45:01.846 19136 19364 D UE      : [2023.08.05-04.45.01:845][  0]LogMaterial: Warning: Invalid shader map ID caching shaders for 'M_EyeRefractive', will use default material.
08-04 21:45:01.846 19136 19364 D UE      : [2023.08.05-04.45.01:846][  0]LogMaterial: Can't compile M_EyeRefractive with cooked content, will use default material instead
08-04 21:45:01.846 19136 19364 D UE      : [2023.08.05-04.45.01:846][  0]LogMaterial: Warning: [AssetLog] /Game/MetaHumans/Common/Face/Materials/M_EyeRefractive.M_EyeRefractive: Failed to compile Material for platform GLSL_ES3_1_ANDROID, Default Material will be used in game.
08-04 21:45:01.846 19136 19364 D UE      : 
08-04 21:45:01.849 19136 19364 D UE      : [2023.08.05-04.45.01:849][  0]LogMaterial: Error: Tried to access an uncooked shader map ID in a cooked application
08-04 21:45:01.849 19136 19364 D UE      : [2023.08.05-04.45.01:849][  0]LogMaterial: Warning: Invalid shader map ID caching shaders for 'M_Teeth', will use default material.
08-04 21:45:01.849 19136 19364 D UE      : [2023.08.05-04.45.01:849][  0]LogMaterial: Can't compile M_Teeth with cooked content, will use default material instead
08-04 21:45:01.849 19136 19364 D UE      : [2023.08.05-04.45.01:849][  0]LogMaterial: Warning: [AssetLog] /Game/MetaHumans/Common/Materials/M_Teeth.M_Teeth: Failed to compile Material for platform GLSL_ES3_1_ANDROID, Default Material will be used in game.
08-04 21:45:01.849 19136 19364 D UE      : 
08-04 21:45:01.853 19136 19364 D UE      : [2023.08.05-04.45.01:853][  0]LogMaterial: Error: Tried to access an uncooked shader map ID in a cooked application
08-04 21:45:01.853 19136 19364 D UE      : [2023.08.05-04.45.01:853][  0]LogMaterial: Warning: Invalid shader map ID caching shaders for 'M_Head_Baked', will use default material.
08-04 21:45:01.853 19136 19364 D UE      : [2023.08.05-04.45.01:853][  0]LogMaterial: Can't compile M_Head_Baked with cooked content, will use default material instead
08-04 21:45:01.853 19136 19364 D UE      : [2023.08.05-04.45.01:853][  0]LogMaterial: Warning: [AssetLog] /Game/MetaHumans/Common/Face/Materials/Baked/M_Head_Baked.M_Head_Baked: Failed to compile Material for platform GLSL_ES3_1_ANDROID, Default Material will be used in game.
08-04 21:45:01.853 19136 19364 D UE      : 
08-04 21:45:01.853 19136 19364 D UE      : [2023.08.05-04.45.01:853][  0]LogMaterial: Error: Tried to access an uncooked shader map ID in a cooked application
08-04 21:45:01.853 19136 19364 D UE      : [2023.08.05-04.45.01:853][  0]LogMaterial: Warning: Invalid shader map ID caching shaders for 'M_Head_Baked', will use default material.
08-04 21:45:01.853 19136 19364 D UE      : [2023.08.05-04.45.01:853][  0]LogMaterial: Can't compile M_Head_Baked with cooked content, will use default material instead
08-04 21:45:01.853 19136 19364 D UE      : [2023.08.05-04.45.01:853][  0]LogMaterial: Warning: [AssetLog] /Game/MetaHumans/Common/Face/Materials/Baked/MI_HeadSynthesized_Baked_LOD1.MI_HeadSynthesized_Baked_LOD1: Failed to compile Material Instance with Base M_Head_Baked for platform GLSL_ES3_1_ANDROID, Default Material will be used in game.
08-04 21:45:01.853 19136 19364 D UE      : 
08-04 21:45:01.853 19136 19364 D UE      : [2023.08.05-04.45.01:853][  0]LogMaterial: Error: Tried to access an uncooked shader map ID in a cooked application
08-04 21:45:01.853 19136 19364 D UE      : [2023.08.05-04.45.01:853][  0]LogMaterial: Warning: Invalid shader map ID caching shaders for 'M_Head_Baked', will use default material.
08-04 21:45:01.853 19136 19364 D UE      : [2023.08.05-04.45.01:853][  0]LogMaterial: Can't compile M_Head_Baked with cooked content, will use default material instead
08-04 21:45:01.853 19136 19364 D UE      : [2023.08.05-04.45.01:853][  0]LogMaterial: Warning: [AssetLog] /Game/MetaHumans/Common/Face/Materials/Baked/MI_HeadSynthesized_Baked_LOD2.MI_HeadSynthesized_Baked_LOD2: Failed to compile Material Instance with Base M_Head_Baked for platform GLSL_ES3_1_ANDROID, Default Material will be used in game.
08-04 21:45:01.853 19136 19364 D UE      : 
08-04 21:45:01.877 19136 19364 D UE      : [2023.08.05-04.45.01:877][  0]LogAudio: Display: Audio Device (ID: 1) registered with world 'air_setup'.
08-04 21:45:01.877 19136 19364 D UE      : [2023.08.05-04.45.01:877][  0]LogChaos: FPhysicsSolverBase::AsyncDt:-1.000000
08-04 21:45:01.879 19136 19364 D UE      : [2023.08.05-04.45.01:879][  0]LogAIModule: Creating AISystem for world air_setup
08-04 21:45:01.893  3784  3914 I ContactsProvider_EventLog: cp_s: [CONTACT con(16) dat(43) acc({phone(1)=5, sim(3)=11, com.google.android.apps.tachyon(11)=2}) calls([logtype:100 cnt:48, logtype:200 cnt:34, logtype:300 cnt:466, logtype:1000 cnt:989]) Iso(CA) uId(0) ]

08-04 21:45:01.893  3784  3914 I ContactsProvider_EventLog: cp_s: [ agr({[3]=9, [1]=5, [3 ,11]=2}) ]

08-04 21:45:01.893  3784  3914 I ContactsProvider_EventLog: cp_s: [ cnt({acore(3784)=1, gms(21835)=1, dialer(3120)=4}) ]

08-04 21:45:01.893  3784  3914 I ContactsProvider_EventLog: cp_s: [PROFILE ] [SAPROFILE con(1) acc({phone(1)=1}) ]

08-04 21:45:01.893  3784  3914 I ContactsProvider_EventLog: cp_s: [STATE R(F) ]
08-04 21:45:01.944  1232  2078 D SensorsFlicker: Als_common::readEvents, enabled : 1, data : -1.000000, 0.000000, 0.000000, 0.000000, 0.000000, 50000.000000, 64000.000000
08-04 21:45:01.960  1471  3208 D SemNscXgbMsL1: Probability - Cloud gaming: [0.059012253]
08-04 21:45:01.960  1471  3208 D SemNscXgbMsL1: Probability - Real time: [0.07426513]
08-04 21:45:01.960  1471  3208 D SemNscXgbMsL1: Probability - Non real time: [0.8725506]
08-04 21:45:01.960  1471  3208 D SemNscXgbMsL1: 1 sample inference time: 0.270052 msecs
08-04 21:45:01.961  1471  3208 D SemNscXgbL2Rt: L2 RT 1 sample inference time: 0.364167 msecs
08-04 21:45:01.961  1471  3208 D SemNscXgbL2Nrt: L2 NRT 1 sample inference time: 0.278386 msecs
08-04 21:45:02.109  1232 19418 I sensors-hal: handle_sns_client_event:523, [56] mag_sample_cal: ts=403405003955041 ns; cal = [11.434242, 26.805962, 3.342941], uncal = [136.739014, -13.972177, 22.268080], bias = [125.304771, -40.778137, 18.925138], status=0
08-04 21:45:02.122  1232 19428 I sensors-hal: handle_sns_client_event:630, [0][59] gyro_sample_cal(3) [-0.000, 0.000, 0.001] 403405005444832
08-04 21:45:02.132 19443 19443 I AudioPathManager: loadAudioPath() : loaded audio path is speaker (0)
08-04 21:45:02.132 19443 19443 I AudioManager: getParameters keys = g_effect_active_sound_info=track
08-04 21:45:02.136  1312  1574 I SecAudioParamFlinger: getActiveSoundInfo 1, trackFormat 1, outputFormat 5
08-04 21:45:02.137 19443 19443 I AudioManagerWrapper: getActiveSoundFormat() : active sound format is 1
08-04 21:45:02.138 19443 19443 I RestrictModeUtil: isOwnerMode() : user id is 0
08-04 21:45:02.143 19443 19443 I RestrictModeUtil: isDexMode() : DeX mode is off
08-04 21:45:02.143 19443 19443 I RestrictModeUtil: isEmergencyMode() : emergency mode is disabled
08-04 21:45:02.144 19443 19443 I EffectManager: isSupportDolbyAtmosOnThisAudioPath() : path is speaker (0)
08-04 21:45:02.144 19443 19443 I EffectManager: isSupportDolbyAtmosOnThisAudioPath() : speaker type is stereo
08-04 21:45:02.144 19443 19443 I EffectManager: isSpatialAudioActive() : mode is off (0)
08-04 21:45:02.158  1312  1574 D DlbEffectContext: getParam() received parameter EFFECT_PARAM_PROFILE
08-04 21:45:02.158  1312  1574 D DlbEffectContext: getParam() received parameter EFFECT_PARAM_PROFILE
08-04 21:45:02.160  1312  1574 D DlbEffectContext: getParam() received parameter EFFECT_PARAM_PROFILE
08-04 21:45:02.160  1312  1574 D DlbEffectContext: getParam() received parameter EFFECT_PARAM_PROFILE
08-04 21:45:02.160  1312  1574 D DlbEffectContext: getParam() received parameter EFFECT_PARAM_PROFILE
08-04 21:45:02.161  1312  1574 D DlbEffectContext: getParam() received parameter EFFECT_PARAM_PROFILE
08-04 21:45:02.161  1312  1574 D DlbEffectContext: getParam() received parameter EFFECT_PARAM_PROFILE
08-04 21:45:02.161  1312  1574 D DlbEffectContext: getParam() received parameter EFFECT_PARAM_PROFILE
08-04 21:45:02.161 19443 19443 I DolbyAtmosWrapper: getProfile() : for dolby atmos, 2
08-04 21:45:02.161 19443 19443 I AudioManager: setParameters keyValuePairs = g_effect_dolby_enable=0;g_effect_dolby_profile=5
08-04 21:45:02.163  1312  1574 V APM_AudioPolicyManager: setAudioPolicyConfig: g_effect_dolby_enable=0;g_effect_dolby_profile=5
08-04 21:45:02.168  1312  1574 D DlbSpatializerEffectContext: setParam() received parameter SPATIALIZER_PARAM_ENABLE
08-04 21:45:02.168  1312  1574 D DlbSpatializerEffectContext: setParam() received parameter SPATIALIZER_PARAM_ENABLE
08-04 21:45:02.168  1312  1574 D DlbEffectContext: setParam() received parameter EFFECT_PARAM_ENABLE
08-04 21:45:02.168  1312  1574 D DlbEffectContext: setParam() received parameter EFFECT_PARAM_ENABLE
08-04 21:45:02.169  1215 12602 D DlbEffectContext: setParam() received parameter EFFECT_PARAM_ENABLE
08-04 21:45:02.169  1215 12602 D AudioSAEffectOffload: offload_param_dump() : status[-1] value[ DLB,0,2,5 ] 
08-04 21:45:02.170  1312  1574 D DlbEffectContext: setParam() received parameter EFFECT_PARAM_ENABLE
08-04 21:45:02.170  1312  1574 D DlbEffectContext: setParam() received parameter EFFECT_PARAM_ENABLE
08-04 21:45:02.170  1312  1574 D DlbEffectContext: setParam() received parameter EFFECT_PARAM_ENABLE
08-04 21:45:02.170  1312  1574 D DlbEffectContext: setParam() received parameter EFFECT_PARAM_ENABLE
08-04 21:45:02.170  1312  1574 D DlbEffectContext: setParam() received parameter EFFECT_PARAM_ENABLE
08-04 21:45:02.170  1312  1574 D DlbEffectContext: setParam() received parameter EFFECT_PARAM_ENABLE
08-04 21:45:02.170  1312  1574 D DlbEffectContext: setParam() received parameter EFFECT_PARAM_PROFILE
08-04 21:45:02.170  1312  1574 D DlbEffectContext: setProfile(profile=5) stageIdx:-1302
08-04 21:45:02.170  1312  1574 D DlbEffectContext: setParam() received parameter EFFECT_PARAM_PROFILE
08-04 21:45:02.170  1312  1574 D DlbEffectContext: setProfile(profile=5) stageIdx:-1307
08-04 21:45:02.170  1215 12602 D DlbEffectContext: setParam() received parameter EFFECT_PARAM_PROFILE
08-04 21:45:02.170  1215 12602 D DlbEffectContext: setProfile(profile=5) stageIdx:-1308
08-04 21:45:02.171  1215 12602 D AudioSAEffectOffload: offload_param_dump() : status[-1] value[ DLB,0,2,5 ] 
08-04 21:45:02.171  1312  1574 D DlbEffectContext: setParam() received parameter EFFECT_PARAM_PROFILE
08-04 21:45:02.171  1312  1574 D DlbEffectContext: setProfile(profile=5) stageIdx:-2105
08-04 21:45:02.171  1312  1574 D DlbEffectContext: setParam() received parameter EFFECT_PARAM_PROFILE
08-04 21:45:02.171  1312  1574 D DlbEffectContext: setProfile(profile=5) stageIdx:-2108
08-04 21:45:02.171  1312  1574 D DlbEffectContext: setParam() received parameter EFFECT_PARAM_PROFILE
08-04 21:45:02.171  1312  1574 D DlbEffectContext: setProfile(profile=5) stageIdx:-2113
08-04 21:45:02.171  1312  1574 D DlbEffectContext: setParam() received parameter EFFECT_PARAM_PROFILE
08-04 21:45:02.171  1312  1574 D DlbEffectContext: setProfile(profile=5) stageIdx:-2902
08-04 21:45:02.171  1312  1574 D DlbEffectContext: setParam() received parameter EFFECT_PARAM_PROFILE
08-04 21:45:02.171  1312  1574 D DlbEffectContext: setProfile(profile=5) stageIdx:-3702
08-04 21:45:02.171  1312  1574 D DlbEffectContext: setParam() received parameter EFFECT_PARAM_PROFILE
08-04 21:45:02.171  1312  1574 D DlbEffectContext: setProfile(profile=5) stageIdx:-29002
08-04 21:45:02.171 19443 19443 I DolbyAtmosWrapper: setProfile() : for dolby atmos, 5
08-04 21:45:02.171 19443 19443 I EffectManager: setEffectDolbyAtmos() : enable is false, mode is off (5)
08-04 21:45:02.172 19443 19443 I AudioPathManager: loadAudioPath() : loaded audio path is speaker (0)
08-04 21:45:02.172 19443 19443 I EffectManager: setEffectDolbyAtmos() : concert hall will be restored as 0
08-04 21:45:02.172  1312  1574 I AudioSASecPlus: setGlobalEffectInfo changed mContentType = 1, mGlobalSAPlus = 0, mGlobalTubeAmp = 0, mGlobalConcertHall = 0 , mGlobalAudioHDR = 0
08-04 21:45:02.172  1215 12602 I AudioSASecPlus: setGlobalEffectInfo changed mContentType = 1, mGlobalSAPlus = 0, mGlobalTubeAmp = 0, mGlobalConcertHall = 0 , mGlobalAudioHDR = 0
08-04 21:45:02.172  1312  1574 I AudioSASecPlus: setGlobalEffectInfo changed mContentType = 1, mGlobalSAPlus = 0, mGlobalTubeAmp = 0, mGlobalConcertHall = 0 , mGlobalAudioHDR = 0
08-04 21:45:02.172  1312  1574 I AudioSASecPlus: setGlobalEffectInfo changed mContentType = 1, mGlobalSAPlus = 0, mGlobalTubeAmp = 0, mGlobalConcertHall = 0 , mGlobalAudioHDR = 0
08-04 21:45:02.172  1312  1574 I AudioSASecPlus: setGlobalEffectInfo changed mContentType = 1, mGlobalSAPlus = 0, mGlobalTubeAmp = 0, mGlobalConcertHall = 0 , mGlobalAudioHDR = 0
08-04 21:45:02.172  1312  1574 I AudioSASecPlus: setGlobalEffectInfo changed mContentType = 1, mGlobalSAPlus = 0, mGlobalTubeAmp = 0, mGlobalConcertHall = 0 , mGlobalAudioHDR = 0
08-04 21:45:02.173 19443 19443 I EffectManager: isSupportDolbyAtmosOnThisAudioPath() : path is speaker (0)
08-04 21:45:02.173 19443 19443 I EffectManager: isSupportDolbyAtmosOnThisAudioPath() : speaker type is stereo
08-04 21:45:02.173 19443 19443 I PreferencesManager: getDolbyAtmosForGamingSwitch() : default value is 1
08-04 21:45:02.173 19443 19443 I AudioPathManager: loadAudioPath() : loaded audio path is speaker (0)
08-04 21:45:02.173 19443 19443 I EffectManager: isSupportDolbyAtmosOnThisAudioPath() : path is speaker (0)
08-04 21:45:02.173 19443 19443 I EffectManager: isSupportDolbyAtmosOnThisAudioPath() : speaker type is stereo
08-04 21:45:02.173 19443 19443 I AudioManager: setParameters keyValuePairs = g_effect_game_dolby_enable=1
08-04 21:45:02.174  1312  1574 V APM_AudioPolicyManager: setAudioPolicyConfig: g_effect_game_dolby_enable=1
08-04 21:45:02.174  1312  1574 D DlbEffectContext: setParam() received parameter EFFECT_PARAM_ENABLE
08-04 21:45:02.174  1312  1574 D DlbEffectContext: setParam() received parameter EFFECT_PARAM_ENABLE
08-04 21:45:02.175  1312  1574 D DlbEffectContext: setParam() received parameter EFFECT_PARAM_PROFILE
08-04 21:45:02.175  1312  1574 D DlbEffectContext: setParam() received parameter EFFECT_PARAM_PROFILE
08-04 21:45:02.175 19443 19443 I DolbyAtmosWrapper: setProfile() : for dolby atmos for gaming, 4
08-04 21:45:02.175 19443 19443 I AudioPathManager: loadAudioPath() : loaded audio path is speaker (0)
08-04 21:45:02.175 19443 19443 I RestrictModeUtil: isOwnerMode() : user id is 0
08-04 21:45:02.176 19443 19443 I RestrictModeUtil: isDexMode() : DeX mode is off
08-04 21:45:02.176 19443 19443 I RestrictModeUtil: isEmergencyMode() : emergency mode is disabled
08-04 21:45:02.177  1215 12602 D AudioSAEffectOffload: offload_param_dump() : status[-1] value[ SA,2,0,0,0,0,0,0,0,0,0,0,0,0,0,0,0,0,4,4,1,1,0,0,0,0,0 ] 
08-04 21:45:02.178 19443 19443 I SoundAliveWrapper: setEqualizer() : preset is normal (0), levels for 9 bands are 0 0 0 0 0 0 0 0 0 
08-04 21:45:02.178 19443 19443 I EffectManager: updateEqualizerAdvancedState() : this device doesn't support advanced equalizer
08-04 21:45:02.178 19443 19443 I AudioPathManager: loadAudioPath() : loaded audio path is speaker (0)
08-04 21:45:02.179 19443 19443 I EffectManager: isSupportUHQUpscalerOnCurrentAudioPath() : path is speaker (0), device type is builtin speaker (2)
08-04 21:45:02.179 19443 19443 I EffectManager: updateUHQUpscalerState() : uhq upscaler is not available on current audio path
08-04 21:45:02.179 19443 19443 I EffectManager: updateUHQUpscalerState() : audio path is speaker, so skip writing mode to settings db
08-04 21:45:02.179 19443 19443 I LocalBroadcastManager: sendLocalBroadcast() : action is 1
08-04 21:45:02.179   696   696 D io_stats: !@   8,0 r 16715004 424623760 w 5995204 171037272 d 3373261 168426884 f 0 0 iot 4521280 0 th 0 0 0 pt 0 inp 0 0 224229.268
08-04 21:45:02.180 19443 19443 I AudioManagerWrapper: getCurrentMediaVolume() : current media volume is 10
08-04 21:45:02.181 19443 19443 I AudioPathManager: loadAudioPath() : loaded audio path is speaker (0)
08-04 21:45:02.182 19443 19443 I ModelUtil: isHighEndModel() : this model is SM-G781W
08-04 21:45:02.182 19443 19443 I EffectManager: isSupportDolbyAtmosOnThisAudioPath() : path is speaker (0)
08-04 21:45:02.182 19443 19443 I EffectManager: isSupportDolbyAtmosOnThisAudioPath() : speaker type is stereo
08-04 21:45:02.182 19443 19443 I DVFSHelper: isNecessaryToBoostCPU() : isDolbyOn? false, isUHQUpscalerOn? false
08-04 21:45:02.182 19443 19443 I DVFSHelper: acquireBoostingCPU() : stop boosting cpu
08-04 21:45:02.185 19136 19364 D UE      : [2023.08.05-04.45.02:185][  0]LogLoad: Game class is 'BP_ARGameMode_C'
08-04 21:45:02.215  1232  5257 I sensors-hal: handle_sns_std_sensor_event:276, [SSC_LIGHT] P: 4(4),m:0,a:16,b:5,c:0,d:2,ag:0,dg:60,it:1824,br:12
08-04 21:45:02.239 19136 19364 D UE      : [2023.08.05-04.45.02:239][  0]LogWorld: Bringing World /Game/animation/air_setup.air_setup up for play (max tick rate 0) at 2023.08.04-21.45.02
08-04 21:45:02.246 19136 19364 D UE      : [2023.08.05-04.45.02:246][  0]LogWorld: Bringing up level for play took: 0.061092
08-04 21:45:02.248 19136 19364 D UE      : [2023.08.05-04.45.02:248][  0]LogOnline: Warning: OSS: FOnlineSubsystemGooglePlayModule was disabled
08-04 21:45:02.249 19136 19364 D UE      : [2023.08.05-04.45.02:249][  0]LogGameMode: FindPlayerStart: PATHS NOT DEFINED or NO PLAYERSTART with positive rating
08-04 21:45:02.266 19136 19364 D UE      : [2023.08.05-04.45.02:266][  0]LogLoad: Took 0.746483 seconds to LoadMap(/Game/animation/air_setup)
08-04 21:45:02.269 19136 19364 D UE      : [2023.08.05-04.45.02:269][  0]LogSlate: Took 0.001861 seconds to synchronously load lazily loaded font '../../../Engine/Content/EngineFonts/Faces/RobotoRegular.ufont' (155K)
08-04 21:45:02.273 19136 19364 D UE      : [2023.08.05-04.45.02:273][  0]LogSlate: Took 0.001537 seconds to synchronously load lazily loaded font '../../../Engine/Content/EngineFonts/Faces/RobotoBold.ufont' (160K)
08-04 21:45:02.274 19136 19364 D UE      : [2023.08.05-04.45.02:274][  0]LogViewport: Scene viewport resized to 592x1280, mode Fullscreen.
08-04 21:45:02.334 19136 19479 D UE      : [2023.08.05-04.45.02:333][  0]LogTcpMessaging: Started Connection to '127.0.0.1:47977'
08-04 21:45:02.334 19136 19479 D UE      : [2023.08.05-04.45.02:334][  0]LogTcpMessaging: Discovered node '1B5E19894671C5B8DBFBE0B74DEEE423' on connection '127.0.0.1:47977'...
08-04 21:45:02.352  1232  2078 D SensorsFlicker: Als_common::readEvents, enabled : 1, data : 0.000000, 0.000000, 0.000000, 0.000000, 0.000000, 50000.000000, 64000.000000
08-04 21:45:02.383 19136 19364 D UE      : [2023.08.05-04.45.02:383][  0]LogSlate: Took 0.001827 seconds to synchronously load lazily loaded font '../../../Engine/Content/Slate/Fonts/Roboto-Regular.ttf' (155K)
08-04 21:45:02.386 19136 19364 D UE      : [2023.08.05-04.45.02:386][  0]LogRHI: Display: ShaderPipelineCache: Paused Batching. 1
08-04 21:45:02.387 19136 19387 D UE      : [2023.08.05-04.45.02:386][  0]LogRenderer: Warning: Deprecated CVar r.BasePassOutputsVelocity is set to 0. Remove and use r.VelocityOutputPass instead.
08-04 21:45:02.387 19136 19386 D UE      : [2023.08.05-04.45.02:387][  0]LogRenderer: Warning: Deprecated CVar r.BasePassOutputsVelocity is set to 0. Remove and use r.VelocityOutputPass instead.
08-04 21:45:02.387 19136 19364 D UE      : [2023.08.05-04.45.02:387][  0]LogRHI: Display: ShaderPipelineCache: Resumed Batching. 0
08-04 21:45:02.387 19136 19364 D UE      : [2023.08.05-04.45.02:387][  0]LogRHI: Display: ShaderPipelineCache: Batching Resumed.
08-04 21:45:02.388 19136 19364 D UE      : [2023.08.05-04.45.02:388][  0]LogInit: Display: Engine is initialized. Leaving FEngineLoop::Init()
08-04 21:45:02.388 19136 19364 D UE      : [2023.08.05-04.45.02:388][  0]LogAndroid: Passed GEngineLoop.Init()
08-04 21:45:02.389 19136 19136 I MSHandlerLifeCycle: removeMultiSplitHandler: no exist. decor=DecorView@e88fbdf[GameActivity]
08-04 21:45:02.389 19136 19355 D OpenGLRenderer: setSurface called with nullptr
08-04 21:45:02.389 19136 19355 D OpenGLRenderer: setSurface() destroyed EGLSurface
08-04 21:45:02.389 19136 19355 D OpenGLRenderer: destroyEglSurface
08-04 21:45:02.389  1471  4384 D CoreBackPreview: Window{c75be83 u0 com.YourCompany.macbeth_air_2/com.epicgames.unreal.GameActivity}: Setting back callback null
08-04 21:45:02.391 19136 19136 I ViewRootImpl@2ad8af5[GameActivity]: dispatchDetachedFromWindow
08-04 21:45:02.392  1471  6688 D InputTransport: Input channel destroyed: 'c75be83', fd=1035
08-04 21:45:02.392  1471  6688 W InputManager-JNI: Input channel object 'c75be83 com.YourCompany.macbeth_air_2/com.epicgames.unreal.GameActivity (client)' was disposed without first being removed with the input manager!
08-04 21:45:02.392  1471  6688 D InputTransport: Input channel destroyed: 'c75be83', fd=1037
08-04 21:45:02.392 19136 19364 D UE      : [2023.08.05-04.45.02:392][  0]LogAndroidEvents: Display: LogAndroidEvents::DequeueAppEvent : 9, [width=-1, height=-1], APP_EVENT_STATE_ON_START
08-04 21:45:02.392 19136 19364 D UE      : FAppEventManager::Tick processing, 9
08-04 21:45:02.392 19136 19364 D UE      : [2023.08.05-04.45.02:392][  0]LogAndroidEvents: Display: LogAndroidEvents::DequeueAppEvent : 7, [width=-1, height=-1], APP_EVENT_STATE_ON_RESUME
08-04 21:45:02.392 19136 19364 D UE      : FAppEventManager::Tick processing, 7
08-04 21:45:02.392 19136 19364 D UE      : [2023.08.05-04.45.02:392][  0]LogAndroidEvents: Display: LogAndroidEvents::DequeueAppEvent : 0, [width=1080, height=2312], APP_EVENT_STATE_WINDOW_CREATED
08-04 21:45:02.392 19136 19364 D UE      : FAppEventManager::Tick processing, 0
