08-04 21:44:59.839 19136 19136 I ViewRootImpl@e93153e[GameActivity]: setupSync seqId=0 mSyncId=1 fn=2 caller=android.view.ViewRootImpl$$ExternalSyntheticLambda11.accept:6 android.window.SurfaceSyncer.lambda$setupSync$1$android-window-SurfaceSyncer:128 android.window.SurfaceSyncer$$ExternalSyntheticLambda1.accept:8 android.window.SurfaceSyncer$SyncSet.checkIfSyncIsComplete:382 android.window.SurfaceSyncer$SyncSet.markSyncReady:359 android.window.SurfaceSyncer.markSyncReady:151 android.view.ViewRootImpl.performTraversals:4503 
08-04 21:44:59.839 19136 19136 I ViewRootImpl@2ad8af5[GameActivity]: Setup new sync id=1
08-04 21:44:59.839 19136 19136 I ViewRootImpl@2ad8af5[GameActivity]: Setting syncFrameCallback
08-04 21:44:59.839 19136 19136 I ViewRootImpl@2ad8af5[GameActivity]: registerCallbacksForSync syncBuffer=false
08-04 21:44:59.839  1331  1331 I Layer   : id=23965 Destroyed com.samsung.android.app.cocktailbarservice/com.samsung.android.app.cocktailbarservice.CocktailBarService$_6143#23965
08-04 21:44:59.840 19136 19368 I ViewRootImpl@2ad8af5[GameActivity]: Received frameDrawingCallback syncResult=0 frameNum=2.
08-04 21:44:59.840 19136 19368 I ViewRootImpl@2ad8af5[GameActivity]: Setting up sync and frameCommitCallback
08-04 21:44:59.841 19136 19355 I ViewRootImpl@2ad8af5[GameActivity]: Received frameCommittedCallback lastAttemptedDrawFrameNum=2 didProduceBuffer=true
08-04 21:44:59.841 19136 19136 I ViewRootImpl@2ad8af5[GameActivity]: onSyncComplete
08-04 21:44:59.841 19136 19136 I ViewRootImpl@2ad8af5[GameActivity]: setupSync seqId=0 mSyncId=1 fn=2 caller=android.view.ViewRootImpl$$ExternalSyntheticLambda11.accept:6 android.window.SurfaceSyncer.lambda$setupSync$1$android-window-SurfaceSyncer:128 android.window.SurfaceSyncer$$ExternalSyntheticLambda1.accept:8 android.window.SurfaceSyncer$SyncSet.checkIfSyncIsComplete:382 android.window.SurfaceSyncer$SyncSet.markSyncReady:359 android.window.SurfaceSyncer.markSyncReady:151 android.view.ViewRootImpl.performTraversals:4503 
08-04 21:44:59.841  1471  6688 V WindowManager: Relayout hash=74ec52f, pid=6143, syncId=-1: mAttrs={(0,328)(67x329) gr=TOP RIGHT CENTER sim={adjust=nothing forwardNavigation} layoutInDisplayCutoutMode=shortEdges ty=2226 fmt=TRANSPARENT
08-04 21:44:59.841  1471  6688 V WindowManager:   fl=81800508
08-04 21:44:59.841  1471  6688 V WindowManager:   pfl=2000050
08-04 21:44:59.841  1471  6688 V WindowManager:   vsysui=2000
08-04 21:44:59.841  1471  6688 V WindowManager:   apr=LIGHT_STATUS_BARS
08-04 21:44:59.841  1471  6688 V WindowManager:   bhv=SHOW_TRANSIENT_BARS_BY_SWIPE
08-04 21:44:59.841  1471  6688 V WindowManager:   fitTypes=NAVIGATION_BARS CAPTION_BAR
08-04 21:44:59.841  1471  6688 V WindowManager:  dimAmount=0.0 dimDuration=0 naviIconColor=0
08-04 21:44:59.841  1471  6688 V WindowManager:   sfl=220000}
08-04 21:44:59.841 19136 19136 I ViewRootImpl@2ad8af5[GameActivity]: reportDrawFinished seqId=0 mSyncId=-1 fn=2 mSurfaceChangedTransaction=0x78c3c7e700
08-04 21:44:59.841 19136 19136 I ViewRootImpl@e93153e[GameActivity]: reportDrawFinished seqId=0 mSyncId=-1 fn=2 mSurfaceChangedTransaction=0x78b6de7e00
08-04 21:44:59.841  1471  2552 D WindowManager: finishDrawingWindow: Window{c75be83 u0 com.YourCompany.macbeth_air_2/com.epicgames.unreal.GameActivity} mDrawState=HAS_DRAWN seqId=0
08-04 21:44:59.841  6143  6143 I ViewRootImpl@e66d455[CocktailBarService]: Relayout returned: old=(1013,328,1080,657) new=(1013,328,1080,657) req=(67,329)8 dur=3 res=0x0 s={false 0x0} ch=false seqId=96
08-04 21:44:59.842 19136 19136 I ViewRootImpl@e93153e[GameActivity]: MSG_WINDOW_FOCUS_CHANGED 1 0
08-04 21:44:59.842 19136 19136 I ViewRootImpl@e93153e[GameActivity]: mThreadedRenderer.initializeIfNeeded()#2 mSurface={isValid=true 0x78a9263800}
08-04 21:44:59.842 19136 19136 D InputMethodManager: startInputInner - Id : 0
08-04 21:44:59.842 19136 19365 D UE      : LogAndroidEvents::EnqueueAppEvent : 11, [width=-1, height=-1], tid = 19365, APP_EVENT_STATE_WINDOW_GAINED_FOCUS
08-04 21:44:59.842 19136 19365 D UE      : LogAndroidEvents::EnqueueAppEvent : 14, [width=-1, height=-1], tid = 19365, APP_EVENT_STATE_APP_ACTIVATED
08-04 21:44:59.842 19136 19136 I InputMethodManager: startInputInner - mService.startInputOrWindowGainedFocus
08-04 21:44:59.842 19136 19365 D UE      : LogAndroidEvents::EnqueueAppEvent : 15, [width=-1, height=-1], tid = 19365, APP_EVENT_RUN_CALLBACK
08-04 21:44:59.843  1471  2552 D WindowManager: finishDrawingWindow: Window{6d0718 u0 com.YourCompany.macbeth_air_2/com.epicgames.unreal.GameActivity} mDrawState=HAS_DRAWN seqId=0
08-04 21:44:59.843  6143  6143 I CocktailBarUiController: onCocktailBarStateChanged: flag=0x1 vis=2 bgType= showTimeout=-1 activate=true
08-04 21:44:59.845  1471  6688 D CompatibilityChangeReporter: Compat change id reported: 214016041; UID 10497; state: DISABLED
08-04 21:44:59.845  1471  6688 V InputMethodManagerService: Unspecified window will hide input
08-04 21:44:59.845  1471  6688 V InputMethodManagerService: hideCurrentInputLocked : canceled, shouldHideSoftInput=false, mInputShown=false, mImeWindowVis=0
08-04 21:44:59.846  1471  6688 I InputMethodBindingController: setCurrentMethodNotVisible: mVisibleBound=false, mHasConnection=true, caller = com.android.server.inputmethod.InputMethodManagerService.hideCurrentInputLocked:4339 com.android.server.inputmethod.InputMethodManagerService.startInputOrWindowGainedFocusInternalLocked:4645 com.android.server.inputmethod.InputMethodManagerService.startInputOrWindowGainedFocusInternal:4423 com.android.server.inputmethod.InputMethodManagerService.startInputOrWindowGainedFocus:4362 com.android.internal.view.IInputMethodManager$Stub.onTransact:518 com.android.server.inputmethod.InputMethodManagerService.onTransact:2285 android.os.Binder.execTransactInternal:1316 android.os.Binder.execTransact:1280 <bottom of call stack> <bottom of call stack> 
08-04 21:44:59.846  1471  6688 D InputMethodManagerService: DESKTOP MODE! : 2
08-04 21:44:59.846  1471  6688 D InputMethodManagerService: NOT IN KNOX DESKTOP MODE!
08-04 21:44:59.846  1471  6688 V InputMethodManagerService: getDisplayIdOfInputMethodWindowToBeAdded: displayId=0
08-04 21:44:59.846  1471  6688 V InputMethodManagerService: Creating new session for client ClientState{efd58c7 uid=10497 pid=19136 displayId=0}
08-04 21:44:59.846  1471  6688 D InputTransport: Input channel constructed: 'ClientS', fd=1079
08-04 21:44:59.846  1471  6688 D InputTransport: Input channel constructed: 'ClientS', fd=1084
08-04 21:44:59.846  1471  6688 D InputTransport: Input channel destroyed: 'ClientS', fd=1084
08-04 21:44:59.847  1331  1331 D SurfaceFlinger: Display 4630947232161729153 HWC layers:
08-04 21:44:59.847  1331  1331 D SurfaceFlinger:      CLIENT | 0xb400007725a65f30 | 0100 | RGBx_8888    |  660.0    0.0 1740.0 2400.0 |    0    0 1080 2400 | Wallpaper BBQ wrapper#89
08-04 21:44:59.847  1331  1331 D SurfaceFlinger:      CLIENT | 0xb400007725a66d30 | 0100 | RGBA_8888    |    0.0    0.0 1080.0 2400.0 |    0    0 1080 2400 | com.sec.android.app.launcher/com.sec[...]erActivity$_3837#23969 (blurRegions)
08-04 21:44:59.847  1331  1331 D SurfaceFlinger:  SOLID_COLOR |              | 0002 |  Unknown  |    0.0    0.0    0.0    0.0 |    2   92 1078 2395 | Background for SurfaceView[com.YourC[...]icgames.unreal.GameActivity]@0#24020
08-04 21:44:59.847  1331  1331 D SurfaceFlinger:      DEVICE | 0xb40000773cc19fc0 | 0100 | RGBA_8888    |    0.0    0.0 1080.0 2312.0 |    2   92 1078 2395 | com.YourCompany.macbeth_air_2/com.epicgames.unreal.GameActivity$_19136#24014
08-04 21:44:59.847  1331  1331 D SurfaceFlinger:      DEVICE | 0xb40000773cc19310 | 0100 | RGBA_8888    |    0.0    0.0 1080.0 2312.0 |    2   92 1078 2395 | com.YourCompany.macbeth_air_2/com.epicgames.unreal.GameActivity$_19136#24013
08-04 21:44:59.847  1331  1331 D SurfaceFlinger:      DEVICE | 0xb40000773cc19150 | 0100 | RGBA_8888    |    0.0    0.0 1080.0 2400.0 |    2    5 1078 2395 | Sp
08-04 21:44:59.847  1331  1331 D SurfaceFlinger: lash Screen com.YourCompany.macbeth_air_2$_3304#24005
08-04 21:44:59.847  1331  1331 D SurfaceFlinger:      DEVICE | 0xb4000077251fd2a0 | 0100 | RGBA_8888    |    0.0    0.0 1080.0   88.0 |    0    0 1080   88 | StatusBar$_3304#96
08-04 21:44:59.847  1331  1331 D SurfaceFlinger:      DEVICE | 0xb400007725a67120 | 0100 | RGBA_8888    |    0.0    0.0 1080.0  144.0 |    0 2256 1080 2400 | NavigationBar0$_3304#90
08-04 21:44:59.847  1331  1331 D SurfaceFlinger:      DEVICE | 0xb40000773cc19bd0 | 0140 | RGBA_8888    |    0.0    0.0 1080.0  112.0 |    0    0 1080  112 | ScreenDecorOverlay$_3304#101
08-04 21:44:59.847  1331  1331 D SurfaceFlinger:      DEVICE | 0xb40000773cc19c40 | 0140 | RGBA_8888    |    0.0    0.0 1080.0  112.0 |    0 2288 1080 2400 | ScreenDecorOverlayBottom$_3304#102
08-04 21:44:59.847  1331  1331 D SurfaceFlinger: 
08-04 21:44:59.847  1471  6688 I SemDvfsHyPerManager: acquire hyper - AMS_RESUME_TAIL/1471@21, type = -999
08-04 21:44:59.847  1471  6688 I SemDvfsHyPerManager: acquire hyper - AMS_ACT_LAZY/1471@22, type = -999
08-04 21:44:59.847  1471  6688 D ActivityManagerPerformance: AMP_acquire() TAIL
08-04 21:44:59.847  1471  6688 D ActivityManagerPerformance: AMP_release() APP_SWITCH
08-04 21:44:59.847  1471  6688 W ActivityTaskManager: Request to remove task ignored for non-existent task 5217
08-04 21:44:59.848  1235  1298 I HYPER-HAL: [RequestManager.cpp]acquire(): Acquired ID : 1113799  [1471 / 21]    HINT : AMS_RESUME_TAIL    list : 
08-04 21:44:59.850  3304  3406 I ViewRootImpl@53c7579[macbeth_air_2]: mWNT: t=0xb4000078105a9b00 mBlastBufferQueue=0xb4000077cc016000 fn= 2 caller= android.view.SyncRtSurfaceTransactionApplier.applyTransaction:96 android.view.SyncRtSurfaceTransactionApplier.lambda$scheduleApply$0$android-view-SyncRtSurfaceTransactionApplier:69 android.view.SyncRtSurfaceTransactionApplier$$ExternalSyntheticLambda0.onFrameDraw:4 
08-04 21:44:59.850  3304  3406 I ViewRootImpl@53c7579[macbeth_air_2]: mWNT: t=0xb4000078105a9c00 mBlastBufferQueue=0xb4000077cc016000 fn= 2 caller= android.view.SyncRtSurfaceTransactionApplier.applyTransaction:96 android.view.SyncRtSurfaceTransactionApplier.lambda$scheduleApply$0$android-view-SyncRtSurfaceTransactionApplier:69 android.view.SyncRtSurfaceTransactionApplier$$ExternalSyntheticLambda0.onFrameDraw:4 
08-04 21:44:59.850  1235  1298 I HYPER-HAL: [ResourceManager.cpp]updateResource(): [CPUMinFreq] UpdateResource Request ID : 1113799    Value : 1747200
08-04 21:44:59.851  1235  1298 I HYPER-HAL: [RequestManager.cpp]acquire(): Acquired ID : 1115293  [1471 / 22]    HINT : AMS_ACT_LAZY    list : 
08-04 21:44:59.853  1471  6688 I GenerationRegistry: mBackingStore.isClosed() : false
08-04 21:44:59.853  1235  1298 I HYPER-HAL: [ResourceManager.cpp]removeResource(): [CPULittleMinFreq] RemoveResource Request ID : 1116788
08-04 21:44:59.855  1471  2552 D InputMethodManagerService: isImeSwitcherDisabledPackage : false
08-04 21:44:59.855  1471  2552 D InputMethodManagerService: shouldShowImeSwitcherLocked : checking vis : 3
08-04 21:44:59.855  1471  2552 D InputMethodManagerService: checkDisplayOfStartInputAndUpdateKeyboard: displayId=0, mFocusedDisplayId=0
08-04 21:44:59.855  1471  2552 D InputTransport: Input channel constructed: 'ClientS', fd=1085
08-04 21:44:59.855  1471  2552 D InputTransport: Input channel destroyed: 'ClientS', fd=1085
08-04 21:44:59.856 19136 19136 D InputMethodManager: startInputInner - Id : 0
08-04 21:44:59.857  1235  1298 I HYPER-HAL: [ResourceManager.cpp]removeResource(): [CPUMinFreq] RemoveResource Request ID : 1116788
08-04 21:44:59.857  1235  1298 I HYPER-HAL: [RequestManager.cpp]releaseLocked(): Released ID : 1116788
08-04 21:44:59.858  7188  7188 I HBD     : HoneyBoardService onFinishInput 
08-04 21:44:59.858  1471  2552 D RestrictionPolicy: isScreenCaptureEnabled : ret=true userId=0
08-04 21:44:59.858  1471  2552 I WindowManager: Cancelling animation restarting=true, leash=Surface(name=Surface(name=db7cc InputMethod)/@0x24ceb1b - animation-leash of insets_animation)/@0xf2167e0
08-04 21:44:59.858  1471  2552 I WindowManager: Reparenting to original parent: Surface(name=WindowToken{8d39b3 type=2011 android.os.Binder@481bb22})/@0xc4484b8, destroy=false, surface=Surface(name=db7cc InputMethod)/@0x24ceb1b
08-04 21:44:59.858  7188  7188 I HBD     : a IC have been unbinding,  RemoteInputConnection{idHash=#a055994}
08-04 21:44:59.858  1471  2552 I WindowManager: Reparenting to leash, surface=Surface(name=db7cc InputMethod)/@0x24ceb1b, leashParent=Surface(name=WindowToken{8d39b3 type=2011 android.os.Binder@481bb22})/@0xc4484b8
08-04 21:44:59.858  7188  7188 I HBD     : HoneyBoardService [PF_CL][onFinishInput]  0 ms 
08-04 21:44:59.858  7188  7188 I HBD     : HoneyBoardService [IMI] onStartInput - caller pid : 19136 , caller uid : 10497 
08-04 21:44:59.858  1331  1384 I SurfaceFlinger: id=24022 createSurf, flag=24004, Surface(name=db7cc InputMethod)/@0x24ceb1b - animation-leash of insets_animation#24022
08-04 21:44:59.858  7188  7188 I HBD     : j updateConfigs 
08-04 21:44:59.858  7188  7188 I HBD     : j isEnabledNightMode : false 
08-04 21:44:59.859  7188  7188 I HBD     : a IC have been binding, RemoteInputConnection{idHash=#20a6c3d} 
08-04 21:44:59.859  7188  7188 I HBD     : h [EditorInputType]setPrivateImeOptionsToTable privateImeOptions ( null )
08-04 21:44:59.859  7188  7188 I HBD     : b incognitoMode : false 
08-04 21:44:59.859  1471  2552 D WindowManager: makeSurface duration=1 leash=Surface(name=Surface(name=db7cc InputMethod)/@0x24ceb1b - animation-leash of insets_animation)/@0x3b10253
08-04 21:44:59.859  7188  7188 I HBD     : a needOff = true , isForceOff = false, isNullInputClass : true 
08-04 21:44:59.859  7188  7188 I HBD     : h getDefaultInputRange : UNKNOWN 
08-04 21:44:59.859  7188  7188 I HBD     : h getDefaultInputRange : UNKNOWN 
08-04 21:44:59.859  7188  7188 I HBD     : h getDefaultInputRange : UNKNOWN 
08-04 21:44:59.860  7188  7188 I HBD     : a needOff = true , isForceOff = false, isNullInputClass : true 
08-04 21:44:59.861  7188  7188 I HBD     : a update cached prediction status : false 
08-04 21:44:59.861  7188  7188 I HBD     : h getDefaultInputRange : UNKNOWN 
08-04 21:44:59.861  7188  7188 I HBD     : a currentState : 0 
08-04 21:44:59.861  7188  7188 I HBD     : a [UpdatePolicy] [post] a: 0 cl: 65537 kit: [0/0] vt: 0 ir: 1 
08-04 21:44:59.861  7188  7188 I HBD     : a [NRIC] resetNoResponseState 
08-04 21:44:59.861  7188  7188 I HBD     : a needOff = true , isForceOff = false, isNullInputClass : true 
08-04 21:44:59.861  7188  7188 I HBD     : a update cached prediction status : false 
08-04 21:44:59.862  7188  7188 I HBD     : HoneyBoardService [PF_OP][onStartInput]  4 ms 
08-04 21:44:59.862  1471  2552 D InputMethodManagerService: isImeSwitcherDisabledPackage : false
08-04 21:44:59.863  7188  7188 I InputMethodService: removeImeSurface
08-04 21:44:59.864  7188  7188 I MSHandlerLifeCycle: check: return. pkg=com.samsung.android.honeyboard isActivity=false callers=com.android.internal.policy.DecorView.setVisibility:4416 android.app.Dialog.hide:767 android.inputmethodservice.InputMethodService.removeImeSurface:1290 android.inputmethodservice.InputMethodService.scheduleImeSurfaceRemoval:1279 android.inputmethodservice.InputMethodService.-$$Nest$mscheduleImeSurfaceRemoval:0 
08-04 21:44:59.864  7188  7188 I MSHandlerLifeCycle: removeMultiSplitHandler: no exist. decor=DecorView@80f8978[InputMethod]
08-04 21:44:59.866  1331  1331 I Layer   : id=23973 removedFromDrawingState Surface(name=db7cc InputMethod)/@0x24ceb1b - animation-leash of insets_animation#23973 (202)
08-04 21:44:59.866  1331  1331 I SurfaceFlinger: id=23973 Removed Surface(name=db7cc InputMethod)/@0x24ceb1b - animation-leash of insets_animation#23973 (202)
08-04 21:44:59.867  3304  3405 I ViewRootImpl@53c7579[macbeth_air_2]: mWNT: t=0xb4000078105f2200 mBlastBufferQueue=0xb4000077cc016000 fn= 3 caller= android.view.SyncRtSurfaceTransactionApplier.applyTransaction:96 android.view.SyncRtSurfaceTransactionApplier.lambda$scheduleApply$0$android-view-SyncRtSurfaceTransactionApplier:69 android.view.SyncRtSurfaceTransactionApplier$$ExternalSyntheticLambda0.onFrameDraw:4 
08-04 21:44:59.867  1331  1331 I Layer   : id=23973 Destroyed Surface(name=db7cc InputMethod)/@0x24ceb1b - animation-leash of insets_animation#23973
08-04 21:44:59.874  1471  4013 D FreecessController: com.YourCompany.ar_3_meta(state: Initial -> Freezeable, Reason: uidIdle)
08-04 21:44:59.884  3304  3406 I ViewRootImpl@53c7579[macbeth_air_2]: mWNT: t=0xb4000078105f2100 mBlastBufferQueue=0xb4000077cc016000 fn= 4 caller= android.view.SyncRtSurfaceTransactionApplier.applyTransaction:96 android.view.SyncRtSurfaceTransactionApplier.lambda$scheduleApply$0$android-view-SyncRtSurfaceTransactionApplier:69 android.view.SyncRtSurfaceTransactionApplier$$ExternalSyntheticLambda0.onFrameDraw:4 
08-04 21:44:59.900  1471  1716 I WindowManager: Reparenting to original parent: Surface(name=DefaultTaskDisplayArea)/@0x82799a2, destroy=true, surface=Surface(name=Task=1)/@0x8f07506
08-04 21:44:59.901  1471  1716 V WindowManager: Setting visibility of Window{660eebf u0 com.samsung.android.app.spage}: false, caller=com.android.server.wm.WindowContainer.sendAppVisibilityToClients:1246 com.android.server.wm.WindowState.sendAppVisibilityToClients:4180 com.android.server.wm.WindowContainer.sendAppVisibilityToClients:1246 com.android.server.wm.WindowToken.setClientVisible:431 com.android.server.wm.ActivityRecord.setClientVisible:7691 
08-04 21:44:59.901  1471  1716 V WindowManager: Setting visibility of Window{53544cc u0 com.sec.android.app.launcher/com.sec.android.app.launcher.activities.LauncherActivity}: false, caller=com.android.server.wm.WindowContainer.sendAppVisibilityToClients:1246 com.android.server.wm.WindowToken.setClientVisible:431 com.android.server.wm.ActivityRecord.setClientVisible:7691 com.android.server.wm.ActivityRecord.onAnimationFinished:8590 com.android.server.wm.WindowContainer.doAnimationFinished:3483 
08-04 21:44:59.901  2019  2019 I ViewRootImpl@e67d9f8[]: handleAppVisibility mAppVisible = true visible = false
08-04 21:44:59.901  1471  1716 I WindowManager: Reparenting to original parent: Surface(name=DefaultTaskDisplayArea)/@0x82799a2, destroy=true, surface=Surface(name=Task=5218)/@0x8f232a3
08-04 21:44:59.902  3837  3837 I ViewRootImpl@a0b1c3[LauncherActivity]: handleAppVisibility mAppVisible = true visible = false
08-04 21:44:59.902  1471  1716 V WindowManager: Setting visibility of Window{9d5c9d4 u0 com.android.systemui.ImageWallpaper}: false, caller=com.android.server.wm.WindowContainer.sendAppVisibilityToClients:1246 com.android.server.wm.WindowToken.setClientVisible:431 com.android.server.wm.WallpaperWindowToken.setVisible:160 com.android.server.wm.WallpaperWindowToken.updateWallpaperWindows:154 com.android.server.wm.WallpaperController.updateWallpaperTokens:676 
08-04 21:44:59.902  3304  5550 D WallpaperService: dispatchAppVisibility onVisibilityChanged(): false
08-04 21:44:59.903  3304  3395 D OpenGLRenderer: setSurface called with nullptr
08-04 21:44:59.903  3304  3395 D OpenGLRenderer: setSurface() destroyed EGLSurface
08-04 21:44:59.903  1471  2552 I AppOps  : updateUidProcState uid: 10062 procState: 0 capability:15
08-04 21:44:59.904  3304  3395 D OpenGLRenderer: destroyEglSurface
08-04 21:44:59.905  1506  6707 I CameraService: onUidStateChanged: uid=10062, procState is changed. (1 -> 0)
08-04 21:44:59.907  3304  3392 I ViewRootImpl@53c7579[macbeth_air_2]: performTraversals params={(0,0)(fillxfill) sim={adjust=pan} ty=APPLICATION_STARTING fmt=TRANSLUCENT wanim=0x1030001 alpha=0.0
08-04 21:44:59.907  3304  3392 I ViewRootImpl@53c7579[macbeth_air_2]:   fl=81030118
08-04 21:44:59.907  3304  3392 I ViewRootImpl@53c7579[macbeth_air_2]:   pfl=16000010
08-04 21:44:59.907  3304  3392 I ViewRootImpl@53c7579[macbeth_air_2]:   bhv=DEFAULT
08-04 21:44:59.907  3304  3392 I ViewRootImpl@53c7579[macbeth_air_2]:   fitSides= naviIconColor=0}
08-04 21:44:59.907  3304  3392 I ViewRootImpl@53c7579[macbeth_air_2]: performTraversals mFirst=false windowShouldResize=false viewVisibilityChanged=true mForceNextWindowRelayout=false params={(0,0)(fillxfill) sim={adjust=pan} ty=APPLICATION_STARTING fmt=TRANSLUCENT wanim=0x1030001 alpha=0.0
08-04 21:44:59.907  3304  3392 I ViewRootImpl@53c7579[macbeth_air_2]:   fl=81030118
08-04 21:44:59.907  3304  3392 I ViewRootImpl@53c7579[macbeth_air_2]:   pfl=16000010
08-04 21:44:59.907  3304  3392 I ViewRootImpl@53c7579[macbeth_air_2]:   bhv=DEFAULT
08-04 21:44:59.907  3304  3392 I ViewRootImpl@53c7579[macbeth_air_2]:   fitSides= naviIconColor=0}
08-04 21:44:59.909  3304  3304 D WallpaperService: reportVisibility onVisibilityChanged visible: false
08-04 21:44:59.909  3304  3426 I ImageWallpaper[GLEngine]:  onVisibilityChanged false , 0
08-04 21:44:59.909  1471  2552 V WindowManager: Relayout Window{4bb8de6 u0 Splash Screen com.YourCompany.macbeth_air_2}: viewVisibility=8 req=1080x2400 d0
08-04 21:44:59.909  1471  1715 I AppOps  : updateUidProcState uid: 10243 procState: 5 capability:15
08-04 21:44:59.909  1471  1715 I ActivityManager: Changes in 10144 2 to 5, 15 to 8
08-04 21:44:59.909  1471  1715 I AppOps  : updateUidProcState uid: 10120 procState: 5 capability:15
08-04 21:44:59.909  1471  2552 D WindowManager: updateSystemBarAttributes: displayId=0, win=Window{6d0718 u0 com.YourCompany.macbeth_air_2/com.epicgames.unreal.GameActivity}, navColorWin=null, focusedCanBeNavColorWin=false, behavior=2, appearance=0, statusBarAppearanceRegions=[], requestedVisibilities=ITYPE_STATUS_BAR: invisible, ITYPE_NAVIGATION_BAR: invisible, ITYPE_CLIMATE_BAR: invisible, ITYPE_EXTRA_NAVIGATION_BAR: invisible, ITYPE_LOCAL_NAVIGATION_BAR_1: invisible, ITYPE_LOCAL_NAVIGATION_BAR_2: invisible, from=com.android.server.wm.DisplayPolicy.finishPostLayoutPolicyLw:2527 com.android.server.wm.DisplayContent.applySurfaceChangesTransaction:5713 com.android.server.wm.RootWindowContainer.applySurfaceChangesTransaction:1234 
08-04 21:44:59.912  3304  3304 D SamsungLightBarControlHelper: onStatusBarAppearanceChanged() -  sbModeChanged:false, statusBarMode:MODE_TRANSPARENT, barState:SHADE, isKeyguardShowing:false, navbarColorManagedByIme:false, stackAppearancesChanged:true, (), packageName:com.YourCompany.macbeth_air_2
08-04 21:44:59.913  1471  2552 V WindowManager: Relayout hash=4bb8de6, pid=3304, syncId=-1: mAttrs={(0,0)(fillxfill) sim={adjust=pan} ty=APPLICATION_STARTING fmt=TRANSLUCENT wanim=0x1030001 alpha=0.0
08-04 21:44:59.913  1471  2552 V WindowManager:   fl=81030118
08-04 21:44:59.913  1471  2552 V WindowManager:   pfl=16000010
08-04 21:44:59.913  1471  2552 V WindowManager:   bhv=DEFAULT
08-04 21:44:59.913  1471  2552 V WindowManager:   fitSides= naviIconColor=0}
08-04 21:44:59.914  1331  1383 I SurfaceFlinger: id=24008 Removed f76d2d3 ActivityRecordInputSink com.YourCompany.macbeth_air_2/com.epicgames.unreal.SplashActivity#24008 (201)
08-04 21:44:59.914  3304  3392 I ViewRootImpl@53c7579[macbeth_air_2]: Relayout returned: old=(0,0,1080,2400) new=(0,0,1080,2400) req=(1080,2400)8 dur=7 res=0x2 s={false 0x0} ch=true seqId=0
08-04 21:44:59.915  3304  3392 I ViewRootImpl@53c7579[macbeth_air_2]: dispatchDetachedFromWindow
08-04 21:44:59.915  1471  2552 D CoreBackPreview: Window{4bb8de6 u0 Splash Screen com.YourCompany.macbeth_air_2}: Setting back callback null
08-04 21:44:59.915  1471  6778 D WindowManager: Starting window removed Window{4bb8de6 u0 Splash Screen com.YourCompany.macbeth_air_2}
08-04 21:44:59.915  1471  6778 I WindowManager: Cancelling animation restarting=false, leash=Surface(name=Surface(name=6d0718 com.YourCompany.macbeth_air_2/com.epicgames.unreal.GameActivity)/@0x24c343a - animation-leash of starting_reveal)/@0xd91ace1
08-04 21:44:59.915  1471  6778 I WindowManager: Reparenting to original parent: Surface(name=ActivityRecord{98bbcef u0 com.YourCompany.macbeth_air_2/com.epicgames.unreal.GameActivity} t5218})/@0x13818eb, destroy=false, surface=Surface(name=6d0718 com.YourCompany.macbeth_air_2/com.epicgames.unreal.GameActivity)/@0x24c343a
08-04 21:44:59.916  1471  6778 D InputTransport: Input channel destroyed: '4bb8de6', fd=893
08-04 21:44:59.916  1471  6778 W InputManager-JNI: Input channel object '4bb8de6 Splash Screen com.YourCompany.macbeth_air_2 (client)' was disposed without first being removed with the input manager!
08-04 21:44:59.916  1471  6778 D InputTransport: Input channel destroyed: '4bb8de6', fd=920
08-04 21:44:59.916  1471  6778 V WindowManager: Remove Window{4bb8de6 u0 Splash Screen com.YourCompany.macbeth_air_2}: mSurfaceController=Surface(name=Splash Screen com.YourCompany.macbeth_air_2$_3304)/@0xbc3ff2 mAnimatingExit=false mRemoveOnExit=false mHasSurface=true surfaceShowing=false animating=false app-animation=false mWillReplaceWindow=false mDisplayFrozen=false callers=com.android.server.wm.WindowState.removeIfPossible:3041 com.android.server.wm.WindowManagerService.removeWindow:2282 com.android.server.wm.Session.remove:236 android.view.IWindowSession$Stub.onTransact:743 com.android.server.wm.Session.onTransact:188 android.os.Binder.execTransactInternal:1316 
08-04 21:44:59.916  1471  6778 I WindowManager: Destroying surface Surface(name=Splash Screen com.YourCompany.macbeth_air_2$_3304)/@0xbc3ff2 called by com.android.server.wm.WindowStateAnimator.destroySurface:942 com.android.server.wm.WindowStateAnimator.destroySurfaceLocked:536 com.android.server.wm.WindowState.removeImmediately:2969 com.android.server.wm.WindowState.removeIfPossible:3228 com.android.server.wm.WindowState.removeIfPossible:3041 com.android.server.wm.WindowManagerService.removeWindow:2282 com.android.server.wm.Session.remove:236 android.view.IWindowSession$Stub.onTransact:743 
08-04 21:44:59.916  1471  6778 D InputTransport: Input channel constructed: 'Letterb', fd=893
08-04 21:44:59.917  1471  6778 D InputTransport: Input channel constructed: 'Letterb', fd=920
08-04 21:44:59.917  1331  1331 I Layer   : id=24006 removedFromDrawingState Surface(name=Task=1)/@0x8f07506 - animation-leash of app_transition#24006 (201)
08-04 21:44:59.917  1331  1331 I Layer   : Layer [com.sec.android.app.launcher/com.sec.android.app.launcher.activities.LauncherActivity$_3837#23969] hidden!! flag(1)
08-04 21:44:59.917  1471  6778 D InputTransport: Input channel constructed: 'Letterb', fd=1084
08-04 21:44:59.917  1471  6778 D InputTransport: Input channel constructed: 'Letterb', fd=1085
08-04 21:44:59.917  1331  1331 I Layer   : id=24007 removedFromDrawingState Surface(name=Task=5218)/@0x8f232a3 - animation-leash of app_transition#24007 (201)
08-04 21:44:59.917  1471  6778 D InputTransport: Input channel constructed: 'Letterb', fd=1086
08-04 21:44:59.917  1471  6778 D InputTransport: Input channel constructed: 'Letterb', fd=1089
08-04 21:44:59.917  1471  6778 D InputTransport: Input channel constructed: 'Letterb', fd=1090
08-04 21:44:59.917  1471  6778 D InputTransport: Input channel constructed: 'Letterb', fd=1091
08-04 21:44:59.917  1331  1331 I Layer   : Layer [Splash Screen com.YourCompany.macbeth_air_2$_3304#24005] hidden!! flag(1)
08-04 21:44:59.917  1331  1331 I SurfaceFlinger: id=24007 Removed Surface(name=Task=5218)/@0x8f232a3 - animation-leash of app_transition#24007 (201)
08-04 21:44:59.917  1331  1331 I SurfaceFlinger: id=24006 Removed Surface(name=Task=1)/@0x8f07506 - animation-leash of app_transition#24006 (201)
08-04 21:44:59.918  1331  1331 I Layer   : id=24006 Destroyed Surface(name=Task=1)/@0x8f07506 - animation-leash of app_transition#24006
08-04 21:44:59.918  1331  1331 I Layer   : id=24007 Destroyed Surface(name=Task=5218)/@0x8f232a3 - animation-leash of app_transition#24007
08-04 21:44:59.918  1331  1384 I SurfaceFlinger: id=24023 createSurf, flag=20004, Letterbox - top#24023
08-04 21:44:59.921  3304  3392 D InputTransport: Input channel destroyed: '4bb8de6', fd=451
08-04 21:44:59.923  3837  3837 I ViewRootImpl@a0b1c3[LauncherActivity]: performTraversals mFirst=false windowShouldResize=false viewVisibilityChanged=true mForceNextWindowRelayout=false params=null
08-04 21:44:59.924  1471  2552 V WindowManager: Relayout Window{53544cc u0 com.sec.android.app.launcher/com.sec.android.app.launcher.activities.LauncherActivity}: viewVisibility=8 req=1080x2400 d0
08-04 21:44:59.925  1471  2552 V WindowManager: Relayout hash=53544cc, pid=3837, syncId=-1: mAttrs={(0,0)(fillxfill) sim={adjust=nothing forwardNavigation} layoutInDisplayCutoutMode=shortEdges ty=BASE_APPLICATION fmt=TRANSPARENT wanim=0x10302f4
08-04 21:44:59.925  1471  2552 V WindowManager:   fl=81910100
08-04 21:44:59.925  1471  2552 V WindowManager:   pfl=1e020040
08-04 21:44:59.925  1471  2552 V WindowManager:   vsysui=1700
08-04 21:44:59.925  1471  2552 V WindowManager:   bhv=SHOW_TRANSIENT_BARS_BY_SWIPE
08-04 21:44:59.925  1471  2552 V WindowManager:   fitSides= naviIconColor=0}
08-04 21:44:59.927  3837  3837 I ViewRootImpl@a0b1c3[LauncherActivity]: Relayout returned: old=(0,0,1080,2400) new=(0,0,1080,2400) req=(1080,2400)8 dur=3 res=0x2 s={false 0x0} ch=true seqId=0
08-04 21:44:59.927  3837  3837 I ViewRootImpl@a0b1c3[LauncherActivity]: stopped(true) old = false
08-04 21:44:59.927  3837  3837 I ViewRootImpl@a0b1c3[LauncherActivity]: WindowStopped on com.sec.android.app.launcher/com.sec.android.app.launcher.activities.LauncherActivity set to true
08-04 21:44:59.927  3837  3837 I Launcher: !@Boot_DEBUG: Launcher.onStop()
08-04 21:44:59.927  3837  3837 I Launcher: !@Boot_EBS_D: Launcher.onStop()
08-04 21:44:59.927  3837  3837 I BaseActivity: removeActivityFlags, flags : 17
08-04 21:44:59.927  3837  3837 I WallpaperBlurController: dispatchTransactionSurface: mCurrentBlur = 150
08-04 21:44:59.928  3837  4244 I IMM_LC  : hsifw() - flag : 0
08-04 21:44:59.928  3837  4244 I IMM_LC  : hsifw() - mService.hideSoftInput
08-04 21:44:59.928  1331  1331 D SurfaceFlinger: Display 4630947232161729153 HWC layers:
08-04 21:44:59.928  1331  1331 D SurfaceFlinger:  SOLID_COLOR |              | 0002 |  Unknown  |    0.0    0.0    0.0    0.0 |    0   88 1080 2400 | Background for SurfaceView[com.YourC[...]icgames.unreal.GameActivity]@0#24020
08-04 21:44:59.928  1331  1331 D SurfaceFlinger:      DEVICE | 0xb40000773cc1a490 | 0100 | RGBA_8888    |    0.0    0.0 1080.0 2312.0 |    0   88 1080 2400 | com.YourCompany.macbeth_air_2/com.epicgames.unreal.GameActivity$_19136#24014
08-04 21:44:59.928  1331  1331 D SurfaceFlinger:      DEVICE | 0xb40000773cc1a500 | 0100 | RGBA_8888    |    0.0    0.0 1080.0 2312.0 |    0   88 1080 2400 | com.YourCompany.macbeth_air_2/com.epicgames.unreal.GameActivity$_19136#24013
08-04 21:44:59.928  1331  1331 D SurfaceFlinger:      DEVICE | 0xb4000077251fd2a0 | 0100 | RGBA_8888    |    0.0   13.0 1080.0   88.0 |    0    0 1080   75 | StatusBar$_3304#96
08-04 21:44:59.928  1331  1331 D SurfaceFlinger:      DEVICE | 0xb4000077251fd850 | 0100 | RGBA_8888    |    0.0    0.0 1080.0  124.0 |    0 2276 1080 2400 | NavigationBar0$_3304#90
08-04 21:44:59.928  1331  1331 D SurfaceFlinger:      DEVICE | 0xb40000773cc19bd0 | 0140 | RGBA_8888    |    0.0    0.0 1080.0  112.0 |    0    0 1080  112 | ScreenDecorOverlay$_3304#101
08-04 21:44:59.928  1331  1331 D SurfaceFlinger:      DEVICE | 0xb40000773cc19c40 
08-04 21:44:59.928  1331  1331 D SurfaceFlinger: | 0140 | RGBA_8888    |    0.0    0.0 1080.0  112.0 |    0 2288 1080 2400 | ScreenDecorOverlayBottom$_3304#102
08-04 21:44:59.928  1331  1331 D SurfaceFlinger: 
08-04 21:44:59.928  3837  3837 W LauncherAppWidgetHost: setShouldListenFlag, mFlags:7 flag:start on:false isFront:false
08-04 21:44:59.928  1471  2552 D InputMethodManagerService: hideSoftInput
08-04 21:44:59.928  1471  6778 I AppWidgetServiceImpl: stopListening callbacks : null
08-04 21:44:59.928  1471  2552 W InputMethodManagerService: Ignoring hideSoftInput of uid 10144: com.android.internal.view.IInputMethodClient$Stub$Proxy@2cf2643
08-04 21:44:59.929  3837  3837 W LauncherAppWidgetHost: stopListening, mFlags:2 isFront:false
08-04 21:44:59.929  3837  3837 W Launcher.NotificationListener: removeNotificationsChangedListener
08-04 21:44:59.929  3837  3837 I Launcher.NotificationListener: unregisterObserver, this is not notificationService!!
08-04 21:44:59.929  3837  3837 I BadgeCountUpdaterImpl: onNotificationsChangedDisConnected
08-04 21:44:59.929  3837  3837 W PageOverlayMover: updateActivityLifecycleState : 4
08-04 21:44:59.929  2019  2064 I PageOverlayServiceImpl: [FROM HOME] updateActivityLifecycleState : 4
08-04 21:44:59.932  3837  3837 I MSHandlerLifeCycle: removeMultiSplitHandler: no exist. decor=DecorView@d181d80[LauncherActivity]
08-04 21:44:59.932  3837  4249 I LiveIconUpdateEventHandler: cancelDateChangeAlarm
08-04 21:44:59.932  2019  2019 I PageOverlayCoordinator: onUiStopped
08-04 21:44:59.932  2019  2019 I PageOverlayRootLayout: onUiStopped
08-04 21:44:59.932  3837  4249 I LiveIconUpdateEventHandler: cancelMinuteChangeAlarm
08-04 21:44:59.934  1331  1331 I Layer   : id=24003 removedFromDrawingState ActivityRecord{c063e10 u0 com.YourCompany.macbeth_air_2/com.epicgames.unreal.SplashActivity} t5218}#24003 (200)
08-04 21:44:59.934  1331  1331 I Layer   : id=24008 removedFromDrawingState f76d2d3 ActivityRecordInputSink com.YourCompany.macbeth_air_2/com.epicgames.unreal.SplashActivity#24008 (200)
08-04 21:44:59.934  1331  1331 I Layer   : id=24004 removedFromDrawingState 4bb8de6 Splash Screen com.YourCompany.macbeth_air_2#24004 (200)
08-04 21:44:59.934  1331  1331 I Layer   : id=24005 removedFromDrawingState Splash Screen com.YourCompany.macbeth_air_2$_3304#24005 (200)
08-04 21:44:59.934  1331  1331 I Layer   : id=24021 removedFromDrawingState Surface(name=6d0718 com.YourCompany.macbeth_air_2/com.epicgames.unreal.GameActivity)/@0x24c343a - animation-leash of starting_reveal#24021 (200)
08-04 21:44:59.934  1331  1331 I Layer   : id=24005 removedFromDrawingState Splash Screen com.YourCompany.macbeth_air_2$_3304#24005 (200)
08-04 21:44:59.934  1331  1331 I SurfaceFlinger: id=24003 Removed ActivityRecord{c063e10 u0 com.YourCompany.macbeth_air_2/com.epicgames.unreal.SplashActivity} t5218}#24003 (200)
08-04 21:44:59.934  1331  1331 I SurfaceFlinger: id=24004 Removed 4bb8de6 Splash Screen com.YourCompany.macbeth_air_2#24004 (200)
08-04 21:44:59.934  1331  1331 I SurfaceFlinger: id=24005 Removed Splash Screen com.YourCompany.macbeth_air_2$_3304#24005 (200)
08-04 21:44:59.935  1331  1331 I Layer   : id=24004 Destroyed 4bb8de6 Splash Screen com.YourCompany.macbeth_air_2#24004
08-04 21:44:59.935  1331  1331 I Layer   : id=24005 Destroyed Splash Screen com.YourCompany.macbeth_air_2$_3304#24005
08-04 21:44:59.935  1331  1331 I Layer   : id=24003 Destroyed ActivityRecord{c063e10 u0 com.YourCompany.macbeth_air_2/com.epicgames.unreal.SplashActivity} t5218}#24003
08-04 21:44:59.936  1331  1331 I Layer   : id=24008 Destroyed f76d2d3 ActivityRecordInputSink com.YourCompany.macbeth_air_2/com.epicgames.unreal.SplashActivity#24008
08-04 21:44:59.936  1471  2552 E WindowManager: win=Window{53544cc u0 com.sec.android.app.launcher/com.sec.android.app.launcher.activities.LauncherActivity} destroySurfaces: appStopped=true cleanupOnResume=false win.mWindowRemovalAllowed=false win.mRemoveOnExit=false win.mViewVisibility=8 caller=com.android.server.wm.ActivityRecord.destroySurfaces:6539 com.android.server.wm.ActivityRecord.destroySurfaces:6520 com.android.server.wm.ActivityRecord.notifyAppStopped:6584 com.android.server.wm.ActivityRecord.activityStopped:7172 com.android.server.wm.ActivityClientController.activityStopped:258 android.app.IActivityClientController$Stub.onTransact:613 com.android.server.wm.ActivityClientController.onTransact:136 
08-04 21:44:59.936  1471  2552 I WindowManager: Destroying surface Surface(name=com.sec.android.app.launcher/com.sec.android.app.launcher.activities.LauncherActivity$_3837)/@0xaade4c0 called by com.android.server.wm.WindowStateAnimator.destroySurface:942 com.android.server.wm.WindowStateAnimator.destroySurfaceLocked:536 com.android.server.wm.WindowState.destroySurfaceUnchecked:4306 com.android.server.wm.WindowState.destroySurface:4280 com.android.server.wm.ActivityRecord.destroySurfaces:6539 com.android.server.wm.ActivityRecord.destroySurfaces:6520 com.android.server.wm.ActivityRecord.notifyAppStopped:6584 com.android.server.wm.ActivityRecord.activityStopped:7172 
08-04 21:44:59.937  1471  2552 D ActivityTaskManager: mStartingWindow and mStartingData is null for token=ActivityRecord{882952b u0 com.sec.android.app.launcher/.activities.LauncherActivity} t5032}
08-04 21:44:59.939  1471  1713 D Native_CFMS: CFMS Delete Task Tid(19136)
08-04 21:44:59.939  1471  1713 D Native_CFMS: CFMS Delete Task Tid(6305)
08-04 21:44:59.939  1471  1713 D Native_CFMS: CFMS Delete Task Tid(6609)
08-04 21:44:59.939  1471  1713 D Native_CFMS: CFMS Delete Task Tid(6610)
08-04 21:44:59.939  1471  1713 D Native_CFMS: CFMS Delete Task Tid(19368)
08-04 21:44:59.939  1471  1713 D Native_CFMS: CFMS Delete Task Tid(19369)
08-04 21:44:59.939  1471  1713 D Native_CFMS: CFMS Delete Task Tid(19355)
08-04 21:44:59.940  1471  1713 D Native_CFMS: CFMS Delete Task Tid(3837)
08-04 21:44:59.940  1471  1713 D Native_CFMS: CFMS Add Task Tid(19136)
08-04 21:44:59.940  1471  1713 D Native_CFMS: CFMS Add Task Tid(19355)
08-04 21:44:59.940  1471  1713 D Native_CFMS: CFMS Add Task Tid(19369)
08-04 21:44:59.940  1471  1713 D Native_CFMS: CFMS Add Task Tid(19368)
08-04 21:44:59.942  1331  1331 D SurfaceFlinger: Display 4630947232161729153 HWC layers:
08-04 21:44:59.942  1331  1331 D SurfaceFlinger:  SOLID_COLOR |              | 0000 |  Unknown  |    0.0    0.0    0.0    0.0 |    0    0 1080   88 | Letterbox - top#24023
08-04 21:44:59.942  1331  1331 D SurfaceFlinger:  SOLID_COLOR |              | 0002 |  Unknown  |    0.0    0.0    0.0    0.0 |    0   88 1080 2400 | Background for SurfaceView[com.YourC[...]icgames.unreal.GameActivity]@0#24020
08-04 21:44:59.942  1331  1331 D SurfaceFlinger:      DEVICE | 0xb40000773cc1a490 | 0100 | RGBA_8888    |    0.0    0.0 1080.0 2312.0 |    0   88 1080 2400 | com.YourCompany.macbeth_air_2/com.epicgames.unreal.GameActivity$_19136#24014
08-04 21:44:59.942  1331  1331 D SurfaceFlinger:      DEVICE | 0xb40000773cc1a500 | 0100 | RGBA_8888    |    0.0    0.0 1080.0 2312.0 |    0   88 1080 2400 | com.YourCompany.macbeth_air_2/com.epicgames.unreal.GameActivity$_19136#24013
08-04 21:44:59.942  1331  1331 D SurfaceFlinger:      DEVICE | 0xb4000077251fd2a0 | 0100 | RGBA_8888    |    0.0   21.0 1080.0   88.0 |    0    0 1080   67 | StatusBar$_3304#96
08-04 21:44:59.942  1331  1331 D SurfaceFlinger:      DEVICE | 0xb400007725a66fd0 | 0100 | RGBA_8888    |    0.0    0.0 1080.0  109.0 |    0 2291 1080 2400 | NavigationBar0$_3304#90
08-04 21:44:59.942  1331  1331 D SurfaceFlinger:      DEVICE | 0xb40000773cc19bd0 | 0140 | RGBA_8
08-04 21:44:59.942  1331  1331 D SurfaceFlinger: 888    |    0.0    0.0 1080.0  112.0 |    0    0 1080  112 | ScreenDecorOverlay$_3304#101
08-04 21:44:59.942  1331  1331 D SurfaceFlinger:      DEVICE | 0xb40000773cc19c40 | 0140 | RGBA_8888    |    0.0    0.0 1080.0  112.0 |    0 2288 1080 2400 | ScreenDecorOverlayBottom$_3304#102
08-04 21:44:59.942  1331  1331 D SurfaceFlinger: 
08-04 21:44:59.950  1331  1331 I Layer   : id=23969 removedFromDrawingState com.sec.android.app.launcher/com.sec.android.app.launcher.activities.LauncherActivity$_3837#23969 (196)
08-04 21:44:59.950  1331  1331 I SurfaceFlinger: id=23969 Removed com.sec.android.app.launcher/com.sec.android.app.launcher.activities.LauncherActivity$_3837#23969 (196)
08-04 21:44:59.951  1331  1331 I Layer   : id=23969 Destroyed com.sec.android.app.launcher/com.sec.android.app.launcher.activities.LauncherActivity$_3837#23969
08-04 21:44:59.960  3304  3409 D MobileStatusTracker(0/1): onSignalStrengthsChanged level=2, vendorLevel=2
08-04 21:44:59.961  3304  3409 D MobileSignalController(0/1): notifyListener: enabled=true, connected=true, dataConnected=false, networkType=LTE (LTE), emergencyOnly=false, roaming=false, isDefault=false, dataActivity=, level=2, ca=false, mmWave=false, disabledDataIcon=false, simCard=ETC
08-04 21:44:59.961  3304  3409 D NetworkController: SignalStrength from intent slotId=0
08-04 21:44:59.965  1471  3208 D SemNscXgbMsL1: Probability - Cloud gaming: [0.044848464]
08-04 21:44:59.965  1471  3208 D SemNscXgbMsL1: Probability - Real time: [0.08443894]
08-04 21:44:59.965  1471  3208 D SemNscXgbMsL1: Probability - Non real time: [0.49060565]
08-04 21:44:59.965  1471  3208 D SemNscXgbMsL1: 1 sample inference time: 0.175625 msecs
08-04 21:44:59.965  1471  3208 D SemNscXgbL2Rt: L2 RT 1 sample inference time: 0.31349 msecs
08-04 21:44:59.966  1471  3208 D SemNscXgbL2Nrt: L2 NRT 1 sample inference time: 0.212292 msecs
08-04 21:45:00.001  3304  3929 D QSClockBellTower: onReceive(android.intent.action.TIME_TICK) mTimeZoneString:null
08-04 21:45:00.002  3304  3304 D KeyguardUpdateMonitor: received broadcast android.intent.action.TIME_TICK
08-04 21:45:00.003  1471  1471 I EyeComfortSolutionService: action  :  android.intent.action.TIME_TICK
08-04 21:45:00.003  3304  3304 D QSClockBellTower: He is ready to ring the bell. (((QSClockBellSound - TimeText:9:45, TimeContentDescription:9:45 p.m., DateText:Fri, August 4, ShortDateText:Fri, Aug 4, Demo:false, QuickStar-Second(false|12:34:56))))
08-04 21:45:00.004  3304  3304 D QSClockIndicatorView: Home Indicator status_bar_clock 9:45 notifyTimeChanged(QSClockBellSound - TimeText:9:45, TimeContentDescription:9:45 p.m., DateText:Fri, August 4, ShortDateText:Fri, Aug 4, Demo:false, QuickStar-Second(false|12:34:56)) ClockVisibleByPolicy:true, ClockVisibleByUser:true, visible?true, parent:android.widget.LinearLayout{b745c4a V.E...... ......ID 0,0-75,54 #7f0b04f1 app:id/left_clock_container}
08-04 21:45:00.004  3304  3304 D QSClockBellTower: Everyone heard the bell. run(currentTime:1691210700003,   getTime():Fri Aug 04 21:45:00 PDT 2023,   getTimeZone():libcore.util.ZoneInfo[mDstSavings=3600000,mUseDst=true,mDelegate=[id="America/Vancouver",mRawOffset=-28800000,mEarliestRawOffset=-29548000,transitions=190]])
08-04 21:45:00.011  3304  3304 I FaceWidgetPositionAlgorithm: getClockContainerHeight() supplier = 309, bottom margin = 0, real height = 381
08-04 21:45:00.012  3304  3304 I FaceWidgetPositionAlgorithm: getClockContainerHeight() supplier = 309, bottom margin = 72, real height = 381
08-04 21:45:00.012  3304  3304 I FaceWidgetPositionAlgorithm: getMediaContainerHeight() height = 522 container Visibility = 8, isValid = false, mIsDozing = false, fraction = 1.0, source = 0, target = 0
08-04 21:45:00.012  3304  3304 I FaceWidgetPositionAlgorithm: getMediaContainerHeight() supplier = 0
08-04 21:45:00.012  3304  3304 V QsExpandAnimator: setQsExpansionPosition 0.0
08-04 21:45:00.013 17552 17552 I dnwd    : onPause
08-04 21:45:00.014  3304  3304 D KeyguardUpdateMonitor: handleTimeUpdate
08-04 21:45:00.014  3304  3304 D FaceWidgetPagesController: onTimeChanged()
08-04 21:45:00.014  3304  3304 V QsExpandAnimator: updateAnimators
08-04 21:45:00.014  3304  3304 V QsExpandAnimator: clearAnimationState 
08-04 21:45:00.014  3304  3304 V QsExpandAnimator: updateViews
08-04 21:45:00.015  3304  3304 V QsExpandAnimator: updateTileAnimator
08-04 21:45:00.015  3304  3304 V QsExpandAnimator: updateHeaderAnimator
08-04 21:45:00.015  3304  3304 V QsExpandAnimator: updateBarAnimator
08-04 21:45:00.015  3304  3304 V QsExpandAnimator: setQsExpansionPosition 0.0
08-04 21:45:00.015  3304  3304 V QsExpandAnimator: onAnimationAtStart
08-04 21:45:00.068  1471  3631 D MdnieScenarioControlService:  packageName : com.YourCompany.macbeth_air_2    className : com.epicgames.unreal.GameActivity
08-04 21:45:00.069  1471  3631 V MdnieScenarioControlService: setUIMode from UI function(3)
08-04 21:45:00.091 19136 19364 D UE      : ANativeWindow_setBuffersTransform is supported on this device
08-04 21:45:00.091 19136 19364 D UE      : EGL Extensions: 
08-04 21:45:00.091 19136 19364 D UE      : EGL_ANDROID_front_buffer_auto_refresh EGL_ANDROID_get_frame_timestamps EGL_ANDROID_get_native_client_buffer EGL_ANDROID_presentation_time EGL_EXT_surface_CTA861_3_metadata EGL_EXT_surface_SMPTE2086_metadata EGL_KHR_get_all_proc_addresses EGL_KHR_swap_buffers_with_damage EGL_EXT_gl_colorspace_scrgb EGL_EXT_gl_colorspace_scrgb_linear EGL_EXT_gl_colorspace_display_p3_linear EGL_EXT_gl_colorspace_display_p3 EGL_EXT_gl_colorspace_display_p3_passthrough EGL_EXT_gl_colorspace_bt2020_linear EGL_EXT_gl_colorspace_bt2020_pq EGL_ANDROID_image_native_buffer EGL_ANDROID_native_fence_sync EGL_ANDROID_recordable EGL_EXT_create_context_robustness EGL_EXT_image_gl_colorspace EGL_EXT_pixel_format_float EGL_EXT_protected_content EGL_EXT_yuv_surface EGL_IMG_context_priority EGL_KHR_create_context EGL_KHR_create_context_no_error EGL_KHR_fence_sync EGL_KHR_gl_colorspace EGL_KHR_gl_renderbuffer_image EGL_KHR_gl_texture_2D_image EGL_KHR_gl_texture_3D_image EGL_KHR_gl_texture_cubemap_image EGL_KHR_image EGL_KHR_image_base EGL_KHR_lo
08-04 21:45:00.092 19136 19364 D UE      : FAndroidGPUInfo
08-04 21:45:00.092 19136 19364 D UE      : AndroidEGL::InitRenderSurface 0, 1
08-04 21:45:00.093 19136 19364 D UE      : AndroidEGL::InitRenderSurface, Using width: 592, height 1280 
08-04 21:45:00.093 19136 19364 D UE      : [GameActivity] [JAVA] - SetDesiredViewSize width=592 and height=1280
08-04 21:45:00.093 19136 19364 D UE      : AndroidEGL::InitRenderSurface, wnd: 0x78a9266010, width: 592, height 1280 
08-04 21:45:00.093 19136 19364 D UE      : AndroidEGL::CreateEGLRenderSurface() 0x7898fafb00
08-04 21:45:00.093 19136 19364 D UE      : AndroidEGL::InitSharedSurface 0
08-04 21:45:00.093 19136 19364 D UE      : AndroidEGL::InitSharedSurface, Using width: 592, height 1280 
08-04 21:45:00.093 19136 19364 D UE      : AndroidEGL::InitSharedSurface, width: 592, height 1280 
08-04 21:45:00.093 19136 19364 D UE      : AndroidEGL::CreateEGLSharedSurface(), auxSurface = eglCreatePbufferSurface(), 592x1280
08-04 21:45:00.103 19136 19364 D vulkan  : searching for layers in '/data/app/~~RdLy_i3NPZqRWOTS3YjZsw==/com.YourCompany.macbeth_air_2-hC63vbsGUcCE5f7pejTaKQ==/lib/arm64'
08-04 21:45:00.104 19136 19364 D vulkan  : searching for layers in '/data/app/~~RdLy_i3NPZqRWOTS3YjZsw==/com.YourCompany.macbeth_air_2-hC63vbsGUcCE5f7pejTaKQ==/base.apk!/lib/arm64-v8a'
08-04 21:45:00.107 19136 19364 I AdrenoVK-0: ===== BEGIN DUMP OF OVERRIDDEN SETTINGS =====
08-04 21:45:00.107 19136 19364 I AdrenoVK-0: ===== END DUMP OF OVERRIDDEN SETTINGS =====
08-04 21:45:00.108 19136 19364 I AdrenoVK-0: QUALCOMM build          : 193b2ee, I593c16c433
08-04 21:45:00.108 19136 19364 I AdrenoVK-0: Build Date              : 10/07/21
08-04 21:45:00.108 19136 19364 I AdrenoVK-0: Shader Compiler Version : EV031.32.02.10
08-04 21:45:00.108 19136 19364 I AdrenoVK-0: Local Branch            : Test-lib-SR05432264
08-04 21:45:00.108 19136 19364 I AdrenoVK-0: Remote Branch           : 
08-04 21:45:00.108 19136 19364 I AdrenoVK-0: Remote Branch           : 
08-04 21:45:00.108 19136 19364 I AdrenoVK-0: Reconstruct Branch      : 
08-04 21:45:00.108 19136 19364 I AdrenoVK-0: Build Config            : S P 10.0.5 AArch64
08-04 21:45:00.108 19136 19364 I AdrenoVK-0: Driver Path             : /vendor/lib64/hw/vulkan.adreno.so
08-04 21:45:00.152 19136 19364 D UE      : LogPluginManager: Mounting Engine plugin EnhancedInput
08-04 21:45:00.154  1235 19382 I HYPER-HAL: [ResourceManager.cpp]removeResource(): [CPUMinFreq] RemoveResource Request ID : 1113799
08-04 21:45:00.154  1235 19382 I HYPER-HAL: [RequestManager.cpp]releaseLocked(): Released ID : 1113799
08-04 21:45:00.160  1331  1331 D SurfaceFlinger: Display 4630947232161729153 HWC layers:
08-04 21:45:00.160  1331  1331 D SurfaceFlinger:  SOLID_COLOR |              | 0000 |  Unknown  |    0.0    0.0    0.0    0.0 |    0    0 1080   88 | Letterbox - top#24023
08-04 21:45:00.160  1331  1331 D SurfaceFlinger:  SOLID_COLOR |              | 0002 |  Unknown  |    0.0    0.0    0.0    0.0 |    0   88 1080 2400 | Background for SurfaceView[com.YourC[...]icgames.unreal.GameActivity]@0#24020
08-04 21:45:00.160  1331  1331 D SurfaceFlinger:      DEVICE | 0xb40000773cc1a490 | 0100 | RGBA_8888    |    0.0    0.0 1080.0 2312.0 |    0   88 1080 2400 | com.YourCompany.macbeth_air_2/com.epicgames.unreal.GameActivity$_19136#24014
08-04 21:45:00.160  1331  1331 D SurfaceFlinger:      DEVICE | 0xb40000773cc1a500 | 0100 | RGBA_8888    |    0.0    0.0 1080.0 2312.0 |    0   88 1080 2400 | com.YourCompany.macbeth_air_2/com.epicgames.unreal.GameActivity$_19136#24013
08-04 21:45:00.160  1331  1331 D SurfaceFlinger:      DEVICE | 0xb40000773cc19bd0 | 0140 | RGBA_8888    |    0.0    0.0 1080.0  112.0 |    0    0 1080  112 | ScreenDecorOverlay$_3304#101
08-04 21:45:00.160  1331  1331 D SurfaceFlinger:      DEVICE | 0xb40000773cc19c40 | 0140 | RGBA_8888    |    0.0    0.0 1080.0  112.0 |    0 2288 1080 2400 | ScreenDecorOverlayBottom$_3304#102
08-04 21:45:00.160  1331  1331 D SurfaceFlinger: 
08-04 21:45:00.169  1471  3631 V MdnieScenarioControlService: mAclOffEnabled : false mAclPreviewState : false mAclCompensationState : false
08-04 21:45:00.174   696   696 D io_stats: !@   8,0 r 16712142 424552740 w 5995147 171036640 d 3373219 168426332 f 0 0 iot 4520748 0 th 0 0 0 pt 0 inp 0 0 224227.263
08-04 21:45:00.178  1235 19345 I HYPER-HAL: [ResourceManager.cpp]removeResource(): [CPULittleMinFreq] RemoveResource Request ID : 1133299
08-04 21:45:00.180  1235 19345 I HYPER-HAL: [ResourceManager.cpp]removeResource(): [CPUMinFreq] RemoveResource Request ID : 1133299
08-04 21:45:00.180  1235 19345 I HYPER-HAL: [RequestManager.cpp]releaseLocked(): Released ID : 1133299
08-04 21:45:00.181 19136 19364 D UE      : LogPluginManager: Mounting Engine plugin MeshPainting
08-04 21:45:00.181 19136 19364 D UE      : LogPluginManager: Mounting Engine plugin TraceUtilities
08-04 21:45:00.181 19136 19364 D UE      : LogPluginManager: Mounting Engine plugin AISupport
