08-04 21:45:00.348 19136 19364 D UE      : [2023.08.05-04.45.00:348][  0]LogAndroid: Display: Detected thermal sensor `modem-streamer-usr` at /sys/devices/virtual/thermal/thermal_zone59/temp
08-04 21:45:00.348 19136 19364 D UE      : [2023.08.05-04.45.00:348][  0]LogAndroid: Display: Detected thermal sensor `modem-mmw0-mod-usr` at /sys/devices/virtual/thermal/thermal_zone60/temp
08-04 21:45:00.348 19136 19364 D UE      : [2023.08.05-04.45.00:348][  0]LogAndroid: Display: Detected thermal sensor `modem-mmw1-mod-usr` at /sys/devices/virtual/thermal/thermal_zone61/temp
08-04 21:45:00.348 19136 19364 D UE      : [2023.08.05-04.45.00:348][  0]LogAndroid: Display: Detected thermal sensor `modem-mmw2-mod-usr` at /sys/devices/virtual/thermal/thermal_zone62/temp
08-04 21:45:00.348 19136 19364 D UE      : [2023.08.05-04.45.00:348][  0]LogAndroid: Display: Detected thermal sensor `modem-mmw3-mod-usr` at /sys/devices/virtual/thermal/thermal_zone63/temp
08-04 21:45:00.348 19136 19364 D UE      : [2023.08.05-04.45.00:348][  0]LogAndroid: Display: Detected thermal sensor `pm8150_tz` at /sys/devices/virtual/thermal/thermal_zone64/temp
08-04 21:45:00.348 19136 19364 D UE      : [2023.08.05-04.45.00:348][  0]LogAndroid: Display: Detected thermal sensor `pm8150b-ibat-lvl0` at /sys/devices/virtual/thermal/thermal_zone65/temp
08-04 21:45:00.348 19136 19364 D UE      : [2023.08.05-04.45.00:348][  0]LogAndroid: Display: Detected thermal sensor `pm8150b-ibat-lvl1` at /sys/devices/virtual/thermal/thermal_zone66/temp
08-04 21:45:00.348 19136 19364 D UE      : [2023.08.05-04.45.00:348][  0]LogAndroid: Display: Detected thermal sensor `pm8150b-vbat-lvl0` at /sys/devices/virtual/thermal/thermal_zone67/temp
08-04 21:45:00.348 19136 19364 D UE      : [2023.08.05-04.45.00:348][  0]LogAndroid: Display: Detected thermal sensor `pm8150b-vbat-lvl1` at /sys/devices/virtual/thermal/thermal_zone68/temp
08-04 21:45:00.348 19136 19364 D UE      : [2023.08.05-04.45.00:348][  0]LogAndroid: Display: Detected thermal sensor `pm8150b-vbat-lvl2` at /sys/devices/virtual/thermal/thermal_zone69/temp
08-04 21:45:00.348 19136 19364 D UE      : [2023.08.05-04.45.00:348][  0]LogAndroid: Display: Detected thermal sensor `pm8150b-bcl-lvl0` at /sys/devices/virtual/thermal/thermal_zone70/temp
08-04 21:45:00.349 19136 19364 D UE      : [2023.08.05-04.45.00:349][  0]LogAndroid: Display: Detected thermal sensor `pm8150b-bcl-lvl1` at /sys/devices/virtual/thermal/thermal_zone71/temp
08-04 21:45:00.349 19136 19364 D UE      : [2023.08.05-04.45.00:349][  0]LogAndroid: Display: Detected thermal sensor `pm8150b-bcl-lvl2` at /sys/devices/virtual/thermal/thermal_zone72/temp
08-04 21:45:00.349 19136 19364 D UE      : [2023.08.05-04.45.00:349][  0]LogAndroid: Display: Detected thermal sensor `soc` at /sys/devices/virtual/thermal/thermal_zone73/temp
08-04 21:45:00.349 19136 19364 D UE      : [2023.08.05-04.45.00:349][  0]LogAndroid: Display: Detected thermal sensor `pm8150l_tz` at /sys/devices/virtual/thermal/thermal_zone74/temp
08-04 21:45:00.349 19136 19364 D UE      : [2023.08.05-04.45.00:349][  0]LogAndroid: Display: Detected thermal sensor `pm8150l-vph-lvl0` at /sys/devices/virtual/thermal/thermal_zone75/temp
08-04 21:45:00.349 19136 19364 D UE      : [2023.08.05-04.45.00:349][  0]LogAndroid: Display: Detected thermal sensor `pm8150l-vph-lvl1` at /sys/devices/virtual/thermal/thermal_zone76/temp
08-04 21:45:00.349 19136 19364 D UE      : [2023.08.05-04.45.00:349][  0]LogAndroid: Display: Detected thermal sensor `pm8150l-vph-lvl2` at /sys/devices/virtual/thermal/thermal_zone77/temp
08-04 21:45:00.349 19136 19364 D UE      : [2023.08.05-04.45.00:349][  0]LogAndroid: Display: Detected thermal sensor `pm8150l-bcl-lvl0` at /sys/devices/virtual/thermal/thermal_zone78/temp
08-04 21:45:00.349 19136 19364 D UE      : [2023.08.05-04.45.00:349][  0]LogAndroid: Display: Detected thermal sensor `pm8150l-bcl-lvl1` at /sys/devices/virtual/thermal/thermal_zone79/temp
08-04 21:45:00.349 19136 19364 D UE      : [2023.08.05-04.45.00:349][  0]LogAndroid: Display: Detected thermal sensor `pm8150l-bcl-lvl2` at /sys/devices/virtual/thermal/thermal_zone80/temp
08-04 21:45:00.349 19136 19364 D UE      : [2023.08.05-04.45.00:349][  0]LogAndroid: Display: Detected thermal sensor `xo-therm-usr` at /sys/devices/virtual/thermal/thermal_zone81/temp
08-04 21:45:00.349 19136 19364 D UE      : [2023.08.05-04.45.00:349][  0]LogAndroid: Display: Detected thermal sensor `usb-therm` at /sys/devices/virtual/thermal/thermal_zone82/temp
08-04 21:45:00.349 19136 19364 D UE      : [2023.08.05-04.45.00:349][  0]LogAndroid: Display: Detected thermal sensor `wpc-therm` at /sys/devices/virtual/thermal/thermal_zone83/temp
08-04 21:45:00.350 19136 19364 D UE      : [2023.08.05-04.45.00:350][  0]LogAndroid: Display: Detected thermal sensor `ac` at /sys/devices/virtual/thermal/thermal_zone84/temp
08-04 21:45:00.350 19136 19364 D UE      : [2023.08.05-04.45.00:350][  0]LogAndroid: Display: Detected thermal sensor `battery` at /sys/devices/virtual/thermal/thermal_zone85/temp
08-04 21:45:00.350 19136 19364 D UE      : [2023.08.05-04.45.00:350][  0]LogAndroid: Display: Selecting thermal sensor located at `/sys/devices/virtual/thermal/thermal_zone1/temp`
08-04 21:45:00.350 19136 19364 D UE      : [2023.08.05-04.45.00:350][  0]LogInit:  - This binary is optimized with LTO: no, PGO: no, instrumented for PGO data collection: no
08-04 21:45:00.350 19136 19364 D UE      : [2023.08.05-04.45.00:350][  0]LogInit: Memory total: Physical=5627.99MB (6GB approx) Available=2054.29MB PageSize=4.0KB
08-04 21:45:00.350 19136 19364 D UE      : [2023.08.05-04.45.00:350][  0]LogCsvProfiler: Display: Metadata set : extradevelopmentmemorymb="0"
08-04 21:45:00.352 19136 19364 D UE      : [2023.08.05-04.45.00:352][  0]LogInit: Physics initialised using underlying interface: Chaos
08-04 21:45:00.353 19136 19364 D UE      : [2023.08.05-04.45.00:353][  0]LogInit: Using OS detected language (en-CA).
08-04 21:45:00.353 19136 19364 D UE      : [2023.08.05-04.45.00:353][  0]LogInit: Using OS detected locale (en-CA).
08-04 21:45:00.354 19136 19364 D UE      : [2023.08.05-04.45.00:354][  0]LogTextLocalizationManager: No specific localization for 'en-CA' exists, so 'en' will be used for the language.
08-04 21:45:00.360  1471  1715 D SGM:GameManager: identifyForegroundApp. com.YourCompany.macbeth_air_2, mCurrentUserId: 0, callerUserId: 0
08-04 21:45:00.360  1471  1715 D SGM:PkgDataHelper: getGamePkgData(). com.YourCompany.macbeth_air_2
08-04 21:45:00.360  1471  1715 D SGM:SemGameManager: isForegroundGame(), ret=false
08-04 21:45:00.360  1471 19406 D TspStateManager: wrote command: cmd=1,45,7,15,720, type=1
08-04 21:45:00.362  1274  1274 I sysinput:Touch: writeInformation:249, OK
08-04 21:45:00.362  1471  2519 D SysinputHAL_V1_3(V1_2): runTspCmdNoRead(1): set_grip_data,1,45,7,15,720(0)
08-04 21:45:00.405 19136 19364 D UE      : [2023.08.05-04.45.00:405][  0]LogSlate: New Slate User Created. Platform User Id 0, User Index 0, Is Virtual User: 0
08-04 21:45:00.405 19136 19364 D UE      : [2023.08.05-04.45.00:405][  0]LogSlate: Slate User Registered.  User Index 0, Is Virtual User: 0
08-04 21:45:00.408 19136 19364 D UE      : [2023.08.05-04.45.00:408][  0]LogAndroid: VulkanRHI will NOT be used:
08-04 21:45:00.408 19136 19364 D UE      : [2023.08.05-04.45.00:408][  0]LogAndroid:  ** Vulkan support is not available (Driver, RHI or shaders are missing, or disabled by cmdline, see above logging for details)
08-04 21:45:00.408 19136 19364 D UE      : [2023.08.05-04.45.00:408][  0]LogAndroid:  ** Vulkan is disabled via console variable.
08-04 21:45:00.408 19136 19364 D UE      : [2023.08.05-04.45.00:408][  0]LogAndroid: OpenGL ES will be used.
08-04 21:45:00.408 19136 19364 D UE      : [2023.08.05-04.45.00:408][  0]LogAndroid: Vulkan SM5 is available but disabled for this device.
08-04 21:45:00.408 19136 19364 D UE      : [2023.08.05-04.45.00:408][  0]LogRHI: App is packaged for OpenGL ES 3.1 and an ES 3.2-capable device was detected.
08-04 21:45:00.409 19136 19364 D UE      : Device supports the following refresh rates 60 
08-04 21:45:00.409 19136 19364 D UE      : FPlatformOpenGLDevice:Init
08-04 21:45:00.409 19136 19364 D UE      : AndroidEGL::InitRenderSurface 0, 1
08-04 21:45:00.409 19136 19364 D UE      : AndroidEGL::InitRenderSurface, Using width: 592, height 1280 
08-04 21:45:00.409 19136 19364 D UE      : AndroidEGL::InitRenderSurface, wnd: 0x78a9266010, width: 592, height 1280 
08-04 21:45:00.409 19136 19364 D UE      : AndroidEGL::CreateEGLRenderSurface() Already initialized: 0x7898fafb00
08-04 21:45:00.409 19136 19364 D UE      : AndroidEGL::InitSharedSurface 0
08-04 21:45:00.409 19136 19364 D UE      : AndroidEGL::InitSharedSurface, Using width: 592, height 1280 
08-04 21:45:00.409 19136 19364 D UE      : AndroidEGL::InitSharedSurface, width: 592, height 1280 
08-04 21:45:00.409 19136 19364 D UE      : AndroidEGL::CreateEGLSharedSurface() Already initialized: 0x7898fafc00
08-04 21:45:00.410 19136 19364 D UE      : [2023.08.05-04.45.00:410][  0]LogRHI: Extension eglPresentationTimeANDROID Present
08-04 21:45:00.410 19136 19364 D UE      : [2023.08.05-04.45.00:410][  0]LogRHI: Extension eglGetNextFrameIdANDROID Present
08-04 21:45:00.410 19136 19364 D UE      : [2023.08.05-04.45.00:410][  0]LogRHI: Extension eglGetCompositorTimingANDROID Present
08-04 21:45:00.410 19136 19364 D UE      : [2023.08.05-04.45.00:410][  0]LogRHI: Extension eglGetFrameTimestampsANDROID Present
08-04 21:45:00.410 19136 19364 D UE      : [2023.08.05-04.45.00:410][  0]LogRHI: Extension eglQueryTimestampSupportedANDROID NOT Available
08-04 21:45:00.410 19136 19364 D UE      : [2023.08.05-04.45.00:410][  0]LogRHI: Extension eglGetCompositorTimingSupportedANDROID Present
08-04 21:45:00.410 19136 19364 D UE      : [2023.08.05-04.45.00:410][  0]LogRHI: Extension eglGetFrameTimestampsSupportedANDROID NOT Available
08-04 21:45:00.412 19136 19364 D UE      : [2023.08.05-04.45.00:412][  0]LogRHI: Initializing OpenGL RHI
08-04 21:45:00.412 19136 19364 D UE      : [2023.08.05-04.45.00:412][  0]LogRHI:   GL_VENDOR: Qualcomm
08-04 21:45:00.412 19136 19364 D UE      : [2023.08.05-04.45.00:412][  0]LogRHI:   GL_RENDERER: Adreno (TM) 650
08-04 21:45:00.412 19136 19364 D UE      : [2023.08.05-04.45.00:412][  0]LogRHI:   GL_VERSION: OpenGL ES 3.2 V@0502.0 (GIT@193b2ee, I593c16c433, 1633593732) (Date:10/07/21)
08-04 21:45:00.412 19136 19364 D UE      : [2023.08.05-04.45.00:412][  0]LogRHI:   GL_SHADING_LANGUAGE_VERSION: OpenGL ES GLSL ES 3.20
08-04 21:45:00.412 19136 19364 D UE      : [2023.08.05-04.45.00:412][  0]LogRHI: OpenGL Extensions:
08-04 21:45:00.412 19136 19364 D UE      : [2023.08.05-04.45.00:412][  0]LogRHI:   GL_OES_EGL_image
08-04 21:45:00.412 19136 19364 D UE      : [2023.08.05-04.45.00:412][  0]LogRHI:   GL_OES_EGL_image_external
08-04 21:45:00.412 19136 19364 D UE      : [2023.08.05-04.45.00:412][  0]LogRHI:   GL_OES_EGL_sync
08-04 21:45:00.412 19136 19364 D UE      : [2023.08.05-04.45.00:412][  0]LogRHI:   GL_OES_vertex_half_float
08-04 21:45:00.412 19136 19364 D UE      : [2023.08.05-04.45.00:412][  0]LogRHI:   GL_OES_framebuffer_object
08-04 21:45:00.412 19136 19364 D UE      : [2023.08.05-04.45.00:412][  0]LogRHI:   GL_OES_rgb8_rgba8
08-04 21:45:00.412 19136 19364 D UE      : [2023.08.05-04.45.00:412][  0]LogRHI:   GL_OES_compressed_ETC1_RGB8_texture
08-04 21:45:00.412 19136 19364 D UE      : [2023.08.05-04.45.00:412][  0]LogRHI:   GL_AMD_compressed_ATC_texture
08-04 21:45:00.412 19136 19364 D UE      : [2023.08.05-04.45.00:412][  0]LogRHI:   GL_KHR_texture_compression_astc_ldr
08-04 21:45:00.412 19136 19364 D UE      : [2023.08.05-04.45.00:412][  0]LogRHI:   GL_KHR_texture_compression_astc_hdr
08-04 21:45:00.412 19136 19364 D UE      : [2023.08.05-04.45.00:412][  0]LogRHI:   GL_OES_texture_compression_astc
08-04 21:45:00.412 19136 19364 D UE      : [2023.08.05-04.45.00:412][  0]LogRHI:   GL_OES_texture_npot
08-04 21:45:00.412 19136 19364 D UE      : [2023.08.05-04.45.00:412][  0]LogRHI:   GL_EXT_texture_filter_anisotropic
08-04 21:45:00.412 19136 19364 D UE      : [2023.08.05-04.45.00:412][  0]LogRHI:   GL_EXT_texture_format_BGRA8888
08-04 21:45:00.412 19136 19364 D UE      : [2023.08.05-04.45.00:412][  0]LogRHI:   GL_EXT_read_format_bgra
08-04 21:45:00.412 19136 19364 D UE      : [2023.08.05-04.45.00:412][  0]LogRHI:   GL_OES_texture_3D
08-04 21:45:00.412 19136 19364 D UE      : [2023.08.05-04.45.00:412][  0]LogRHI:   GL_EXT_color_buffer_float
08-04 21:45:00.412 19136 19364 D UE      : [2023.08.05-04.45.00:412][  0]LogRHI:   GL_EXT_color_buffer_half_float
08-04 21:45:00.412 19136 19364 D UE      : [2023.08.05-04.45.00:412][  0]LogRHI:   GL_QCOM_alpha_test
08-04 21:45:00.412 19136 19364 D UE      : [2023.08.05-04.45.00:412][  0]LogRHI:   GL_OES_depth24
08-04 21:45:00.412 19136 19364 D UE      : [2023.08.05-04.45.00:412][  0]LogRHI:   GL_OES_packed_depth_stencil
08-04 21:45:00.412 19136 19364 D UE      : [2023.08.05-04.45.00:412][  0]LogRHI:   GL_OES_depth_texture
08-04 21:45:00.412 19136 19364 D UE      : [2023.08.05-04.45.00:412][  0]LogRHI:   GL_OES_depth_texture_cube_map
08-04 21:45:00.412 19136 19364 D UE      : [2023.08.05-04.45.00:412][  0]LogRHI:   GL_EXT_sRGB
08-04 21:45:00.412 19136 19364 D UE      : [2023.08.05-04.45.00:412][  0]LogRHI:   GL_OES_texture_float
08-04 21:45:00.412 19136 19364 D UE      : [2023.08.05-04.45.00:412][  0]LogRHI:   GL_OES_texture_float_linear
08-04 21:45:00.412 19136 19364 D UE      : [2023.08.05-04.45.00:412][  0]LogRHI:   GL_OES_texture_half_float
08-04 21:45:00.412 19136 19364 D UE      : [2023.08.05-04.45.00:412][  0]LogRHI:   GL_OES_texture_half_float_linear
08-04 21:45:00.412 19136 19364 D UE      : [2023.08.05-04.45.00:412][  0]LogRHI:   GL_EXT_texture_type_2_10_10_10_REV
08-04 21:45:00.412 19136 19364 D UE      : [2023.08.05-04.45.00:412][  0]LogRHI:   GL_EXT_texture_sRGB_decode
08-04 21:45:00.412 19136 19364 D UE      : [2023.08.05-04.45.00:412][  0]LogRHI:   GL_EXT_texture_format_sRGB_override
08-04 21:45:00.412 19136 19364 D UE      : [2023.08.05-04.45.00:412][  0]LogRHI:   GL_OES_element_index_uint
08-04 21:45:00.412 19136 19364 D UE      : [2023.08.05-04.45.00:412][  0]LogRHI:   GL_EXT_copy_image
08-04 21:45:00.412 19136 19364 D UE      : [2023.08.05-04.45.00:412][  0]LogRHI:   GL_EXT_geometry_shader
08-04 21:45:00.412 19136 19364 D UE      : [2023.08.05-04.45.00:412][  0]LogRHI:   GL_EXT_tessellation_shader
08-04 21:45:00.412 19136 19364 D UE      : [2023.08.05-04.45.00:412][  0]LogRHI:   GL_OES_texture_stencil8
08-04 21:45:00.412 19136 19364 D UE      : [2023.08.05-04.45.00:412][  0]LogRHI:   GL_EXT_shader_io_blocks
08-04 21:45:00.412 19136 19364 D UE      : [2023.08.05-04.45.00:412][  0]LogRHI:   GL_OES_shader_image_atomic
08-04 21:45:00.412 19136 19364 D UE      : [2023.08.05-04.45.00:412][  0]LogRHI:   GL_OES_sample_variables
08-04 21:45:00.412 19136 19364 D UE      : [2023.08.05-04.45.00:412][  0]LogRHI:   GL_EXT_texture_border_clamp
08-04 21:45:00.412 19136 19364 D UE      : [2023.08.05-04.45.00:412][  0]LogRHI:   GL_EXT_EGL_image_external_wrap_modes
08-04 21:45:00.412 19136 19364 D UE      : [2023.08.05-04.45.00:412][  0]LogRHI:   GL_EXT_multisampled_render_to_texture
08-04 21:45:00.412 19136 19364 D UE      : [2023.08.05-04.45.00:412][  0]LogRHI:   GL_EXT_multisampled_render_to_texture2
08-04 21:45:00.412 19136 19364 D UE      : [2023.08.05-04.45.00:412][  0]LogRHI:   GL_OES_shader_multisample_interpolation
08-04 21:45:00.413 19136 19364 D UE      : [2023.08.05-04.45.00:412][  0]LogRHI:   GL_EXT_texture_cube_map_array
08-04 21:45:00.413 19136 19364 D UE      : [2023.08.05-04.45.00:413][  0]LogRHI:   GL_EXT_draw_buffers_indexed
08-04 21:45:00.413 19136 19364 D UE      : [2023.08.05-04.45.00:413][  0]LogRHI:   GL_EXT_gpu_shader5
08-04 21:45:00.413 19136 19364 D UE      : [2023.08.05-04.45.00:413][  0]LogRHI:   GL_EXT_robustness
08-04 21:45:00.413 19136 19364 D UE      : [2023.08.05-04.45.00:413][  0]LogRHI:   GL_EXT_texture_buffer
08-04 21:45:00.413 19136 19364 D UE      : [2023.08.05-04.45.00:413][  0]LogRHI:   GL_EXT_shader_framebuffer_fetch
08-04 21:45:00.413 19136 19364 D UE      : [2023.08.05-04.45.00:413][  0]LogRHI:   GL_ARM_shader_framebuffer_fetch_depth_stencil
08-04 21:45:00.413 19136 19364 D UE      : [2023.08.05-04.45.00:413][  0]LogRHI:   GL_OES_texture_storage_multisample_2d_array
08-04 21:45:00.413 19136 19364 D UE      : [2023.08.05-04.45.00:413][  0]LogRHI:   GL_OES_sample_shading
08-04 21:45:00.413 19136 19364 D UE      : [2023.08.05-04.45.00:413][  0]LogRHI:   GL_OES_get_program_binary
08-04 21:45:00.413 19136 19364 D UE      : [2023.08.05-04.45.00:413][  0]LogRHI:   GL_EXT_debug_label
08-04 21:45:00.413 19136 19364 D UE      : [2023.08.05-04.45.00:413][  0]LogRHI:   GL_KHR_blend_equation_advanced
08-04 21:45:00.413 19136 19364 D UE      : [2023.08.05-04.45.00:413][  0]LogRHI:   GL_KHR_blend_equation_advanced_coherent
08-04 21:45:00.413 19136 19364 D UE      : [2023.08.05-04.45.00:413][  0]LogRHI:   GL_QCOM_tiled_rendering
08-04 21:45:00.413 19136 19364 D UE      : [2023.08.05-04.45.00:413][  0]LogRHI:   GL_ANDROID_extension_pack_es31a
08-04 21:45:00.413 19136 19364 D UE      : [2023.08.05-04.45.00:413][  0]LogRHI:   GL_EXT_primitive_bounding_box
08-04 21:45:00.413 19136 19364 D UE      : [2023.08.05-04.45.00:413][  0]LogRHI:   GL_OES_standard_derivatives
08-04 21:45:00.413 19136 19364 D UE      : [2023.08.05-04.45.00:413][  0]LogRHI:   GL_OES_vertex_array_object
08-04 21:45:00.413 19136 19364 D UE      : [2023.08.05-04.45.00:413][  0]LogRHI:   GL_EXT_disjoint_timer_query
08-04 21:45:00.413 19136 19364 D UE      : [2023.08.05-04.45.00:413][  0]LogRHI:   GL_KHR_debug
08-04 21:45:00.413 19136 19364 D UE      : [2023.08.05-04.45.00:413][  0]LogRHI:   GL_EXT_YUV_target
08-04 21:45:00.413 19136 19364 D UE      : [2023.08.05-04.45.00:413][  0]LogRHI:   GL_EXT_sRGB_write_control
08-04 21:45:00.413 19136 19364 D UE      : [2023.08.05-04.45.00:413][  0]LogRHI:   GL_EXT_texture_norm16
08-04 21:45:00.413 19136 19364 D UE      : [2023.08.05-04.45.00:413][  0]LogRHI:   GL_EXT_discard_framebuffer
08-04 21:45:00.413 19136 19364 D UE      : [2023.08.05-04.45.00:413][  0]LogRHI:   GL_OES_surfaceless_context
08-04 21:45:00.413 19136 19364 D UE      : [2023.08.05-04.45.00:413][  0]LogRHI:   GL_OVR_multiview
08-04 21:45:00.413 19136 19364 D UE      : [2023.08.05-04.45.00:413][  0]LogRHI:   GL_OVR_multiview2
08-04 21:45:00.413 19136 19364 D UE      : [2023.08.05-04.45.00:413][  0]LogRHI:   GL_EXT_texture_sRGB_R8
08-04 21:45:00.413 19136 19364 D UE      : [2023.08.05-04.45.00:413][  0]LogRHI:   GL_KHR_no_error
08-04 21:45:00.413 19136 19364 D UE      : [2023.08.05-04.45.00:413][  0]LogRHI:   GL_EXT_debug_marker
08-04 21:45:00.413 19136 19364 D UE      : [2023.08.05-04.45.00:413][  0]LogRHI:   GL_OES_EGL_image_external_essl3
08-04 21:45:00.413 19136 19364 D UE      : [2023.08.05-04.45.00:413][  0]LogRHI:   GL_OVR_multiview_multisampled_render_to_texture
08-04 21:45:00.413 19136 19364 D UE      : [2023.08.05-04.45.00:413][  0]LogRHI:   GL_EXT_buffer_storage
08-04 21:45:00.413 19136 19364 D UE      : [2023.08.05-04.45.00:413][  0]LogRHI:   GL_EXT_external_buffer
08-04 21:45:00.413 19136 19364 D UE      : [2023.08.05-04.45.00:413][  0]LogRHI:   GL_EXT_blit_framebuffer_params
08-04 21:45:00.413 19136 19364 D UE      : [2023.08.05-04.45.00:413][  0]LogRHI:   GL_EXT_clip_cull_distance
08-04 21:45:00.413 19136 19364 D UE      : [2023.08.05-04.45.00:413][  0]LogRHI:   GL_EXT_protected_textures
08-04 21:45:00.413 19136 19364 D UE      : [2023.08.05-04.45.00:413][  0]LogRHI:   GL_EXT_shader_non_constant_global_initializers
08-04 21:45:00.413 19136 19364 D UE      : [2023.08.05-04.45.00:413][  0]LogRHI:   GL_QCOM_texture_foveated
08-04 21:45:00.413 19136 19364 D UE      : [2023.08.05-04.45.00:413][  0]LogRHI:   GL_QCOM_texture_foveated_subsampled_layout
08-04 21:45:00.413 19136 19364 D UE      : [2023.08.05-04.45.00:413][  0]LogRHI:   GL_QCOM_shader_framebuffer_fetch_noncoherent
08-04 21:45:00.413 19136 19364 D UE      : [2023.08.05-04.45.00:413][  0]LogRHI:   GL_QCOM_shader_framebuffer_fetch_rate
08-04 21:45:00.413 19136 19364 D UE      : [2023.08.05-04.45.00:413][  0]LogRHI:   GL_EXT_memory_object
08-04 21:45:00.413 19136 19364 D UE      : [2023.08.05-04.45.00:413][  0]LogRHI:   GL_EXT_memory_object_fd
08-04 21:45:00.413 19136 19364 D UE      : [2023.08.05-04.45.00:413][  0]LogRHI:   GL_EXT_EGL_image_array
08-04 21:45:00.413 19136 19364 D UE      : [2023.08.05-04.45.00:413][  0]LogRHI:   GL_NV_shader_noperspective_interpolation
08-04 21:45:00.413 19136 19364 D UE      : [2023.08.05-04.45.00:413][  0]LogRHI:   GL_KHR_robust_buffer_access_behavior
08-04 21:45:00.413 19136 19364 D UE      : [2023.08.05-04.45.00:413][  0]LogRHI:   GL_EXT_EGL_image_storage
08-04 21:45:00.413 19136 19364 D UE      : [2023.08.05-04.45.00:413][  0]LogRHI:   GL_EXT_blend_func_extended
08-04 21:45:00.413 19136 19364 D UE      : [2023.08.05-04.45.00:413][  0]LogRHI:   GL_EXT_clip_control
08-04 21:45:00.413 19136 19364 D UE      : [2023.08.05-04.45.00:413][  0]LogRHI:   GL_OES_texture_view
08-04 21:45:00.413 19136 19364 D UE      : [2023.08.05-04.45.00:413][  0]LogRHI:   GL_EXT_fragment_invocation_density
08-04 21:45:00.413 19136 19364 D UE      : [2023.08.05-04.45.00:413][  0]LogRHI:   GL_QCOM_motion_estimation
08-04 21:45:00.413 19136 19364 D UE      : [2023.08.05-04.45.00:413][  0]LogRHI:   GL_QCOM_validate_shader_binary
08-04 21:45:00.414 19136 19364 D UE      : [2023.08.05-04.45.00:414][  0]LogRHI:   GL_QCOM_YUV_texture_gather
08-04 21:45:00.414 19136 19364 D UE      : [2023.08.05-04.45.00:414][  0]LogRHI:   GL_MAX_VERTEX_ATTRIBS: 32
08-04 21:45:00.414 19136 19364 D UE      : [2023.08.05-04.45.00:414][  0]LogRHI:   GL_MAX_VARYING_VECTORS: 31
08-04 21:45:00.414 19136 19364 D UE      : [2023.08.05-04.45.00:414][  0]LogRHI:   GL_MAX_VERTEX_UNIFORM_VECTORS: 256
08-04 21:45:00.414 19136 19364 D UE      : [2023.08.05-04.45.00:414][  0]LogRHI:   GL_MAX_FRAGMENT_UNIFORM_VECTORS: 256
08-04 21:45:00.414 19136 19364 D UE      : [2023.08.05-04.45.00:414][  0]LogRHI:   GL_TEXTURE_BUFFER_OFFSET_ALIGNMENT: 64
08-04 21:45:00.414 19136 19364 D UE      : [2023.08.05-04.45.00:414][  0]LogRHI:   GL_MAX_COMPUTE_UNIFORM_COMPONENTS: 1024
08-04 21:45:00.414 19136 19364 D UE      : [2023.08.05-04.45.00:414][  0]LogRHI:   GL_MAX_COMBINED_IMAGE_UNIFORMS: 20
08-04 21:45:00.414 19136 19364 D UE      : [2023.08.05-04.45.00:414][  0]LogRHI:   GL_MAX_COMPUTE_IMAGE_UNIFORMS: 8
08-04 21:45:00.414 19136 19364 D UE      : [2023.08.05-04.45.00:414][  0]LogRHI:   GL_MAX_FRAGMENT_IMAGE_UNIFORMS: 4
08-04 21:45:00.414 19136 19364 D UE      : [2023.08.05-04.45.00:414][  0]LogRHI:   GL_MAX_TEXTURE_IMAGE_UNITS: 16
08-04 21:45:00.414 19136 19364 D UE      : [2023.08.05-04.45.00:414][  0]LogRHI:   GL_MAX_VERTEX_TEXTURE_IMAGE_UNITS: 16
08-04 21:45:00.414 19136 19364 D UE      : [2023.08.05-04.45.00:414][  0]LogRHI:   GL_MAX_COMPUTE_TEXTURE_IMAGE_UNITS: 16
08-04 21:45:00.414 19136 19364 D UE      : [2023.08.05-04.45.00:414][  0]LogRHI: Fragment shader lowp precision: 10
08-04 21:45:00.414 19136 19364 D UE      : [2023.08.05-04.45.00:414][  0]LogRHI: Fragment shader mediump precision: 10
08-04 21:45:00.414 19136 19364 D UE      : [2023.08.05-04.45.00:414][  0]LogRHI: Fragment shader highp precision: 23
08-04 21:45:00.414 19136 19364 D UE      : [2023.08.05-04.45.00:414][  0]LogRHI: Support for 4x MSAA detected
08-04 21:45:00.414 19136 19364 D UE      : [2023.08.05-04.45.00:414][  0]LogRHI: Device supports mobile multi-view.
08-04 21:45:00.414 19136 19364 D UE      : [2023.08.05-04.45.00:414][  0]LogRHI: Image external enabled: ImageExternalESSL300
08-04 21:45:00.414 19136 19364 D UE      : [2023.08.05-04.45.00:414][  0]LogRHI: Using QCOM_shader_framebuffer_fetch_noncoherent
08-04 21:45:00.415 19136 19364 D UE      : [2023.08.05-04.45.00:415][  0]LogRHI:   GL_MAX_TEXTURE_SIZE: 16384
08-04 21:45:00.415 19136 19364 D UE      : [2023.08.05-04.45.00:415][  0]LogRHI:   GL_MAX_TEXTURE_BUFFER_SIZE: 134217728
08-04 21:45:00.415 19136 19364 D UE      : [2023.08.05-04.45.00:415][  0]LogRHI:   GL_MAX_CUBE_MAP_TEXTURE_SIZE: 16384
08-04 21:45:00.415 19136 19364 D UE      : [2023.08.05-04.45.00:415][  0]LogRHI:   GL_MAX_ARRAY_TEXTURE_LAYERS: 2048
08-04 21:45:00.415 19136 19364 D UE      : [2023.08.05-04.45.00:415][  0]LogRHI:   GL_MAX_3D_TEXTURE_SIZE: 2048
08-04 21:45:00.415 19136 19364 D UE      : [2023.08.05-04.45.00:415][  0]LogRHI:   GL_MAX_RENDERBUFFER_SIZE: 16384
08-04 21:45:00.415 19136 19364 D UE      : [2023.08.05-04.45.00:415][  0]LogRHI:   GL_MAX_TEXTURE_IMAGE_UNITS: 16
08-04 21:45:00.415 19136 19364 D UE      : [2023.08.05-04.45.00:415][  0]LogRHI:   GL_MAX_DRAW_BUFFERS: 8
08-04 21:45:00.415 19136 19364 D UE      : [2023.08.05-04.45.00:415][  0]LogRHI:   GL_MAX_COLOR_ATTACHMENTS: 8
08-04 21:45:00.415 19136 19364 D UE      : [2023.08.05-04.45.00:415][  0]LogRHI:   GL_MAX_SAMPLES: 4
08-04 21:45:00.415 19136 19364 D UE      : [2023.08.05-04.45.00:415][  0]LogRHI:   GL_MAX_COLOR_TEXTURE_SAMPLES: 4
08-04 21:45:00.415 19136 19364 D UE      : [2023.08.05-04.45.00:415][  0]LogRHI:   GL_MAX_DEPTH_TEXTURE_SAMPLES: 4
08-04 21:45:00.415 19136 19364 D UE      : [2023.08.05-04.45.00:415][  0]LogRHI:   GL_MAX_INTEGER_SAMPLES: 1
08-04 21:45:00.415 19136 19364 D UE      : [2023.08.05-04.45.00:415][  0]LogRHI:   GL_MAX_COMBINED_TEXTURE_IMAGE_UNITS: 96
08-04 21:45:00.415 19136 19364 D UE      : [2023.08.05-04.45.00:415][  0]LogRHI:   GL_MAX_VERTEX_ATTRIBS: 32
08-04 21:45:00.415 19136 19364 D UE      : [2023.08.05-04.45.00:415][  0]LogRHI:   GL_MAX_COMPUTE_WORK_GROUP_INVOCATIONS: 1024
08-04 21:45:00.415 19136 19364 D UE      : [2023.08.05-04.45.00:415][  0]LogRHI:   GL_MAX_COMPUTE_SHARED_MEMORY_SIZE: 32768
08-04 21:45:00.415 19136 19364 D UE      : [2023.08.05-04.45.00:415][  0]LogRHI:   GL_MAX_TEXTURE_MAX_ANISOTROPY_EXT: 16
08-04 21:45:00.415 19136 19364 D UE      : [2023.08.05-04.45.00:415][  0]LogRHI: OpenGL MajorVersion = 3, MinorVersion = 2, ShaderPlatform = GLSL_ES3_1_ANDROID, FeatureLevel = ES3_1
08-04 21:45:00.415 19136 19364 D UE      : [2023.08.05-04.45.00:415][  0]LogRHI: PLATFORM_ANDROID
08-04 21:45:00.416 19136 19364 D UE      : [2023.08.05-04.45.00:416][  0]LogAndroid: Unlocking android HW window during preinit.
08-04 21:45:00.416 19136 19364 D UE      : [2023.08.05-04.45.00:416][  0]LogRHI: Enabling program binary cache as /storage/emulated/0/Android/data/com.YourCompany.macbeth_air_2/files/ProgramBinaryCache/GLSL_ES3_1_ANDROID_FD1411D0CBDE1D37604B0908B36614E696B33D62
08-04 21:45:00.416 19136 19364 D UE      : [2023.08.05-04.45.00:416][  0]LogRHI: FOpenGLProgramBinaryCache will be initialized when ShaderPipelineCache opens its file
08-04 21:45:00.417 19136 19364 D UE      : [2023.08.05-04.45.00:417][  0]LogRHI: Texture pool is 800 MB (of 0 MB total graphics mem)
08-04 21:45:00.420 19136 19364 D UE      : [2023.08.05-04.45.00:420][  0]LogRHI: OpenGL deferred texture creation, no config rule set: 0
08-04 21:45:00.452 19136 19364 D UE      : [2023.08.05-04.45.00:452][  0]LogRendererCore: Ray tracing is disabled. Reason: disabled through project setting (r.RayTracing=0).
08-04 21:45:00.454 19136 19364 D UE      : [2023.08.05-04.45.00:454][  0]LogShaderLibrary: Display: Using ../../../macbeth_air_2/Content/ShaderArchive-Global-GLSL_ES3_1_ANDROID-OPENGL_ES3_1_ANDROID.ushaderbytecode for material shader code. Total 974 unique shaders.
08-04 21:45:00.454 19136 19364 D UE      : [2023.08.05-04.45.00:454][  0]LogShaderLibrary: Display: Cooked Context: Using Shared Shader Library Global
08-04 21:45:00.454 19136 19364 D UE      : [2023.08.05-04.45.00:454][  0]LogShaderLibrary: Display: Logical shader library 'Global' has been created, components 1
08-04 21:45:00.454 19136 19364 D UE      : [2023.08.05-04.45.00:454][  0]LogShaderLibrary: Display: Logical shader library 'Global_SC' component count 0, new components: 0
08-04 21:45:00.454 19136 19364 D UE      : [2023.08.05-04.45.00:454][  0]LogShaderLibrary: Display: Running without a pakfile and did not find a monolithic library 'Global_SC' - attempting disk search for its chunks
08-04 21:45:00.454 19136 19364 D UE      : [2023.08.05-04.45.00:454][  0]LogShaderLibrary: Display:    ....  not found
08-04 21:45:00.455 19136 19387 D UE      : [2023.08.05-04.45.00:455][  0]LogShaderLibrary: Display: Logical shader library 'ChaosCaching' component count 0, new components: 0
08-04 21:45:00.455 19136 19389 D UE      : [2023.08.05-04.45.00:455][  0]LogShaderLibrary: Display: Logical shader library 'ChaosNiagara' component count 0, new components: 0
08-04 21:45:00.455 19136 19389 D UE      : [2023.08.05-04.45.00:455][  0]LogShaderLibrary: Display: Running without a pakfile and did not find a monolithic library 'ChaosNiagara' - attempting disk search for its chunks
08-04 21:45:00.455 19136 19364 D UE      : [2023.08.05-04.45.00:455][  0]LogShaderLibrary: Display: Logical shader library 'Dataflow' component count 0, new components: 0
08-04 21:45:00.455 19136 19386 D UE      : [2023.08.05-04.45.00:455][  0]LogShaderLibrary: Display: Logical shader library 'GeometryCollectionPlugin' component count 0, new components: 0
08-04 21:45:00.455 19136 19389 D UE      : [2023.08.05-04.45.00:455][  0]LogShaderLibrary: Display:    ....  not found
08-04 21:45:00.455 19136 19386 D UE      : [2023.08.05-04.45.00:455][  0]LogShaderLibrary: Display: Running without a pakfile and did not find a monolithic library 'GeometryCollectionPlugin' - attempting disk search for its chunks
08-04 21:45:00.455 19136 19387 D UE      : [2023.08.05-04.45.00:455][  0]LogShaderLibrary: Display: Running without a pakfile and did not find a monolithic library 'ChaosCaching' - attempting disk search for its chunks
08-04 21:45:00.455 19136 19389 D UE      : [2023.08.05-04.45.00:455][  0]LogShaderLibrary: Display: Logical shader library 'ChaosSolverPlugin' component count 0, new components: 0
08-04 21:45:00.455 19136 19389 D UE      : [2023.08.05-04.45.00:455][  0]LogShaderLibrary: Display: Running without a pakfile and did not find a monolithic library 'ChaosSolverPlugin' - attempting disk search for its chunks
08-04 21:45:00.455 19136 19386 D UE      : [2023.08.05-04.45.00:455][  0]LogShaderLibrary: Display:    ....  not found
08-04 21:45:00.455 19136 19364 D UE      : [2023.08.05-04.45.00:455][  0]LogShaderLibrary: Display: Running without a pakfile and did not find a monolithic library 'Dataflow' - attempting disk search for its chunks
08-04 21:45:00.455 19136 19389 D UE      : [2023.08.05-04.45.00:455][  0]LogShaderLibrary: Display:    ....  not found
08-04 21:45:00.455 19136 19364 D UE      : [2023.08.05-04.45.00:455][  0]LogShaderLibrary: Display:    ....  not found
08-04 21:45:00.455 19136 19389 D UE      : [2023.08.05-04.45.00:455][  0]LogShaderLibrary: Display: Logical shader library 'PythonScriptPlugin' component count 0, new components: 0
08-04 21:45:00.455 19136 19386 D UE      : [2023.08.05-04.45.00:455][  0]LogShaderLibrary: Display: Logical shader library 'LiveLinkFaceImporter' component count 0, new components: 0
08-04 21:45:00.455 19136 19386 D UE      : [2023.08.05-04.45.00:455][  0]LogShaderLibrary: Display: Running without a pakfile and did not find a monolithic library 'LiveLinkFaceImporter' - attempting disk search for its chunks
08-04 21:45:00.455 19136 19364 D UE      : [2023.08.05-04.45.00:455][  0]LogShaderLibrary: Display: Logical shader library 'FullBodyIK' component count 0, new components: 0
08-04 21:45:00.455 19136 19364 D UE      : [2023.08.05-04.45.00:455][  0]LogShaderLibrary: Display: Running without a pakfile and did not find a monolithic library 'FullBodyIK' - attempting disk search for its chunks
08-04 21:45:00.455 19136 19388 D UE      : [2023.08.05-04.45.00:455][  0]LogShaderLibrary: Display: Logical shader library 'MetaHuman' component count 0, new components: 0
08-04 21:45:00.455 19136 19386 D UE      : [2023.08.05-04.45.00:455][  0]LogShaderLibrary: Display:    ....  not found
08-04 21:45:00.455 19136 19388 D UE      : [2023.08.05-04.45.00:455][  0]LogShaderLibrary: Display: Running without a pakfile and did not find a monolithic library 'MetaHuman' - attempting disk search for its chunks
08-04 21:45:00.455 19136 19364 D UE      : [2023.08.05-04.45.00:455][  0]LogShaderLibrary: Display:    ....  not found
08-04 21:45:00.455 19136 19386 D UE      : [2023.08.05-04.45.00:455][  0]LogShaderLibrary: Display: Logical shader library 'AudioSynesthesia' component count 0, new components: 0
08-04 21:45:00.455 19136 19388 D UE      : [2023.08.05-04.45.00:455][  0]LogShaderLibrary: Display:    ....  not found
08-04 21:45:00.455 19136 19386 D UE      : [2023.08.05-04.45.00:455][  0]LogShaderLibrary: Display: Running without a pakfile and did not find a monolithic library 'AudioSynesthesia' - attempting disk search for its chunks
08-04 21:45:00.455 19136 19387 D UE      : [2023.08.05-04.45.00:455][  0]LogShaderLibrary: Display:    ....  not found
08-04 21:45:00.456 19136 19388 D UE      : [2023.08.05-04.45.00:456][  0]LogShaderLibrary: Display: Logical shader library 'SequencerScripting' component count 0, new components: 0
08-04 21:45:00.456 19136 19388 D UE      : [2023.08.05-04.45.00:456][  0]LogShaderLibrary: Display: Running without a pakfile and did not find a monolithic library 'SequencerScripting' - attempting disk search for its chunks
08-04 21:45:00.456 19136 19386 D UE      : [2023.08.05-04.45.00:456][  0]LogShaderLibrary: Display:    ....  not found
08-04 21:45:00.456 19136 19387 D UE      : [2023.08.05-04.45.00:456][  0]LogShaderLibrary: Display: Logical shader library 'ChaosClothEditor' component count 0, new components: 0
08-04 21:45:00.456 19136 19387 D UE      : [2023.08.05-04.45.00:456][  0]LogShaderLibrary: Display: Running without a pakfile and did not find a monolithic library 'ChaosClothEditor' - attempting disk search for its chunks
08-04 21:45:00.456 19136 19389 D UE      : [2023.08.05-04.45.00:455][  0]LogShaderLibrary: Display: Running without a pakfile and did not find a monolithic library 'PythonScriptPlugin' - attempting disk search for its chunks
08-04 21:45:00.456 19136 19386 D UE      : [2023.08.05-04.45.00:456][  0]LogShaderLibrary: Display: Logical shader library 'AudioWidgets' component count 0, new components: 0
08-04 21:45:00.456 19136 19386 D UE      : [2023.08.05-04.45.00:456][  0]LogShaderLibrary: Display: Running without a pakfile and did not find a monolithic library 'AudioWidgets' - attempting disk search for its chunks
08-04 21:45:00.456 19136 19389 D UE      : [2023.08.05-04.45.00:456][  0]LogShaderLibrary: Display:    ....  not found
08-04 21:45:00.456 19136 19387 D UE      : [2023.08.05-04.45.00:456][  0]LogShaderLibrary: Display:    ....  not found
08-04 21:45:00.456 19136 19386 D UE      : [2023.08.05-04.45.00:456][  0]LogShaderLibrary: Display:    ....  not found
08-04 21:45:00.456 19136 19389 D UE      : [2023.08.05-04.45.00:456][  0]LogShaderLibrary: Display: Logical shader library 'UVEditor' component count 0, new components: 0
08-04 21:45:00.456 19136 19389 D UE      : [2023.08.05-04.45.00:456][  0]LogShaderLibrary: Display: Running without a pakfile and did not find a monolithic library 'UVEditor' - attempting disk search for its chunks
08-04 21:45:00.456 19136 19387 D UE      : [2023.08.05-04.45.00:456][  0]LogShaderLibrary: Display: Logical shader library 'MeshModelingToolset' component count 0, new components: 0
08-04 21:45:00.456 19136 19386 D UE      : [2023.08.05-04.45.00:456][  0]LogShaderLibrary: Display: Logical shader library 'OpenCV' component count 0, new components: 0
08-04 21:45:00.456 19136 19388 D UE      : [2023.08.05-04.45.00:456][  0]LogShaderLibrary: Display:    ....  not found
08-04 21:45:00.456 19136 19389 D UE      : [2023.08.05-04.45.00:456][  0]LogShaderLibrary: Display:    ....  not found
08-04 21:45:00.456 19136 19386 D UE      : [2023.08.05-04.45.00:456][  0]LogShaderLibrary: Display: Running without a pakfile and did not find a monolithic library 'OpenCV' - attempting disk search for its chunks
08-04 21:45:00.456 19136 19388 D UE      : [2023.08.05-04.45.00:456][  0]LogShaderLibrary: Display: Logical shader library 'Synthesis' component count 0, new components: 0
08-04 21:45:00.456 19136 19386 D UE      : [2023.08.05-04.45.00:456][  0]LogShaderLibrary: Display:    ....  not found
08-04 21:45:00.456 19136 19389 D UE      : [2023.08.05-04.45.00:456][  0]LogShaderLibrary: Display: Logical shader library 'ControlRig' component count 0, new components: 0
08-04 21:45:00.456 19136 19388 D UE      : [2023.08.05-04.45.00:456][  0]LogShaderLibrary: Display: Running without a pakfile and did not find a monolithic library 'Synthesis' - attempting disk search for its chunks
08-04 21:45:00.456 19136 19389 D UE      : [2023.08.05-04.45.00:456][  0]LogShaderLibrary: Display: Running without a pakfile and did not find a monolithic library 'ControlRig' - attempting disk search for its chunks
08-04 21:45:00.456 19136 19386 D UE      : [2023.08.05-04.45.00:456][  0]LogShaderLibrary: Display: Logical shader library 'ResonanceAudio' component count 0, new components: 0
08-04 21:45:00.456 19136 19388 D UE      : [2023.08.05-04.45.00:456][  0]LogShaderLibrary: Display:    ....  not found
08-04 21:45:00.456 19136 19386 D UE      : [2023.08.05-04.45.00:456][  0]LogShaderLibrary: Display: Running without a pakfile and did not find a monolithic library 'ResonanceAudio' - attempting disk search for its chunks
08-04 21:45:00.456 19136 19389 D UE      : [2023.08.05-04.45.00:456][  0]LogShaderLibrary: Display:    ....  not found
08-04 21:45:00.456 19136 19388 D UE      : [2023.08.05-04.45.00:456][  0]LogShaderLibrary: Display: Logical shader library 'WaveTable' component count 0, new components: 0
08-04 21:45:00.456 19136 19386 D UE      : [2023.08.05-04.45.00:456][  0]LogShaderLibrary: Display:    ....  not found
08-04 21:45:00.456 19136 19388 D UE      : [2023.08.05-04.45.00:456][  0]LogShaderLibrary: Display: Running without a pakfile and did not find a monolithic library 'WaveTable' - attempting disk search for its chunks
08-04 21:45:00.456 19136 19389 D UE      : [2023.08.05-04.45.00:456][  0]LogShaderLibrary: Display: Logical shader library 'IKRig' component count 0, new components: 0
08-04 21:45:00.456 19136 19389 D UE      : [2023.08.05-04.45.00:456][  0]LogShaderLibrary: Display: Running without a pakfile and did not find a monolithic library 'IKRig' - attempting disk search for its chunks
08-04 21:45:00.456 19136 19388 D UE      : [2023.08.05-04.45.00:456][  0]LogShaderLibrary: Display:    ....  not found
08-04 21:45:00.456 19136 19386 D UE      : [2023.08.05-04.45.00:456][  0]LogShaderLibrary: Display: Logical shader library 'ControlRigSpline' component count 0, new components: 0
08-04 21:45:00.456 19136 19389 D UE      : [2023.08.05-04.45.00:456][  0]LogShaderLibrary: Display:    ....  not found
08-04 21:45:00.456 19136 19386 D UE      : [2023.08.05-04.45.00:456][  0]LogShaderLibrary: Display: Running without a pakfile and did not find a monolithic library 'ControlRigSpline' - attempting disk search for its chunks
08-04 21:45:00.456 19136 19388 D UE      : [2023.08.05-04.45.00:456][  0]LogShaderLibrary: Display: Logical shader library 'MediaCompositing' component count 0, new components: 0
08-04 21:45:00.456 19136 19388 D UE      : [2023.08.05-04.45.00:456][  0]LogShaderLibrary: Display: Running without a pakfile and did not find a monolithic library 'MediaCompositing' - attempting disk search for its chunks
08-04 21:45:00.456 19136 19389 D UE      : [2023.08.05-04.45.00:456][  0]LogShaderLibrary: Display: Logical shader library 'Takes' component count 0, new components: 0
08-04 21:45:00.457 19136 19389 D UE      : [2023.08.05-04.45.00:457][  0]LogShaderLibrary: Display: Running without a pakfile and did not find a monolithic library 'Takes' - attempting disk search for its chunks
08-04 21:45:00.457 19136 19389 D UE      : [2023.08.05-04.45.00:457][  0]LogShaderLibrary: Display:    ....  not found
08-04 21:45:00.457 19136 19388 D UE      : [2023.08.05-04.45.00:456][  0]LogShaderLibrary: Display:    ....  not found
08-04 21:45:00.457 19136 19386 D UE      : [2023.08.05-04.45.00:456][  0]LogShaderLibrary: Display:    ....  not found
08-04 21:45:00.457 19136 19389 D UE      : [2023.08.05-04.45.00:457][  0]LogShaderLibrary: Display: Logical shader library 'BlueprintHeaderView' component count 0, new components: 0
08-04 21:45:00.457 19136 19389 D UE      : [2023.08.05-04.45.00:457][  0]LogShaderLibrary: Display: Running without a pakfile and did not find a monolithic library 'BlueprintHeaderView' - attempting disk search for its chunks
08-04 21:45:00.457 19136 19386 D UE      : [2023.08.05-04.45.00:457][  0]LogShaderLibrary: Display: Logical shader library 'RigLogic' component count 0, new components: 0
08-04 21:45:00.457 19136 19386 D UE      : [2023.08.05-04.45.00:457][  0]LogShaderLibrary: Display: Running without a pakfile and did not find a monolithic library 'RigLogic' - attempting disk search for its chunks
08-04 21:45:00.457 19136 19388 D UE      : [2023.08.05-04.45.00:457][  0]LogShaderLibrary: Display: Logical shader library 'MediaPlate' component count 0, new components: 0
08-04 21:45:00.457 19136 19389 D UE      : [2023.08.05-04.45.00:457][  0]LogShaderLibrary: Display:    ....  not found
08-04 21:45:00.457 19136 19386 D UE      : [2023.08.05-04.45.00:457][  0]LogShaderLibrary: Display:    ....  not found
08-04 21:45:00.457 19136 19388 D UE      : [2023.08.05-04.45.00:457][  0]LogShaderLibrary: Display: Running without a pakfile and did not find a monolithic library 'MediaPlate' - attempting disk search for its chunks
08-04 21:45:00.457 19136 19386 D UE      : [2023.08.05-04.45.00:457][  0]LogShaderLibrary: Display: Logical shader library 'GeometryMode' component count 0, new components: 0
08-04 21:45:00.457 19136 19386 D UE      : [2023.08.05-04.45.00:457][  0]LogShaderLibrary: Display: Running without a pakfile and did not find a monolithic library 'GeometryMode' - attempting disk search for its chunks
08-04 21:45:00.457 19136 19389 D UE      : [2023.08.05-04.45.00:457][  0]LogShaderLibrary: Display: Logical shader library 'Niagara' component count 0, new components: 0
08-04 21:45:00.457 19136 19388 D UE      : [2023.08.05-04.45.00:457][  0]LogShaderLibrary: Display:    ....  not found
08-04 21:45:00.457 19136 19364 D UE      : [2023.08.05-04.45.00:455][  0]LogShaderLibrary: Display: Logical shader library 'GeometryProcessing' component count 0, new components: 0
08-04 21:45:00.457 19136 19389 D UE      : [2023.08.05-04.45.00:457][  0]LogShaderLibrary: Display: Running without a pakfile and did not find a monolithic library 'Niagara' - attempting disk search for its chunks
08-04 21:45:00.457 19136 19364 D UE      : [2023.08.05-04.45.00:457][  0]LogShaderLibrary: Display: Running without a pakfile and did not find a monolithic library 'GeometryProcessing' - attempting disk search for its chunks
08-04 21:45:00.457 19136 19388 D UE      : [2023.08.05-04.45.00:457][  0]LogShaderLibrary: Display: Logical shader library 'AnimationSharing' component count 0, new components: 0
08-04 21:45:00.457 19136 19389 D UE      : [2023.08.05-04.45.00:457][  0]LogShaderLibrary: Display:    ....  not found
08-04 21:45:00.457 19136 19389 D UE      : [2023.08.05-04.45.00:457][  0]LogShaderLibrary: Display: Logical shader library 'Paper2D' component count 0, new components: 0
08-04 21:45:00.457 19136 19389 D UE      : [2023.08.05-04.45.00:457][  0]LogShaderLibrary: Display: Running without a pakfile and did not find a monolithic library 'Paper2D' - attempting disk search for its chunks
08-04 21:45:00.457 19136 19387 D UE      : [2023.08.05-04.45.00:456][  0]LogShaderLibrary: Display: Running without a pakfile and did not find a monolithic library 'MeshModelingToolset' - attempting disk search for its chunks
08-04 21:45:00.457 19136 19388 D UE      : [2023.08.05-04.45.00:457][  0]LogShaderLibrary: Display: Running without a pakfile and did not find a monolithic library 'AnimationSharing' - attempting disk search for its chunks
08-04 21:45:00.457 19136 19364 D UE      : [2023.08.05-04.45.00:457][  0]LogShaderLibrary: Display:    ....  not found
08-04 21:45:00.457 19136 19389 D UE      : [2023.08.05-04.45.00:457][  0]LogShaderLibrary: Display:    ....  not found
08-04 21:45:00.457 19136 19386 D UE      : [2023.08.05-04.45.00:457][  0]LogShaderLibrary: Display:    ....  not found
08-04 21:45:00.457 19136 19387 D UE      : [2023.08.05-04.45.00:457][  0]LogShaderLibrary: Display:    ....  not found
08-04 21:45:00.457 19136 19388 D UE      : [2023.08.05-04.45.00:457][  0]LogShaderLibrary: Display:    ....  not found
08-04 21:45:00.458 19136 19387 D UE      : [2023.08.05-04.45.00:458][  0]LogShaderLibrary: Display: Logical shader library 'Metasound' component count 0, new components: 0
08-04 21:45:00.458 19136 19389 D UE      : [2023.08.05-04.45.00:458][  0]LogShaderLibrary: Display: Logical shader library 'GLTFExporter' component count 0, new components: 0
08-04 21:45:00.458 19136 19389 D UE      : [2023.08.05-04.45.00:458][  0]LogShaderLibrary: Display: Running without a pakfile and did not find a monolithic library 'GLTFExporter' - attempting disk search for its chunks
08-04 21:45:00.458 19136 19364 D UE      : [2023.08.05-04.45.00:458][  0]LogShaderLibrary: Display: Logical shader library 'HairStrands' component count 0, new components: 0
08-04 21:45:00.458 19136 19388 D UE      : [2023.08.05-04.45.00:458][  0]LogShaderLibrary: Display: Logical shader library 'DatasmithContent' component count 0, new components: 0
08-04 21:45:00.458 19136 19387 D UE      : [2023.08.05-04.45.00:458][  0]LogShaderLibrary: Display: Running without a pakfile and did not find a monolithic library 'Metasound' - attempting disk search for its chunks
08-04 21:45:00.458 19136 19388 D UE      : [2023.08.05-04.45.00:458][  0]LogShaderLibrary: Display: Running without a pakfile and did not find a monolithic library 'DatasmithContent' - attempting disk search for its chunks
08-04 21:45:00.458 19136 19364 D UE      : [2023.08.05-04.45.00:458][  0]LogShaderLibrary: Display: Running without a pakfile and did not find a monolithic library 'HairStrands' - attempting disk search for its chunks
08-04 21:45:00.458 19136 19387 D UE      : [2023.08.05-04.45.00:458][  0]LogShaderLibrary: Display:    ....  not found
08-04 21:45:00.458 19136 19388 D UE      : [2023.08.05-04.45.00:458][  0]LogShaderLibrary: Display:    ....  not found
08-04 21:45:00.458 19136 19364 D UE      : [2023.08.05-04.45.00:458][  0]LogShaderLibrary: Display:    ....  not found
08-04 21:45:00.458 19136 19389 D UE      : [2023.08.05-04.45.00:458][  0]LogShaderLibrary: Display:    ....  not found
08-04 21:45:00.458 19136 19387 D UE      : [2023.08.05-04.45.00:458][  0]LogShaderLibrary: Display: Logical shader library 'LightMixer' component count 0, new components: 0
08-04 21:45:00.458 19136 19387 D UE      : [2023.08.05-04.45.00:458][  0]LogShaderLibrary: Display: Running without a pakfile and did not find a monolithic library 'LightMixer' - attempting disk search for its chunks
08-04 21:45:00.458 19136 19364 D UE      : [2023.08.05-04.45.00:458][  0]LogShaderLibrary: Display: Logical shader library 'GoogleARCore' component count 0, new components: 0
08-04 21:45:00.458 19136 19389 D UE      : [2023.08.05-04.45.00:458][  0]LogShaderLibrary: Display: Logical shader library 'ARUtilities' component count 0, new components: 0
08-04 21:45:00.458 19136 19389 D UE      : [2023.08.05-04.45.00:458][  0]LogShaderLibrary: Display: Running without a pakfile and did not find a monolithic library 'ARUtilities' - attempting disk search for its chunks
08-04 21:45:00.458 19136 19387 D UE      : [2023.08.05-04.45.00:458][  0]LogShaderLibrary: Display:    ....  not found
08-04 21:45:00.458 19136 19364 D UE      : [2023.08.05-04.45.00:458][  0]LogShaderLibrary: Display: Running without a pakfile and did not find a monolithic library 'GoogleARCore' - attempting disk search for its chunks
08-04 21:45:00.458 19136 19386 D UE      : [2023.08.05-04.45.00:458][  0]LogShaderLibrary: Display: Logical shader library 'SpeedTreeImporter' component count 0, new components: 0
08-04 21:45:00.458 19136 19386 D UE      : [2023.08.05-04.45.00:458][  0]LogShaderLibrary: Display: Running without a pakfile and did not find a monolithic library 'SpeedTreeImporter' - attempting disk search for its chunks
08-04 21:45:00.458 19136 19389 D UE      : [2023.08.05-04.45.00:458][  0]LogShaderLibrary: Display:    ....  not found
08-04 21:45:00.458 19136 19387 D UE      : [2023.08.05-04.45.00:458][  0]LogShaderLibrary: Display: Logical shader library 'ObjectMixer' component count 0, new components: 0
08-04 21:45:00.458 19136 19387 D UE      : [2023.08.05-04.45.00:458][  0]LogShaderLibrary: Display: Running without a pakfile and did not find a monolithic library 'ObjectMixer' - attempting disk search for its chunks
08-04 21:45:00.458 19136 19364 D UE      : [2023.08.05-04.45.00:458][  0]LogShaderLibrary: Display:    ....  not found
08-04 21:45:00.458 19136 19386 D UE      : [2023.08.05-04.45.00:458][  0]LogShaderLibrary: Display:    ....  not found
08-04 21:45:00.458 19136 19387 D UE      : [2023.08.05-04.45.00:458][  0]LogShaderLibrary: Display:    ....  not found
08-04 21:45:00.458 19136 19364 D UE      : [2023.08.05-04.45.00:458][  0]LogShaderLibrary: Display: Logical shader library 'ConcertSyncClient' component count 0, new components: 0
08-04 21:45:00.458 19136 19364 D UE      : [2023.08.05-04.45.00:458][  0]LogShaderLibrary: Display: Running without a pakfile and did not find a monolithic library 'ConcertSyncClient' - attempting disk search for its chunks
08-04 21:45:00.458 19136 19364 D UE      : [2023.08.05-04.45.00:458][  0]LogShaderLibrary: Display:    ....  not found
08-04 21:45:00.459 19136 19364 D UE      : [2023.08.05-04.45.00:459][  0]LogTemp: Display: Clearing the OS Cache
