08-04 21:44:59.600  1471  6674 D ActivityTaskManager: scheduleTopResumedActivityChanged, onTop=true r=ActivityRecord{98bbcef u0 com.YourCompany.macbeth_air_2/com.epicgames.unreal.GameActivity} t5218} caller=com.android.server.wm.ActivityTaskSupervisor.scheduleTopResumedActivityStateIfNeeded:2533 com.android.server.wm.ActivityTaskSupervisor.updateTopResumedActivityIfNeeded:2525 com.android.server.wm.TaskFragment.setResumedActivity:493 com.android.server.wm.TaskFragment.onActivityStateChanged:805 com.android.server.wm.ActivityRecord.setState:6406 com.android.server.wm.Task.minimalResumeActivityLocked:6153 
08-04 21:44:59.600  1471  6674 D InputDispatcher: Focused application(0): ActivityRecord{98bbcef u0 com.YourCompany.macbeth_air_2/com.epicgames.unreal.GameActivity} t5218}
08-04 21:44:59.601  1471  6674 W WindowManager: Execute app transition: mNextAppTransitionRequests=[TRANSIT_NONE, TRANSIT_CLOSE], mNextAppTransitionFlags=, displayId: 0 Callers=com.android.server.wm.RootWindowContainer.executeAppTransitionForAllDisplay:2580 com.android.server.wm.ActivityTaskSupervisor.reportResumedActivityLocked:2285 com.android.server.wm.ActivityRecord.completeResumeLocked:6987 com.android.server.wm.Task.minimalResumeActivityLocked:6154 com.android.server.wm.ActivityTaskSupervisor.realStartActivityLocked:1135 
08-04 21:44:59.603  1471  1715 D SGM:FgCheckThread: notePauseComponent(), received pkgName: com.YourCompany.macbeth_air_2, userId: 0
08-04 21:44:59.604  1471  1471 I CocktailBarManagerServiceContainer: handleMessage: entry what = 6
08-04 21:44:59.604  1471  1766 D IntervalStats: Unable to parse usage stats packages: [871, 872, 873, 874]
08-04 21:44:59.607  1134  1134 I Zygote  : Process 17407 exited due to signal 9 (Killed)
08-04 21:44:59.608  1471  4013 D FreecessController: com.android.vending(10241) is important[!isUidIdle]
08-04 21:44:59.611  1471  1471 I CocktailBarManagerServiceContainer: handleMessage: entry what = 5
08-04 21:44:59.614 19136 19136 I DecorView: [INFO] isPopOver=false config=true
08-04 21:44:59.614 19136 19136 I DecorView: updateCaptionType: isFloating=false isApplication=true hasWindowDecorCaption=false this=DecorView@efbe439[]
08-04 21:44:59.614 19136 19136 D DecorView: setCaptionType = 0, this = DecorView@efbe439[]
08-04 21:44:59.614  6143  6143 I ActivityUtils: HomePackage : com.sec.android.app.launcher, resumePackageName : com.YourCompany.macbeth_air_2
08-04 21:44:59.615  1471  1715 D SGM:FgCheckThread: noteResumeComponent(), received pkgName: com.YourCompany.macbeth_air_2, userId: 0
08-04 21:44:59.615 19136 19136 I DecorView: getCurrentDensityDpi: from real metrics. densityDpi=480 msg=resources_loaded
08-04 21:44:59.615  1471  2523 D SGM:FgCheckThread: onLooperPrepared(), msg: MSG_APP_RESUME, pkgName: com.YourCompany.macbeth_air_2, userid: 0
08-04 21:44:59.615  1471  2523 D SGM:FgCheckThread: handleResume().
08-04 21:44:59.615 19136 19136 I DecorView: setWindowBackground: isPopOver=false color=ff010101 d=android.graphics.drawable.LayerDrawable@ddfba7e
08-04 21:44:59.615  1471  2523 D SGM:FgCheckThread:   handleResume(). same package with Prev KILL_YOURSELF. ignore
08-04 21:44:59.615  1471  1715 I GameSDK@LifeCycle: noteResumeComponent(): package name  : com.YourCompany.macbeth_air_2
08-04 21:44:59.616  1471  4240 I MediaSessionMonitor: Media session stopped : controllerList empty
08-04 21:44:59.617  1471  1766 D IntervalStats: Unable to parse usage stats packages: [875, 879, 880, 881, 882, 883, 884, 885]
08-04 21:44:59.619  1471  1766 D IntervalStats: Unable to parse event packages: [885]
08-04 21:44:59.621 19136 19364 D UE      : Entering native app glue main function
08-04 21:44:59.621 19136 19364 D UE      : Created event thread
08-04 21:44:59.622 19136 19364 D UE      : Entered AndroidMain()
08-04 21:44:59.623 19136 19364 D UE      : Controller interface supported
08-04 21:44:59.623 19136 19365 D UE      : Entering event processing thread engine entry point
08-04 21:44:59.623 19136 19365 D UE      : Prepared looper for event thread
08-04 21:44:59.623 19136 19365 D UE      : Passed callback initialization
08-04 21:44:59.623 19136 19365 D UE      : Passed sensor initialization
08-04 21:44:59.627 19136 19136 I Dialog  : mIsDeviceDefault = false, mIsSamsungBasicInteraction = false, isMetaDataInActivity = false
08-04 21:44:59.629 19136 19136 I DecorView: [INFO] isPopOver=false config=false
08-04 21:44:59.629 19136 19136 I DecorView: updateCaptionType: isFloating=false isApplication=true hasWindowDecorCaption=false this=DecorView@e88fbdf[]
08-04 21:44:59.629 19136 19136 D DecorView: setCaptionType = 0, this = DecorView@e88fbdf[]
08-04 21:44:59.630 19136 19136 I DecorView: getCurrentDensityDpi: from app context. densityDpi=480 msg=resources_loaded
08-04 21:44:59.630 19136 19136 I DecorView: setWindowBackground: isPopOver=false color=ff010101 d=android.graphics.drawable.LayerDrawable@a8b602c
08-04 21:44:59.646 19136 19355 D NativeCustomFrequencyManager: [NativeCFMS] BpCustomFrequencyManager::BpCustomFrequencyManager()
08-04 21:44:59.648 19136 19136 I DecorView: onImmersiveModeChanged: isStatusBarHidden=true
08-04 21:44:59.648 19136 19136 I DecorView: notifyKeepScreenOnChanged: keepScreenOn=false
08-04 21:44:59.648 19136 19136 D InsetsSourceConsumer: setRequestedVisible: visible=false, type=23, host=com.YourCompany.macbeth_air_2/com.epicgames.unreal.GameActivity, from=android.view.InsetsSourceConsumer.hide:257 android.view.InsetsController.collectSourceControls:1310 android.view.InsetsController.controlAnimationUnchecked:1164 android.view.InsetsController.applyAnimation:1576 android.view.InsetsController.applyAnimation:1557 android.view.InsetsController.hide:1093 android.view.InsetsController.hide:1068 android.view.ViewRootImpl.controlInsetsForCompatibility:3339 android.view.ViewRootImpl.setView:1698 android.view.WindowManagerGlobal.addView:567 
08-04 21:44:59.649 19136 19136 D InsetsSourceConsumer: setRequestedVisible: visible=false, type=22, host=com.YourCompany.macbeth_air_2/com.epicgames.unreal.GameActivity, from=android.view.InsetsSourceConsumer.hide:257 android.view.InsetsController.collectSourceControls:1310 android.view.InsetsController.controlAnimationUnchecked:1164 android.view.InsetsController.applyAnimation:1576 android.view.InsetsController.applyAnimation:1557 android.view.InsetsController.hide:1093 android.view.InsetsController.hide:1068 android.view.ViewRootImpl.controlInsetsForCompatibility:3339 android.view.ViewRootImpl.setView:1698 android.view.WindowManagerGlobal.addView:567 
08-04 21:44:59.649 19136 19136 D InsetsSourceConsumer: setRequestedVisible: visible=false, type=21, host=com.YourCompany.macbeth_air_2/com.epicgames.unreal.GameActivity, from=android.view.InsetsSourceConsumer.hide:257 android.view.InsetsController.collectSourceControls:1310 android.view.InsetsController.controlAnimationUnchecked:1164 android.view.InsetsController.applyAnimation:1576 android.view.InsetsController.applyAnimation:1557 android.view.InsetsController.hide:1093 android.view.InsetsController.hide:1068 android.view.ViewRootImpl.controlInsetsForCompatibility:3339 android.view.ViewRootImpl.setView:1698 android.view.WindowManagerGlobal.addView:567 
08-04 21:44:59.649 19136 19136 D InsetsSourceConsumer: setRequestedVisible: visible=false, type=20, host=com.YourCompany.macbeth_air_2/com.epicgames.unreal.GameActivity, from=android.view.InsetsSourceConsumer.hide:257 android.view.InsetsController.collectSourceControls:1310 android.view.InsetsController.controlAnimationUnchecked:1164 android.view.InsetsController.applyAnimation:1576 android.view.InsetsController.applyAnimation:1557 android.view.InsetsController.hide:1093 android.view.InsetsController.hide:1068 android.view.ViewRootImpl.controlInsetsForCompatibility:3339 android.view.ViewRootImpl.setView:1698 android.view.WindowManagerGlobal.addView:567 
08-04 21:44:59.649 19136 19136 D InsetsSourceConsumer: setRequestedVisible: visible=false, type=1, host=com.YourCompany.macbeth_air_2/com.epicgames.unreal.GameActivity, from=android.view.InsetsSourceConsumer.hide:257 android.view.InsetsController.collectSourceControls:1310 android.view.InsetsController.controlAnimationUnchecked:1164 android.view.InsetsController.applyAnimation:1576 android.view.InsetsController.applyAnimation:1557 android.view.InsetsController.hide:1093 android.view.InsetsController.hide:1068 android.view.ViewRootImpl.controlInsetsForCompatibility:3339 android.view.ViewRootImpl.setView:1698 android.view.WindowManagerGlobal.addView:567 
08-04 21:44:59.649 19136 19136 D InsetsSourceConsumer: setRequestedVisible: visible=false, type=0, host=com.YourCompany.macbeth_air_2/com.epicgames.unreal.GameActivity, from=android.view.InsetsSourceConsumer.hide:257 android.view.InsetsController.collectSourceControls:1310 android.view.InsetsController.controlAnimationUnchecked:1164 android.view.InsetsController.applyAnimation:1576 android.view.InsetsController.applyAnimation:1557 android.view.InsetsController.hide:1093 android.view.InsetsController.hide:1068 android.view.ViewRootImpl.controlInsetsForCompatibility:3339 android.view.ViewRootImpl.setView:1698 android.view.WindowManagerGlobal.addView:567 
08-04 21:44:59.650  1471  6778 W WindowManager: Failed looking up window session=Session{deb4694 19136:u0a10497} callers=com.android.server.wm.WindowManagerService.windowForClientLocked:6611 com.android.server.wm.Session.updateRequestedVisibilities:744 android.view.IWindowSession$Stub.onTransact:1184 
08-04 21:44:59.651  1471  2552 D InputTransport: Input channel constructed: 'c75be83', fd=1035
08-04 21:44:59.651  1471  2552 D InputTransport: Input channel constructed: 'c75be83', fd=1037
08-04 21:44:59.651  1471  2552 D InputTransport: Input channel constructed: 'c75be83', fd=1053
08-04 21:44:59.651  1331  1918 I SurfaceFlinger: id=24011 createSurf, flag=80004, c75be83 com.YourCompany.macbeth_air_2/com.epicgames.unreal.GameActivity#24011
08-04 21:44:59.652  1471  2552 D InputTransport: Input channel destroyed: 'c75be83', fd=1053
08-04 21:44:59.653 19136 19136 D InsetsController: onStateChanged: InsetsState: {mDisplayFrame=Rect(0, 0 - 1080, 2400), mDisplayCutout=DisplayCutout{insets=Rect(0, 88 - 0, 0) waterfall=Insets{left=0, top=0, right=0, bottom=0} boundingRect={Bounds=[Rect(0, 0 - 0, 0), Rect(512, 0 - 568, 88), Rect(0, 0 - 0, 0), Rect(0, 0 - 0, 0)]} cutoutPathParserInfo={CutoutPathParserInfo{displayWidth=1080 displayHeight=2400 physicalDisplayWidth=1080 physicalDisplayHeight=2400 density={3.0} cutoutSpec={M 0,0 M 0,10.71963616907435 a 9.280363830925644,9.280363830925644 0 1,0 0,18.56072766185129 a 9.280363830925644,9.280363830925644 0 1,0 0,-18.56072766185129 Z @dp} rotation={0} scale={1.0} physicalPixelDisplaySizeRatio={1.0}}}}, mRoundedCorners=RoundedCorners{[RoundedCorner{position=TopLeft, radius=96, center=Point(96, 96)}, RoundedCorner{position=TopRight, radius=96, center=Point(984, 96)}, RoundedCorner{position=BottomRight, radius=96, center=Point(984, 2304)}, RoundedCorner{position=BottomLeft, radius=96, center=Point(96, 2304)}]}  mRoundedCornerFrame=Rect(0, 0 - 1080, 2400), mPrivacyIndicatorBounds=PrivacyIndicatorBounds {static bounds=Rect(948, 0 - 1080, 88) rotation=0}, mSources= { InsetsSource: {mType=ITYPE_STATUS_BAR, mFrame=[0,0][1080,88], mVisible=true, mInsetsRoundedCornerFrame=false}, InsetsSource: {mType=ITYPE_NAVIGATION_BAR, mFrame=[0,2256][1080,2400], mVisible=true, mInsetsRoundedCornerFrame=false}, InsetsSource: {mType=ITYPE_LEFT_GESTURES, mFrame=[0,0][0,2400], mVisible=true, mInsetsRoundedCornerFrame=false}, InsetsSource: {mType=ITYPE_RIGHT_GESTURES, mFrame=[1080,0][1080,2400], mVisible=true, mInsetsRoundedCornerFrame=false}, InsetsSource: {mType=ITYPE_TOP_MANDATORY_GESTURES, mFrame=[0,0][1080,124], mVisible=true, mInsetsRoundedCornerFrame=false}, InsetsSource: {mType=ITYPE_BOTTOM_MANDATORY_GESTURES, mFrame=[0,2256][1080,2400], mVisible=true, mInsetsRoundedCornerFrame=false}, InsetsSource: {mType=ITYPE_LEFT_DISPLAY_CUTOUT, mFrame=[0,0][-100000,2400], mVisible=true, mInsetsRoundedCornerFrame=false}, InsetsSource: {mType=ITYPE_TOP_DISPLAY_CUTOUT, mFrame=[0,0][1080,88], mVisible=true, mInsetsRoundedCornerFrame=false}, InsetsSource: {mType=ITYPE_RIGHT_DISPLAY_CUTOUT, mFrame=[100000,0][1080,2400], mVisible=true, mInsetsRoundedCornerFrame=false}, InsetsSource: {mType=ITYPE_BOTTOM_DISPLAY_CUTOUT, mFrame=[0,100000][1080,2400], mVisible=true, mInsetsRoundedCornerFrame=false}, InsetsSource: {mType=ITYPE_TOP_TAPPABLE_ELEMENT, mFrame=[0,0][1080,88], mVisible=true, mInsetsRoundedCornerFrame=false}, InsetsSource: {mType=ITYPE_BOTTOM_TAPPABLE_ELEMENT, mFrame=[0,2256][1080,2400], mVisible=true, mInsetsRoundedCornerFrame=false}, InsetsSource: {mType=ITYPE_IME, mFrame=[0,0][0,0], mVisible=false, mInsetsRoundedCornerFrame=false} } host=com.YourCompany.macbeth_air_2/com.epicgames.unreal.GameActivity from=android.view.ViewRootImpl.setView:1732
08-04 21:44:59.655  1471  2552 D CoreBackPreview: Window{c75be83 u0 com.YourCompany.macbeth_air_2/com.epicgames.unreal.GameActivity}: Setting back callback OnBackInvokedCallbackInfo{mCallback=android.window.IOnBackInvokedCallback$Stub$Proxy@9a80839, mPriority=0}
08-04 21:44:59.655 19136 19136 I ViewRootImpl@2ad8af5[GameActivity]: setView = com.android.internal.policy.DecorView@e88fbdf TM=true
08-04 21:44:59.657 19136 19136 D UE      : [GameActivity] Target SDK is 26.  This may cause issues if permissions are denied by the user.
08-04 21:44:59.657 19136 19136 E PermissionHelper: GVRTransition2DActivity.getActivity() failed. Trying to get GameActivity.
08-04 21:44:59.657 19136 19136 D PermissionHelper: checkPermission: android.permission.WRITE_EXTERNAL_STORAGE has granted
08-04 21:44:59.658 19136 19136 D UE      : [GameActivity] Vulkan version: 1.1.0
08-04 21:44:59.659 19136 19136 D UE      : [GameActivity] Vulkan level: 1
08-04 21:44:59.659 19136 19136 D UE      : [GameActivity] Found DepthBufferPreference = 0
08-04 21:44:59.659 19136 19136 D UE      : [GameActivity] Found PropagateAlpha = 0
08-04 21:44:59.659 19136 19136 D UE      : [GameActivity] Found bPackageDataInsideApk = 0
08-04 21:44:59.659 19136 19136 D UE      : [GameActivity] Found ProjectName = macbeth_air_2
08-04 21:44:59.659 19136 19136 D UE      : [GameActivity] Found AppType = 
08-04 21:44:59.659 19136 19136 D UE      : [GameActivity] Found bHasOBBFiles = 0
08-04 21:44:59.659 19136 19136 D UE      : [GameActivity] Found bVerifyOBBOnStartUp = false
08-04 21:44:59.659 19136 19136 D UE      : [GameActivity] UI hiding set to true
08-04 21:44:59.659 19136 19136 D UE      : [GameActivity] BuildConfiguration set to Development
08-04 21:44:59.659 19136 19136 D UE      : [GameActivity] UseExternalFilesDir set to true
08-04 21:44:59.659 19136 19136 D UE      : [GameActivity] PublicLogFiles set to false
08-04 21:44:59.659 19136 19136 D UE      : [GameActivity] AllowIMU set to false
08-04 21:44:59.659 19136 19136 D UE      : [GameActivity] SupportsVulkan set to false
08-04 21:44:59.660 19136 19136 D UE      : [GameActivity] Using commandline from: /storage/emulated/0/Android/data/com.YourCompany.macbeth_air_2/files/UnrealGame/macbeth_air_2/UECommandLine.txt
08-04 21:44:59.660 19136 19136 D UE      : [GameActivity] Parsing commandline: ../../../macbeth_air_2/macbeth_air_2.uproject /Game/animation/air_setup -Messaging -CrashForUAT -SessionId=4C96DB944C0108EC351705B735FBF9EC -SessionOwner="ji_ho" -SessionName="Launch On Device"
08-04 21:44:59.663  1471  3631 D MdnieScenarioControlService:  packageName : com.YourCompany.macbeth_air_2    className : com.epicgames.unreal.GameActivity
08-04 21:44:59.663  1471  3631 V MdnieScenarioControlService: burn_in_prevention_mode(), enabled : false, mBurnInDisableAppEnabled : false , mAutoBrightnessMode : true, mHighBrightnessModeEnabled : false , mBurnInPreventionACL : false , platform_brightness_value : 178 , BURN_IN_PREVENTION_SUPPORT_VALUE : 143 , mBurnInPreventionEnabled : true , mGameAppLauncher : false
08-04 21:44:59.663  1471  3631 V MdnieScenarioControlService: Disabled Burn-In Prevention Mode
08-04 21:44:59.663  1471  3631 D SemDisplaySolutionManagerService: uid : 1000 , pid : 1471 , name : burnin_prevention_off
08-04 21:44:59.663  1471  3631 D SemDisplaySolutionManagerService: where : application what : DEFAULT setScreenBrightnessScaleFactor(1.0) , mBrightnessCompensation : 1.0 , PMS value : 1.0
08-04 21:44:59.663  1471  3631 D PowerManagerService: [api] setScreenBrightnessScaleFactor: scaleFactor: 1.0 (uid: 1000 pid: 1471)
08-04 21:44:59.664  1471  1897 D DisplayPowerController[0]: animateScreenStateChange: target=2, mLogicalDisplay.isEnabled()=true
08-04 21:44:59.664  1471  1484 W System  : A resource failed to call release. 
08-04 21:44:59.664  1471  1897 D DisplayPowerController[0]: Animating brightness: target=12(0.05), rate=0.706, reason=automatic[178] -> dim[13] -> low_pwr[12]
08-04 21:44:59.664  1471  3631 D PowerManagerService: displayReady: false groupId=0
08-04 21:44:59.664  1471  3631 D SemDisplaySolutionManagerService: Normal Mode setMultipleScreenBrightness , application, DEFAULT, 1.0
08-04 21:44:59.664  1471  3631 V MdnieScenarioControlService: setUIMode from UI function(3)
08-04 21:44:59.665  1471  1897 D DisplayPowerController[0]: saveBrightnessInfo: brt:0.6980392 adjBrt:0.04588235 min:0.0 max:1.0 hbm:0 tp:1.0 throttler:0
08-04 21:44:59.665  1471  1897 V DisplayPowerController[0]: Brightness [0.04588235] reason changing to: 'automatic [ low_pwr dim ]', previous reason: 'automatic [ low_pwr dim ]'.
08-04 21:44:59.665  1471  1897 I DisplayPowerController[0]: BrightnessEvent: disp=0, brt=0.04588235, rcmdBrt=0.6980392, preBrt=NaN, lux=8.0, preLux=132.86888, hbmMax=1.0, hbmMode=off, thrmMax=1.0, flags=, reason=automatic [ low_pwr dim ]
08-04 21:44:59.665  1471  1897 D PowerManagerService: displayReady: true groupId=0
08-04 21:44:59.666  1471  1471 D BrightnessSynchronizer: onDisplayChanged() : displayId=0
08-04 21:44:59.666  1471  1471 D BrightnessSynchronizer: updateScreenBrightness: type=2 mPreferredSettingValue=0.6980392(178) currentBrightnessInt=178 currentBrightnessIntFromFloat=178(0.6980392)
08-04 21:44:59.668 19136 19136 D UE      : [GameActivity] ro.hardware: qcom
08-04 21:44:59.668 19136 19136 D UE      : [GameActivity] ro.hardware.chipname: SM8250
08-04 21:44:59.668 19136 19136 D UE      : [GameActivity] Hardware: Qualcomm Technologies, Inc KONA
08-04 21:44:59.668 19136 19136 D UE      : [GameActivity] ro.soc.model: SM8250
08-04 21:44:59.668 19136 19136 D UE      : [GameActivity] Warning: hardware does not match ro.soc.model, assuming hardware is correct
08-04 21:44:59.668 19136 19136 D UE      : [GameActivity] Memory: 5627 MB
08-04 21:44:59.669 19136 19136 D UE      : [GameActivity] failed to get bytes from asset java.io.FileNotFoundException: configrules.bin.png
08-04 21:44:59.670 19136 19136 D UE      : [GameActivity] configrulesversion: no data
08-04 21:44:59.670 19136 19136 D UE      : [GameActivity] configrulesversion: no data
08-04 21:44:59.670 19136 19136 D UE      : [GameActivity] configrulesversion: no data
08-04 21:44:59.670 19136 19136 D UE      : [GameActivity] UseAffinity: false
08-04 21:44:59.670 19136 19136 D UE      : [GameActivity] BigCoreMask: 0xffff
08-04 21:44:59.670 19136 19136 D UE      : [GameActivity] LittleCoreMask: 0x0
08-04 21:44:59.673 19136 19136 D UE      : [GameActivity] APK path: /data/app/~~RdLy_i3NPZqRWOTS3YjZsw==/com.YourCompany.macbeth_air_2-hC63vbsGUcCE5f7pejTaKQ==/base.apk
08-04 21:44:59.674 19136 19136 D UE      : [GameActivity] OBB in APK: false
08-04 21:44:59.675 19136 19136 D UE      : GFilePathBase Path override to'/storage/emulated/0/Android/data/com.YourCompany.macbeth_air_2/files'
08-04 21:44:59.676 19136 19136 D UE      : InternalFilePath found as '/data/user/0/com.YourCompany.macbeth_air_2/files'
08-04 21:44:59.676 19136 19136 D UE      : ExternalFilePath found as '/storage/emulated/0/Android/data/com.YourCompany.macbeth_air_2/files'
08-04 21:44:59.677 19136 19136 D UE      : App is running in Portrait
08-04 21:44:59.677 19136 19136 D UE      : AndroidPropagateAlpha =  0
08-04 21:44:59.678 19136 19136 D UE      : [GameActivity] Android version is 13
08-04 21:44:59.678 19136 19136 D UE      : [GameActivity] Android manufacturer is samsung
08-04 21:44:59.678 19136 19136 D UE      : [GameActivity] Android model is SM-G781W
08-04 21:44:59.678 19136 19136 D UE      : [GameActivity] Android build number is TP1A.220624.014.G781WVLSAHWF2
08-04 21:44:59.678 19136 19136 D UE      : [GameActivity] OS language is set to en_CA
08-04 21:44:59.678 19136 19136 D UE      : [GameActivity] Debugger attached is false
08-04 21:44:59.679 19136 19366 D UE      : [GameActivity] --- memstats:
08-04 21:44:59.680  1471  1897 D DisplayPowerController[0]: animateScreenStateChange: target=2, mLogicalDisplay.isEnabled()=true
08-04 21:44:59.680  1471  3243 D BrightnessHandler: inject brightness = 12.0, Brightness: 0.04588235
08-04 21:44:59.680 19136 19366 D UE      : [GameActivity] memstat: Used memory:  (updated): 136863
08-04 21:44:59.680 19136 19366 D UE      : [GameActivity] memstat: VmSize:	 6676492 kB
08-04 21:44:59.680 19136 19366 D UE      : [GameActivity] memstat: VmHWM:	  266128 kB
08-04 21:44:59.680 19136 19366 D UE      : [GameActivity] memstat: VmRSS:	  223244 kB
08-04 21:44:59.680 19136 19366 D UE      : [GameActivity] memstat: VmData:	 1344172 kB
08-04 21:44:59.680 19136 19366 D UE      : [GameActivity] memstat: VmSwap:	   20824 kB
08-04 21:44:59.680  1232  1232 I sensors-hal: inject_sensor_data:70, brightness:12.000000
08-04 21:44:59.681  1471  3243 D BrightnessHandler: inject brightness = 12.0, Brightness: 0.04588235
08-04 21:44:59.681  1311  1311 I SSC_DAEMON: physical_sensor_test_req_msg Sensor type :4, Msg type:11
08-04 21:44:59.682  1236  1236 I SehLight: lcd : 12+
08-04 21:44:59.685  1311  2171 I SSC_DAEMON: aor_event done 12
08-04 21:44:59.686 19136 19136 D CompatibilityChangeReporter: Compat change id reported: 210923482; UID 10497; state: DISABLED
08-04 21:44:59.686 19136 19136 D CompatibilityChangeReporter: Compat change id reported: 37756858; UID 10497; state: DISABLED
08-04 21:44:59.688  1471  4384 I GenerationRegistry: mBackingStore.isClosed() : false
08-04 21:44:59.693  1236  1236 I SehLight: lcd : 12-
08-04 21:44:59.699 19136 19136 I Dialog  : mIsDeviceDefault = false, mIsSamsungBasicInteraction = false, isMetaDataInActivity = false
08-04 21:44:59.701 19136 19136 I Dialog  : mIsDeviceDefault = false, mIsSamsungBasicInteraction = false, isMetaDataInActivity = false
08-04 21:44:59.701  3837  1306 I RecentModel: onTaskStackChangedBackground
08-04 21:44:59.705  3837  4244 I RecentTasksList: loadTasksInBackground : groupTask = GroupTask{task1=[id=5213 windowingMode=1 user=0 lastActiveTime=394170213] null, task2=null, task3=null, mStagedSplitBounds=null}
08-04 21:44:59.705  3837  4244 I RecentTasksList: loadTasksInBackground : groupTask = GroupTask{task1=[id=5148 windowingMode=1 user=0 lastActiveTime=399233891] null, task2=null, task3=null, mStagedSplitBounds=null}
08-04 21:44:59.705  3837  4244 I RecentTasksList: loadTasksInBackground : groupTask = GroupTask{task1=[id=5218 windowingMode=1 user=0 lastActiveTime=403402602] null, task2=null, task3=null, mStagedSplitBounds=null}
08-04 21:44:59.705  3837  3837 I TaskThumbnailCache: handleResult: taskId = 5213, taskThumbnail = android.graphics.Bitmap@bba3327
08-04 21:44:59.706  3837  3837 I TaskThumbnailCache: handleResult: taskId = 5148, taskThumbnail = android.graphics.Bitmap@107d9d4
08-04 21:44:59.711 19136 19136 D UE      : [GameActivity] GoogleApiClient exception caught: java.lang.IllegalArgumentException: must call addApi() to add at least one API
08-04 21:44:59.711 19136 19136 D UE      : [GameActivity] googleClient is disabled
08-04 21:44:59.711 19136 19136 D UE      : [GameActivity] ==============> GameActive.onCreate complete!
08-04 21:44:59.712 19136 19136 D UE      : [GameActivity] Creating console command broadcast listener
08-04 21:44:59.713 19136 19365 D UE      : LogAndroidEvents::EnqueueAppEvent : 9, [width=-1, height=-1], tid = 19365, APP_EVENT_STATE_ON_START
08-04 21:44:59.713  1471  6688 D CompatibilityChangeReporter: Compat change id reported: 161145287; UID 10497; state: DISABLED
08-04 21:44:59.713 19136 19136 D UE      : [GameActivity] ==================================> Inside onStart function in GameActivity
08-04 21:44:59.713 19136 19136 V UE      : [GameApp] App in foreground
08-04 21:44:59.714 19136 19136 I ViewRootImpl@2ad8af5[GameActivity]: stopped(false) old = false
08-04 21:44:59.715 19136 19365 D UE      : Case APP_CMD_RESUME
08-04 21:44:59.715 19136 19136 D UE      : [GameActivity] === Restoring Transparent Bars ===
08-04 21:44:59.715 19136 19365 D UE      : LogAndroidEvents::EnqueueAppEvent : 7, [width=-1, height=-1], tid = 19365, APP_EVENT_STATE_ON_RESUME
08-04 21:44:59.715 19136 19136 D UE      : [GameActivity] ==============> [JAVA] AndroidThunkJava_KeepScreenOn(false) - Enabled screen saver
08-04 21:44:59.715 19136 19136 D UE      : [GameActivity] ==============> [JAVA] AndroidThunkJava_DisableScreenCapture(false) - Enabled screen captures
08-04 21:44:59.715 19136 19136 D UE      : App is running in Portrait
08-04 21:44:59.715 19136 19136 D UE      : AndroidPropagateAlpha =  0
08-04 21:44:59.715 19136 19136 D UE      : [GameActivity] === Restoring Transparent Bars ===
08-04 21:44:59.715 19136 19136 D UE      : [GameActivity] ==============> Resuming main init
08-04 21:44:59.726 19136 19364 D UE      : APK Commandline: ../../../macbeth_air_2/macbeth_air_2.uproject /Game/animation/air_setup -Messaging -SessionId=4C96DB944C0108EC351705B735FBF9EC -SessionOwner="ji_ho" -SessionName="Launch On Device"
08-04 21:44:59.726 19136 19364 D UE      : Using override commandline file: /storage/emulated/0/Android/data/com.YourCompany.macbeth_air_2/files/UnrealGame/macbeth_air_2/UECommandLine.txt
08-04 21:44:59.726 19136 19364 D UE      : Override Commandline: ../../../macbeth_air_2/macbeth_air_2.uproject /Game/animation/air_setup -Messaging -CrashForUAT -SessionId=4C96DB944C0108EC351705B735FBF9EC -SessionOwner="ji_ho" -SessionName="Launch On Device"
08-04 21:44:59.726 19136 19364 D UE      : Final commandline: ../../../macbeth_air_2/macbeth_air_2.uproject /Game/animation/air_setup -Messaging -CrashForUAT -SessionId=4C96DB944C0108EC351705B735FBF9EC -SessionOwner="ji_ho" -SessionName="Launch On Device"
08-04 21:44:59.726 19136 19364 D UE      : Created sync event
08-04 21:44:59.737 19136 19136 D UE      : [GameActivity] ==============> GameActive.onResume complete!
08-04 21:44:59.737 19136 19136 I MSHandlerLifeCycle: check: return. pkg=com.YourCompany.macbeth_air_2 parent=null callers=com.android.internal.policy.DecorView.setVisibility:4416 android.app.ActivityThread.handleResumeActivity:5476 android.app.servertransaction.ResumeActivityItem.execute:54 android.app.servertransaction.ActivityTransactionItem.execute:45 android.app.servertransaction.TransactionExecutor.executeLifecycleState:176 
08-04 21:44:59.737 19136 19136 I MSHandlerLifeCycle: removeMultiSplitHandler: no exist. decor=DecorView@efbe439[]
08-04 21:44:59.739 19136 19355 D NativeCustomFrequencyManager: [NativeCFMS] BpCustomFrequencyManager::BpCustomFrequencyManager()
08-04 21:44:59.739 19136 19136 I DecorView: onImmersiveModeChanged: isStatusBarHidden=true
08-04 21:44:59.739 19136 19136 I DecorView: notifyKeepScreenOnChanged: keepScreenOn=false
08-04 21:44:59.739 19136 19136 D InsetsSourceConsumer: setRequestedVisible: visible=false, type=23, host=com.YourCompany.macbeth_air_2/com.epicgames.unreal.GameActivity, from=android.view.InsetsSourceConsumer.hide:257 android.view.InsetsController.collectSourceControls:1310 android.view.InsetsController.controlAnimationUnchecked:1164 android.view.InsetsController.applyAnimation:1576 android.view.InsetsController.applyAnimation:1557 android.view.InsetsController.hide:1093 android.view.InsetsController.hide:1068 android.view.ViewRootImpl.controlInsetsForCompatibility:3339 android.view.ViewRootImpl.setView:1698 android.view.WindowManagerGlobal.addView:567 
08-04 21:44:59.740 19136 19136 D InsetsSourceConsumer: setRequestedVisible: visible=false, type=22, host=com.YourCompany.macbeth_air_2/com.epicgames.unreal.GameActivity, from=android.view.InsetsSourceConsumer.hide:257 android.view.InsetsController.collectSourceControls:1310 android.view.InsetsController.controlAnimationUnchecked:1164 android.view.InsetsController.applyAnimation:1576 android.view.InsetsController.applyAnimation:1557 android.view.InsetsController.hide:1093 android.view.InsetsController.hide:1068 android.view.ViewRootImpl.controlInsetsForCompatibility:3339 android.view.ViewRootImpl.setView:1698 android.view.WindowManagerGlobal.addView:567 
08-04 21:44:59.740 19136 19136 D InsetsSourceConsumer: setRequestedVisible: visible=false, type=21, host=com.YourCompany.macbeth_air_2/com.epicgames.unreal.GameActivity, from=android.view.InsetsSourceConsumer.hide:257 android.view.InsetsController.collectSourceControls:1310 android.view.InsetsController.controlAnimationUnchecked:1164 android.view.InsetsController.applyAnimation:1576 android.view.InsetsController.applyAnimation:1557 android.view.InsetsController.hide:1093 android.view.InsetsController.hide:1068 android.view.ViewRootImpl.controlInsetsForCompatibility:3339 android.view.ViewRootImpl.setView:1698 android.view.WindowManagerGlobal.addView:567 
08-04 21:44:59.740 19136 19136 D InsetsSourceConsumer: setRequestedVisible: visible=false, type=20, host=com.YourCompany.macbeth_air_2/com.epicgames.unreal.GameActivity, from=android.view.InsetsSourceConsumer.hide:257 android.view.InsetsController.collectSourceControls:1310 android.view.InsetsController.controlAnimationUnchecked:1164 android.view.InsetsController.applyAnimation:1576 android.view.InsetsController.applyAnimation:1557 android.view.InsetsController.hide:1093 android.view.InsetsController.hide:1068 android.view.ViewRootImpl.controlInsetsForCompatibility:3339 android.view.ViewRootImpl.setView:1698 android.view.WindowManagerGlobal.addView:567 
08-04 21:44:59.740 19136 19136 D InsetsSourceConsumer: setRequestedVisible: visible=false, type=1, host=com.YourCompany.macbeth_air_2/com.epicgames.unreal.GameActivity, from=android.view.InsetsSourceConsumer.hide:257 android.view.InsetsController.collectSourceControls:1310 android.view.InsetsController.controlAnimationUnchecked:1164 android.view.InsetsController.applyAnimation:1576 android.view.InsetsController.applyAnimation:1557 android.view.InsetsController.hide:1093 android.view.InsetsController.hide:1068 android.view.ViewRootImpl.controlInsetsForCompatibility:3339 android.view.ViewRootImpl.setView:1698 android.view.WindowManagerGlobal.addView:567 
08-04 21:44:59.740 19136 19136 D InsetsSourceConsumer: setRequestedVisible: visible=false, type=0, host=com.YourCompany.macbeth_air_2/com.epicgames.unreal.GameActivity, from=android.view.InsetsSourceConsumer.hide:257 android.view.InsetsController.collectSourceControls:1310 android.view.InsetsController.controlAnimationUnchecked:1164 android.view.InsetsController.applyAnimation:1576 android.view.InsetsController.applyAnimation:1557 android.view.InsetsController.hide:1093 android.view.InsetsController.hide:1068 android.view.ViewRootImpl.controlInsetsForCompatibility:3339 android.view.ViewRootImpl.setView:1698 android.view.WindowManagerGlobal.addView:567 
08-04 21:44:59.740  1471  6688 W WindowManager: Failed looking up window session=Session{deb4694 19136:u0a10497} callers=com.android.server.wm.WindowManagerService.windowForClientLocked:6611 com.android.server.wm.Session.updateRequestedVisibilities:744 android.view.IWindowSession$Stub.onTransact:1184 
08-04 21:44:59.741  1471  4384 D InputTransport: Input channel constructed: '6d0718 ', fd=1053
08-04 21:44:59.741  1471  4384 D InputTransport: Input channel constructed: '6d0718 ', fd=1058
08-04 21:44:59.741  1471  4384 D InputTransport: Input channel constructed: '6d0718 ', fd=1066
08-04 21:44:59.741  1331  2560 I SurfaceFlinger: id=24012 createSurf, flag=80004, 6d0718 com.YourCompany.macbeth_air_2/com.epicgames.unreal.GameActivity#24012
08-04 21:44:59.741  1471  4384 D RestrictionPolicy: isScreenCaptureEnabled : ret=true userId=0
08-04 21:44:59.742  1471  4384 D InputTransport: Input channel destroyed: '6d0718 ', fd=1066
08-04 21:44:59.742 19136 19136 D InsetsController: onStateChanged: InsetsState: {mDisplayFrame=Rect(0, 0 - 1080, 2400), mDisplayCutout=DisplayCutout{insets=Rect(0, 88 - 0, 0) waterfall=Insets{left=0, top=0, right=0, bottom=0} boundingRect={Bounds=[Rect(0, 0 - 0, 0), Rect(512, 0 - 568, 88), Rect(0, 0 - 0, 0), Rect(0, 0 - 0, 0)]} cutoutPathParserInfo={CutoutPathParserInfo{displayWidth=1080 displayHeight=2400 physicalDisplayWidth=1080 physicalDisplayHeight=2400 density={3.0} cutoutSpec={M 0,0 M 0,10.71963616907435 a 9.280363830925644,9.280363830925644 0 1,0 0,18.56072766185129 a 9.280363830925644,9.280363830925644 0 1,0 0,-18.56072766185129 Z @dp} rotation={0} scale={1.0} physicalPixelDisplaySizeRatio={1.0}}}}, mRoundedCorners=RoundedCorners{[RoundedCorner{position=TopLeft, radius=96, center=Point(96, 96)}, RoundedCorner{position=TopRight, radius=96, center=Point(984, 96)}, RoundedCorner{position=BottomRight, radius=96, center=Point(984, 2304)}, RoundedCorner{position=BottomLeft, radius=96, center=Point(96, 2304)}]}  mRoundedCornerFrame=Rect(0, 0 - 1080, 2400), mPrivacyIndicatorBounds=PrivacyIndicatorBounds {static bounds=Rect(948, 0 - 1080, 88) rotation=0}, mSources= { InsetsSource: {mType=ITYPE_STATUS_BAR, mFrame=[0,0][1080,88], mVisible=true, mInsetsRoundedCornerFrame=false}, InsetsSource: {mType=ITYPE_NAVIGATION_BAR, mFrame=[0,2256][1080,2400], mVisible=true, mInsetsRoundedCornerFrame=false}, InsetsSource: {mType=ITYPE_LEFT_GESTURES, mFrame=[0,0][0,2400], mVisible=true, mInsetsRoundedCornerFrame=false}, InsetsSource: {mType=ITYPE_RIGHT_GESTURES, mFrame=[1080,0][1080,2400], mVisible=true, mInsetsRoundedCornerFrame=false}, InsetsSource: {mType=ITYPE_TOP_MANDATORY_GESTURES, mFrame=[0,0][1080,124], mVisible=true, mInsetsRoundedCornerFrame=false}, InsetsSource: {mType=ITYPE_BOTTOM_MANDATORY_GESTURES, mFrame=[0,2256][1080,2400], mVisible=true, mInsetsRoundedCornerFrame=false}, InsetsSource: {mType=ITYPE_LEFT_DISPLAY_CUTOUT, mFrame=[0,0][-100000,2400], mVisible=true, mInsetsRoundedCornerFrame=false}, InsetsSource: {mType=ITYPE_TOP_DISPLAY_CUTOUT, mFrame=[0,0][1080,88], mVisible=true, mInsetsRoundedCornerFrame=false}, InsetsSource: {mType=ITYPE_RIGHT_DISPLAY_CUTOUT, mFrame=[100000,0][1080,2400], mVisible=true, mInsetsRoundedCornerFrame=false}, InsetsSource: {mType=ITYPE_BOTTOM_DISPLAY_CUTOUT, mFrame=[0,100000][1080,2400], mVisible=true, mInsetsRoundedCornerFrame=false}, InsetsSource: {mType=ITYPE_TOP_TAPPABLE_ELEMENT, mFrame=[0,0][1080,88], mVisible=true, mInsetsRoundedCornerFrame=false}, InsetsSource: {mType=ITYPE_BOTTOM_TAPPABLE_ELEMENT, mFrame=[0,2256][1080,2400], mVisible=true, mInsetsRoundedCornerFrame=false}, InsetsSource: {mType=ITYPE_IME, mFrame=[0,0][0,0], mVisible=false, mInsetsRoundedCornerFrame=false} } host=com.YourCompany.macbeth_air_2/com.epicgames.unreal.GameActivity from=android.view.ViewRootImpl.setView:1732
08-04 21:44:59.743  1471  6688 D CoreBackPreview: Window{6d0718 u0 com.YourCompany.macbeth_air_2/com.epicgames.unreal.GameActivity}: Setting back callback OnBackInvokedCallbackInfo{mCallback=android.window.IOnBackInvokedCallback$Stub$Proxy@4086f56, mPriority=0}
08-04 21:44:59.743 19136 19136 I ViewRootImpl@e93153e[GameActivity]: setView = com.android.internal.policy.DecorView@efbe439 TM=true
08-04 21:44:59.743  1471  3222 W SemWifiTransportLayerUtils: getApplicationCategory - IOException com.YourCompany.macbeth_air_2
08-04 21:44:59.744  1471  3222 W System.err: java.io.FileNotFoundException: https://play.google.com/store/apps/details?id=com.YourCompany.macbeth_air_2&hl=en
08-04 21:44:59.744  1471  3222 W System.err: 	at com.android.okhttp.internal.huc.HttpURLConnectionImpl.getInputStream(HttpURLConnectionImpl.java:255)
08-04 21:44:59.744  1471  3222 W System.err: 	at com.android.okhttp.internal.huc.DelegatingHttpsURLConnection.getInputStream(DelegatingHttpsURLConnection.java:211)
08-04 21:44:59.744  1471  3222 W System.err: 	at com.android.okhttp.internal.huc.HttpsURLConnectionImpl.getInputStream(HttpsURLConnectionImpl.java:30)
08-04 21:44:59.744  1471  3222 W System.err: 	at com.samsung.android.server.wifi.tcp.SemWifiTransportLayerUtils.getApplicationCategory(SemWifiTransportLayerUtils.java:104)
08-04 21:44:59.744  1471  3222 W System.err: 	at com.samsung.android.server.wifi.tcp.SemWifiTransportLayerMonitor$TcpMonitorHandler.handleMessage(SemWifiTransportLayerMonitor.java:244)
08-04 21:44:59.744  1471  3222 W System.err: 	at android.os.Handler.dispatchMessage(Handler.java:106)
08-04 21:44:59.744  1471  3222 W System.err: 	at android.os.Looper.loopOnce(Looper.java:226)
08-04 21:44:59.744  1471  3222 W System.err: 	at android.os.Looper.loop(Looper.java:313)
08-04 21:44:59.744  1471  3222 W System.err: 	at android.os.HandlerThread.run(HandlerThread.java:67)
08-04 21:44:59.744  1471  3222 D SemWifiTransportLayerMonitor.TcpMonitorHandler: MSG_SAVE_PACKAGE_INFO
08-04 21:44:59.744  1471  3222 D SemWifiTransportLayerFileManager: saveWifiPackageInfoToFile
08-04 21:44:59.744  1471  3222 D SemWifiTransportLayerFileManager: writeWifiPackageInfoList
08-04 21:44:59.744 19136 19136 I MSHandlerLifeCycle: check: return. Multi-window not supported pkg=com.YourCompany.macbeth_air_2
08-04 21:44:59.744 19136 19136 I MSHandlerLifeCycle: removeMultiSplitHandler: no exist. decor=DecorView@efbe439[GameActivity]
08-04 21:44:59.745 19136 19136 I DecorView: notifyKeepScreenOnChanged: keepScreenOn=false
08-04 21:44:59.749 19136 19136 I ViewRootImpl@2ad8af5[GameActivity]: performTraversals params={(0,0)(fillxfill) gr=CENTER sim={adjust=pan forwardNavigation} ty=APPLICATION fmt=TRANSLUCENT wanim=0x1030001
08-04 21:44:59.749 19136 19136 I ViewRootImpl@2ad8af5[GameActivity]:   fl=1810508
08-04 21:44:59.749 19136 19136 I ViewRootImpl@2ad8af5[GameActivity]:   pfl=12020040
08-04 21:44:59.749 19136 19136 I ViewRootImpl@2ad8af5[GameActivity]:   vsysui=f06
08-04 21:44:59.749 19136 19136 I ViewRootImpl@2ad8af5[GameActivity]:   bhv=SHOW_TRANSIENT_BARS_BY_SWIPE
08-04 21:44:59.749 19136 19136 I ViewRootImpl@2ad8af5[GameActivity]:   fitSides= naviIconColor=0
08-04 21:44:59.749 19136 19136 I ViewRootImpl@2ad8af5[GameActivity]:   sfl=100000}
08-04 21:44:59.749 19136 19136 I ViewRootImpl@2ad8af5[GameActivity]: performTraversals mFirst=true windowShouldResize=true viewVisibilityChanged=false mForceNextWindowRelayout=false params={(0,0)(fillxfill) gr=CENTER sim={adjust=pan forwardNavigation} ty=APPLICATION fmt=TRANSLUCENT wanim=0x1030001
08-04 21:44:59.749 19136 19136 I ViewRootImpl@2ad8af5[GameActivity]:   fl=1810508
08-04 21:44:59.749 19136 19136 I ViewRootImpl@2ad8af5[GameActivity]:   pfl=12020040
08-04 21:44:59.749 19136 19136 I ViewRootImpl@2ad8af5[GameActivity]:   vsysui=f06
08-04 21:44:59.749 19136 19136 I ViewRootImpl@2ad8af5[GameActivity]:   bhv=SHOW_TRANSIENT_BARS_BY_SWIPE
08-04 21:44:59.749 19136 19136 I ViewRootImpl@2ad8af5[GameActivity]:   fitSides= naviIconColor=0
08-04 21:44:59.749 19136 19136 I ViewRootImpl@2ad8af5[GameActivity]:   sfl=100000}
08-04 21:44:59.749  1471  6778 V WindowManager: Relayout Window{c75be83 u0 com.YourCompany.macbeth_air_2/com.epicgames.unreal.GameActivity}: viewVisibility=0 req=1080x2312 d0
08-04 21:44:59.750  1471  6778 D RestrictionPolicy: isScreenCaptureEnabled : ret=true userId=0
08-04 21:44:59.750  1331  2560 I SurfaceFlinger: id=24013 createSurf, flag=40004, com.YourCompany.macbeth_air_2/com.epicgames.unreal.GameActivity$_19136#24013
08-04 21:44:59.750  1471  6778 D WindowManager: makeSurface duration=0 name=com.YourCompany.macbeth_air_2/com.epicgames.unreal.GameActivity$_19136
08-04 21:44:59.751  1471  6778 V WindowManager: Relayout hash=c75be83, pid=19136, syncId=-1: mAttrs={(0,0)(fillxfill) gr=CENTER sim={adjust=pan forwardNavigation} ty=APPLICATION fmt=TRANSLUCENT wanim=0x1030001
08-04 21:44:59.751  1471  6778 V WindowManager:   fl=1810508
08-04 21:44:59.751  1471  6778 V WindowManager:   pfl=12020040
08-04 21:44:59.751  1471  6778 V WindowManager:   vsysui=f06
08-04 21:44:59.751  1471  6778 V WindowManager:   apr=LIGHT_NAVIGATION_BARS
08-04 21:44:59.751  1471  6778 V WindowManager:   bhv=SHOW_TRANSIENT_BARS_BY_SWIPE
08-04 21:44:59.751  1471  6778 V WindowManager:   fitSides= naviIconColor=0
08-04 21:44:59.751  1471  6778 V WindowManager:   sfl=100000}
08-04 21:44:59.753 19136 19136 I ViewRootImpl@2ad8af5[GameActivity]: updateBlastSurfaceIfNeeded mBlastBufferQueue=null isSameSurfaceControl=false
08-04 21:44:59.753 19136 19136 E BufferQueueProducer: Unable to open libpenguin.so: dlopen failed: library "libpenguin.so" not found.
08-04 21:44:59.754 19136 19136 I BLASTBufferQueue: new BLASTBufferQueue, mName= ViewRootImpl@2ad8af5[GameActivity] mNativeObject= 0x78c3dfd700 sc.mNativeObject= 0x78a93a01e0 caller= android.view.ViewRootImpl.updateBlastSurfaceIfNeeded:2909 android.view.ViewRootImpl.relayoutWindow:9847 android.view.ViewRootImpl.performTraversals:3884 android.view.ViewRootImpl.doTraversal:3116 android.view.ViewRootImpl$TraversalRunnable.run:10885 android.view.Choreographer$CallbackRecord.run:1301 android.view.Choreographer$CallbackRecord.run:1309 android.view.Choreographer.doCallbacks:923 android.view.Choreographer.doFrame:852 android.view.Choreographer$FrameDisplayEventReceiver.run:1283 
08-04 21:44:59.754 19136 19136 I BLASTBufferQueue: update, w= 1080 h= 2312 mName = ViewRootImpl@2ad8af5[GameActivity] mNativeObject= 0x78c3dfd700 sc.mNativeObject= 0x78a93a01e0 format= -3 caller= android.graphics.BLASTBufferQueue.<init>:84 android.view.ViewRootImpl.updateBlastSurfaceIfNeeded:2909 android.view.ViewRootImpl.relayoutWindow:9847 android.view.ViewRootImpl.performTraversals:3884 android.view.ViewRootImpl.doTraversal:3116 android.view.ViewRootImpl$TraversalRunnable.run:10885 
08-04 21:44:59.754 19136 19136 I ViewRootImpl@2ad8af5[GameActivity]: Relayout returned: old=(0,88,1080,2400) new=(0,88,1080,2400) req=(1080,2312)0 dur=4 res=0x3 s={true 0x78a9261000} ch=true seqId=0
08-04 21:44:59.754  1331  1919 W ServiceManager: Permission failure: android.permission.ACCESS_SURFACE_FLINGER from uid=10497 pid=0
08-04 21:44:59.754  1331  1919 D PermissionCache: checking android.permission.ACCESS_SURFACE_FLINGER for uid=10497 => denied (360 us)
08-04 21:44:59.755  1331  2560 W ServiceManager: Permission failure: android.permission.ACCESS_SURFACE_FLINGER from uid=10497 pid=19136
08-04 21:44:59.755  1331  2560 D PermissionCache: checking android.permission.ACCESS_SURFACE_FLINGER for uid=10497 => denied (325 us)
08-04 21:44:59.755  1331  1919 W ServiceManager: Permission failure: android.permission.ROTATE_SURFACE_FLINGER from uid=10497 pid=0
08-04 21:44:59.755  1331  1919 D PermissionCache: checking android.permission.ROTATE_SURFACE_FLINGER for uid=10497 => denied (331 us)
08-04 21:44:59.755  1331  2560 W ServiceManager: Permission failure: android.permission.ROTATE_SURFACE_FLINGER from uid=10497 pid=19136
08-04 21:44:59.755  1331  2560 D PermissionCache: checking android.permission.ROTATE_SURFACE_FLINGER for uid=10497 => denied (234 us)
08-04 21:44:59.755  1331  1919 W ServiceManager: Permission failure: android.permission.INTERNAL_SYSTEM_WINDOW from uid=10497 pid=0
08-04 21:44:59.755  1331  1919 D PermissionCache: checking android.permission.INTERNAL_SYSTEM_WINDOW for uid=10497 => denied (187 us)
08-04 21:44:59.755  1331  2560 W ServiceManager: Permission failure: android.permission.INTERNAL_SYSTEM_WINDOW from uid=10497 pid=19136
08-04 21:44:59.755  1331  2560 D PermissionCache: checking android.permission.INTERNAL_SYSTEM_WINDOW for uid=10497 => denied (279 us)
08-04 21:44:59.756 19136 19136 I ViewRootImpl@2ad8af5[GameActivity]: mThreadedRenderer.initialize() mSurface={isValid=true 0x78a9261000} hwInitialized=true
08-04 21:44:59.757 19136 19136 I ViewRootImpl@2ad8af5[GameActivity]: reportNextDraw android.view.ViewRootImpl.performTraversals:4438 android.view.ViewRootImpl.doTraversal:3116 android.view.ViewRootImpl$TraversalRunnable.run:10885 android.view.Choreographer$CallbackRecord.run:1301 android.view.Choreographer$CallbackRecord.run:1309 
08-04 21:44:59.757  1232  2078 D SensorsFlicker: Als_common::readEvents, enabled : 1, data : -1.000000, 0.000000, 0.000000, 0.000000, 0.000000, 50000.000000, 64000.000000
08-04 21:44:59.757 19136 19136 I ViewRootImpl@2ad8af5[GameActivity]: Setup new sync id=0
08-04 21:44:59.757 19136 19136 I ViewRootImpl@2ad8af5[GameActivity]: Setting syncFrameCallback
08-04 21:44:59.757 19136 19136 I ViewRootImpl@2ad8af5[GameActivity]: registerCallbacksForSync syncBuffer=false
08-04 21:44:59.760  1246  1364 I SDM     : HWCDisplay::GetColorModeCount: Supported color mode count = 3
08-04 21:44:59.761  1246  1364 I SDM     : HWCDisplay::GetColorModes: Color mode = 0 is supported
08-04 21:44:59.761  1246  1364 I SDM     : HWCDisplay::GetColorModes: Color mode = 7 is supported
08-04 21:44:59.761  1246  1364 I SDM     : HWCDisplay::GetColorModes: Color mode = 9 is supported
08-04 21:44:59.764 19136 19355 D OpenGLRenderer: eglCreateWindowSurface
08-04 21:44:59.765  1471  3631 V MdnieScenarioControlService: mAclOffEnabled : false mAclPreviewState : false mAclCompensationState : false
08-04 21:44:59.765 19136 19368 I ViewRootImpl@2ad8af5[GameActivity]: Received frameDrawingCallback syncResult=0 frameNum=1.
08-04 21:44:59.765 19136 19368 I ViewRootImpl@2ad8af5[GameActivity]: Setting up sync and frameCommitCallback
08-04 21:44:59.769   628  1827 I servicemanager: Could not find android.hardware.graphics.allocator.IAllocator/default in the VINTF manifest.
08-04 21:44:59.790 19136 19355 I BLASTBufferQueue: [ViewRootImpl@2ad8af5[GameActivity]#0](f:0,a:0) onFrameAvailable the first frame is available
08-04 21:44:59.790 19136 19355 I ViewRootImpl@2ad8af5[GameActivity]: Received frameCommittedCallback lastAttemptedDrawFrameNum=1 didProduceBuffer=true
08-04 21:44:59.790  1471  6778 D Native_CFMS: CFMS Add Task Tid(19355)
08-04 21:44:59.791  1471  6778 D Native_CFMS: CFMS Add Task Tid(19368)
08-04 21:44:59.791  1471  6778 D Native_CFMS: CFMS Add Task Tid(19369)
08-04 21:44:59.791 19136 19355 D OpenGLRenderer: CFMS:: SetUp Pid : 19136    Tid : 19355
08-04 21:44:59.792 19136 19355 W Parcel  : Expecting binder but got null!
08-04 21:44:59.792 19136 19136 I ViewRootImpl@2ad8af5[GameActivity]: onSyncComplete
08-04 21:44:59.793 19136 19136 I ViewRootImpl@2ad8af5[GameActivity]: setupSync seqId=0 mSyncId=0 fn=1 caller=android.view.ViewRootImpl$$ExternalSyntheticLambda11.accept:6 android.window.SurfaceSyncer.lambda$setupSync$1$android-window-SurfaceSyncer:128 android.window.SurfaceSyncer$$ExternalSyntheticLambda1.accept:8 android.window.SurfaceSyncer$SyncSet.checkIfSyncIsComplete:382 android.window.SurfaceSyncer$SyncSet.markSyncReady:359 android.window.SurfaceSyncer.markSyncReady:151 android.view.ViewRootImpl.performTraversals:4503 
08-04 21:44:59.793 19136 19136 I SurfaceView@100f4a8: onWindowVisibilityChanged(0) true android.view.SurfaceView{100f4a8 V.E...... ......I. 0,0-0,0} of ViewRootImpl@e93153e[GameActivity]
08-04 21:44:59.793 19136 19136 D SurfaceView@100f4a8: updateSurface: has no frame
08-04 21:44:59.795 19136 19136 I DecorView: notifyKeepScreenOnChanged: keepScreenOn=false
08-04 21:44:59.796 19136 19136 I ViewRootImpl@e93153e[GameActivity]: performTraversals params={(0,0)(fillxfill) sim={adjust=resize} ty=BASE_APPLICATION fmt=RGBA_8888 wanim=0x1030001 sysuil=true
08-04 21:44:59.796 19136 19136 I ViewRootImpl@e93153e[GameActivity]:   fl=1810500
08-04 21:44:59.796 19136 19136 I ViewRootImpl@e93153e[GameActivity]:   pfl=12020040
08-04 21:44:59.796 19136 19136 I ViewRootImpl@e93153e[GameActivity]:   vsysui=1706
08-04 21:44:59.796 19136 19136 I ViewRootImpl@e93153e[GameActivity]:   bhv=SHOW_TRANSIENT_BARS_BY_SWIPE
08-04 21:44:59.796 19136 19136 I ViewRootImpl@e93153e[GameActivity]:   fitSides= naviIconColor=0
08-04 21:44:59.796 19136 19136 I ViewRootImpl@e93153e[GameActivity]:   sfl=100000}
08-04 21:44:59.796 19136 19136 I ViewRootImpl@e93153e[GameActivity]: performTraversals mFirst=true windowShouldResize=true viewVisibilityChanged=false mForceNextWindowRelayout=false params={(0,0)(fillxfill) sim={adjust=resize} ty=BASE_APPLICATION fmt=RGBA_8888 wanim=0x1030001 sysuil=true
08-04 21:44:59.796 19136 19136 I ViewRootImpl@e93153e[GameActivity]:   fl=1810500
08-04 21:44:59.796 19136 19136 I ViewRootImpl@e93153e[GameActivity]:   pfl=12020040
08-04 21:44:59.796 19136 19136 I ViewRootImpl@e93153e[GameActivity]:   vsysui=1706
08-04 21:44:59.796 19136 19136 I ViewRootImpl@e93153e[GameActivity]:   bhv=SHOW_TRANSIENT_BARS_BY_SWIPE
08-04 21:44:59.796 19136 19136 I ViewRootImpl@e93153e[GameActivity]:   fitSides= naviIconColor=0
08-04 21:44:59.796 19136 19136 I ViewRootImpl@e93153e[GameActivity]:   sfl=100000}
08-04 21:44:59.797  1471  6778 V WindowManager: Relayout Window{6d0718 u0 com.YourCompany.macbeth_air_2/com.epicgames.unreal.GameActivity}: viewVisibility=0 req=1080x2312 d0
08-04 21:44:59.797  1471  6778 D RestrictionPolicy: isScreenCaptureEnabled : ret=true userId=0
08-04 21:44:59.797  1331  1919 I SurfaceFlinger: id=24014 createSurf, flag=40004, com.YourCompany.macbeth_air_2/com.epicgames.unreal.GameActivity$_19136#24014
08-04 21:44:59.797  1471  6778 D WindowManager: makeSurface duration=0 name=com.YourCompany.macbeth_air_2/com.epicgames.unreal.GameActivity$_19136
08-04 21:44:59.799  4192  4192 E adbd    : failed to connect to socket 'tcp:6666': Connection refused
